../source/main.c:141:6:timerOutsCallback	16	static
../source/main.c:147:6:timerSWCallback	16	static
../source/main.c:157:6:timerDisplayCallback	16	static
../source/main.c:163:6:timerDisplayMSGCallback	16	static
../source/main.c:177:6:timerDoubleCallback	16	static
../source/main.c:183:6:timerErrorCallback	16	static
../source/main.c:189:6:timerUnlockCallback	16	static
../source/main.c:195:6:timerEventMessageCallback	16	static
../source/main.c:201:6:timerEventMatrixCallback	16	static
../source/main.c:206:6:timerIDOKCallback	16	static
../source/main.c:226:13:TaskMatrix	32	static
../source/main.c:291:13:TaskStart	64	static
../source/main.c:454:5:main	56	static
../source/main.c:517:6:App_Init	24	static
../source/main.c:550:6:App_Run	16	static
../source/main.c:602:6:init_users	248	static
../source/main.c:714:6:update_queue	8	static
../source/main.c:764:6:save_card_data	16	static
../source/main.c:790:6:clean_msg_half	16	static
../source/main.c:799:6:clean_encoder	24	static
../source/main.c:811:6:show_display	96	static
../source/main.c:871:6:login_menu	112	static
../source/main.c:1357:6:admin_menu	72	static
../source/main.c:1677:6:main_menu	64	static
../source/main.c:1849:6:delete_menu	80	static
../source/main.c:1967:6:correct_users	40	static
../source/main.c:1996:6:error_menu	80	static
../source/main.c:2033:6:unlock_menu	24	static
../source/main.c:2040:6:init_menu	24	static
../source/main.c:2061:6:event_double_tap	8	static
../source/main.c:2069:6:event_error	8	static
../source/main.c:2100:6:event_unlock	8	static
../source/main.c:2119:6:event_msg	4	static
../source/main.c:2125:6:floor_init	24	static
../source/main.c:2149:6:event_matrix_toggle	8	static
