../source/old main.c:124:6:timerOutsCallback	16	static
../source/old main.c:130:6:timerSWCallback	16	static
../source/old main.c:140:6:timerDisplayCallback	16	static
../source/old main.c:146:6:timerDisplayMSGCallback	16	static
../source/old main.c:158:6:timerDoubleCallback	16	static
../source/old main.c:164:6:timerErrorCallback	16	static
../source/old main.c:170:6:timerUnlockCallback	16	static
../source/old main.c:176:6:timerEventMessageCallback	16	static
../source/old main.c:208:13:TaskGateway	32	static
../source/old main.c:235:13:TaskStart	64	static
../source/old main.c:382:5:main	56	static
../source/old main.c:443:6:App_Init	24	static
../source/old main.c:476:6:App_Run	16	static
../source/old main.c:528:6:init_users	216	static
../source/old main.c:630:6:update_queue	8	static
../source/old main.c:680:6:save_card_data	16	static
../source/old main.c:701:6:clean_msg_half	16	static
../source/old main.c:710:6:clean_encoder	24	static
../source/old main.c:722:6:show_display	96	static
../source/old main.c:782:6:login_menu	104	static
../source/old main.c:1216:6:admin_menu	72	static
../source/old main.c:1512:6:main_menu	96	static
../source/old main.c:1722:6:delete_menu	64	static
../source/old main.c:1821:6:correct_users	40	static
../source/old main.c:1850:6:error_menu	80	static
../source/old main.c:1887:6:unlock_menu	24	static
../source/old main.c:1894:6:init_menu	24	static
../source/old main.c:1915:6:event_double_tap	8	static
../source/old main.c:1923:6:event_error	4	static
../source/old main.c:1950:6:event_unlock	4	static
../source/old main.c:1965:6:event_msg	4	static
../source/old main.c:1970:6:floor_init	16	static
