Archive member included to satisfy reference by file (symbol)

C:/nxp/MCUXpressoIDE_11.10.0_3148/ide/plugins/com.nxp.mcuxpresso.tools.win32_11.10.0.202311280810/tools/bin/../lib/gcc/arm-none-eabi/13.2.1/thumb/v7e-m+fp/hard\libcr_eabihelpers.a(division_64.o)
                              ./source/rtos/uCOSIII/BSP/cpu_bsp.o (__aeabi_uldivmod)
C:/nxp/MCUXpressoIDE_11.10.0_3148/ide/plugins/com.nxp.mcuxpresso.tools.win32_11.10.0.202311280810/tools/bin/../lib/gcc/arm-none-eabi/13.2.1/thumb/v7e-m+fp/hard\libcr_eabihelpers.a(division_idiv0.o)
                              C:/nxp/MCUXpressoIDE_11.10.0_3148/ide/plugins/com.nxp.mcuxpresso.tools.win32_11.10.0.202311280810/tools/bin/../lib/gcc/arm-none-eabi/13.2.1/thumb/v7e-m+fp/hard\libcr_eabihelpers.a(division_64.o) (__aeabi_idiv0)

Discarded input sections

 .group         0x00000000        0xc ./source/rtos/uCOSIII/src/uCOS-III/Source/os_cfg_app.o
 .group         0x00000000        0xc ./source/rtos/uCOSIII/src/uCOS-III/Source/os_cfg_app.o
 .group         0x00000000        0xc ./source/rtos/uCOSIII/src/uCOS-III/Source/os_cfg_app.o
 .group         0x00000000        0xc ./source/rtos/uCOSIII/src/uCOS-III/Source/os_cfg_app.o
 .group         0x00000000        0xc ./source/rtos/uCOSIII/src/uCOS-III/Source/os_cfg_app.o
 .group         0x00000000        0xc ./source/rtos/uCOSIII/src/uCOS-III/Source/os_cfg_app.o
 .group         0x00000000        0xc ./source/rtos/uCOSIII/src/uCOS-III/Source/os_cfg_app.o
 .group         0x00000000        0xc ./source/rtos/uCOSIII/src/uCOS-III/Source/os_cfg_app.o
 .group         0x00000000        0xc ./source/rtos/uCOSIII/src/uCOS-III/Source/os_cfg_app.o
 .group         0x00000000        0xc ./source/rtos/uCOSIII/src/uCOS-III/Source/os_cfg_app.o
 .group         0x00000000        0xc ./source/rtos/uCOSIII/src/uCOS-III/Source/os_cfg_app.o
 .group         0x00000000        0xc ./source/rtos/uCOSIII/src/uCOS-III/Source/os_cfg_app.o
 .text          0x00000000        0x0 ./source/rtos/uCOSIII/src/uCOS-III/Source/os_cfg_app.o
 .data          0x00000000        0x0 ./source/rtos/uCOSIII/src/uCOS-III/Source/os_cfg_app.o
 .bss           0x00000000        0x0 ./source/rtos/uCOSIII/src/uCOS-III/Source/os_cfg_app.o
 .rodata.OSCfg_IdleTaskStkSizeRAM
                0x00000000        0x4 ./source/rtos/uCOSIII/src/uCOS-III/Source/os_cfg_app.o
 .rodata.OSCfg_IntQBasePtr
                0x00000000        0x4 ./source/rtos/uCOSIII/src/uCOS-III/Source/os_cfg_app.o
 .rodata.OSCfg_IntQSize
                0x00000000        0x2 ./source/rtos/uCOSIII/src/uCOS-III/Source/os_cfg_app.o
 .rodata.OSCfg_IntQSizeRAM
                0x00000000        0x4 ./source/rtos/uCOSIII/src/uCOS-III/Source/os_cfg_app.o
 .rodata.OSCfg_IntQTaskStkBasePtr
                0x00000000        0x4 ./source/rtos/uCOSIII/src/uCOS-III/Source/os_cfg_app.o
 .rodata.OSCfg_IntQTaskStkLimit
                0x00000000        0x4 ./source/rtos/uCOSIII/src/uCOS-III/Source/os_cfg_app.o
 .rodata.OSCfg_IntQTaskStkSize
                0x00000000        0x4 ./source/rtos/uCOSIII/src/uCOS-III/Source/os_cfg_app.o
 .rodata.OSCfg_IntQTaskStkSizeRAM
                0x00000000        0x4 ./source/rtos/uCOSIII/src/uCOS-III/Source/os_cfg_app.o
 .rodata.OSCfg_ISRStkSizeRAM
                0x00000000        0x4 ./source/rtos/uCOSIII/src/uCOS-III/Source/os_cfg_app.o
 .rodata.OSCfg_MsgPoolSizeRAM
                0x00000000        0x4 ./source/rtos/uCOSIII/src/uCOS-III/Source/os_cfg_app.o
 .rodata.OSCfg_StatTaskStkSizeRAM
                0x00000000        0x4 ./source/rtos/uCOSIII/src/uCOS-III/Source/os_cfg_app.o
 .rodata.OSCfg_TickTaskStkSizeRAM
                0x00000000        0x4 ./source/rtos/uCOSIII/src/uCOS-III/Source/os_cfg_app.o
 .rodata.OSCfg_TmrTaskStkSizeRAM
                0x00000000        0x4 ./source/rtos/uCOSIII/src/uCOS-III/Source/os_cfg_app.o
 .rodata.OSCfg_DataSizeRAM
                0x00000000        0x4 ./source/rtos/uCOSIII/src/uCOS-III/Source/os_cfg_app.o
 .group         0x00000000        0xc ./source/rtos/uCOSIII/src/uCOS-III/Source/os_core.o
 .group         0x00000000        0xc ./source/rtos/uCOSIII/src/uCOS-III/Source/os_core.o
 .group         0x00000000        0xc ./source/rtos/uCOSIII/src/uCOS-III/Source/os_core.o
 .group         0x00000000        0xc ./source/rtos/uCOSIII/src/uCOS-III/Source/os_core.o
 .group         0x00000000        0xc ./source/rtos/uCOSIII/src/uCOS-III/Source/os_core.o
 .group         0x00000000        0xc ./source/rtos/uCOSIII/src/uCOS-III/Source/os_core.o
 .group         0x00000000        0xc ./source/rtos/uCOSIII/src/uCOS-III/Source/os_core.o
 .group         0x00000000        0xc ./source/rtos/uCOSIII/src/uCOS-III/Source/os_core.o
 .group         0x00000000        0xc ./source/rtos/uCOSIII/src/uCOS-III/Source/os_core.o
 .group         0x00000000        0xc ./source/rtos/uCOSIII/src/uCOS-III/Source/os_core.o
 .group         0x00000000        0xc ./source/rtos/uCOSIII/src/uCOS-III/Source/os_core.o
[...]
Memory Configuration

Name             Origin             Length             Attributes
PROGRAM_FLASH    0x00000000         0x00100000         xr
SRAM_UPPER       0x20000000         0x00030000         xrw
SRAM_LOWER       0x1fff0000         0x00010000         xrw
FLEX_RAM         0x14000000         0x00001000         xrw
*default*        0x00000000         0xffffffff

Linker script and memory map

LOAD ./source/rtos/uCOSIII/src/uCOS-III/Source/os_cfg_app.o
LOAD ./source/rtos/uCOSIII/src/uCOS-III/Source/os_core.o
LOAD ./source/rtos/uCOSIII/src/uCOS-III/Source/os_dbg.o
LOAD ./source/rtos/uCOSIII/src/uCOS-III/Source/os_flag.o
LOAD ./source/rtos/uCOSIII/src/uCOS-III/Source/os_int.o
LOAD ./source/rtos/uCOSIII/src/uCOS-III/Source/os_mem.o
LOAD ./source/rtos/uCOSIII/src/uCOS-III/Source/os_msg.o
LOAD ./source/rtos/uCOSIII/src/uCOS-III/Source/os_mutex.o
LOAD ./source/rtos/uCOSIII/src/uCOS-III/Source/os_pend_multi.o
LOAD ./source/rtos/uCOSIII/src/uCOS-III/Source/os_prio.o
LOAD ./source/rtos/uCOSIII/src/uCOS-III/Source/os_q.o
LOAD ./source/rtos/uCOSIII/src/uCOS-III/Source/os_sem.o
LOAD ./source/rtos/uCOSIII/src/uCOS-III/Source/os_stat.o
LOAD ./source/rtos/uCOSIII/src/uCOS-III/Source/os_task.o
LOAD ./source/rtos/uCOSIII/src/uCOS-III/Source/os_tick.o
LOAD ./source/rtos/uCOSIII/src/uCOS-III/Source/os_time.o
LOAD ./source/rtos/uCOSIII/src/uCOS-III/Source/os_tmr.o
LOAD ./source/rtos/uCOSIII/src/uCOS-III/Source/os_var.o
LOAD ./source/rtos/uCOSIII/src/uCOS-III/Ports/ARM-Cortex-M4/Generic/GNU/os_cpu_a.o
LOAD ./source/rtos/uCOSIII/src/uCOS-III/Ports/ARM-Cortex-M4/Generic/GNU/os_cpu_c.o
LOAD ./source/rtos/uCOSIII/src/uC-CPU/ARM-Cortex-M4/GNU/cpu_a.o
LOAD ./source/rtos/uCOSIII/src/uC-CPU/ARM-Cortex-M4/GNU/cpu_c.o
LOAD ./source/rtos/uCOSIII/src/uC-CPU/cpu_core.o
LOAD ./source/rtos/uCOSIII/BSP/cpu_bsp.o
LOAD ./source/drivers/CRead.o
LOAD ./source/drivers/display_7s.o
LOAD ./source/drivers/encoder.o
LOAD ./source/drivers/fifo.o
LOAD ./source/drivers/gateway.o
LOAD ./source/drivers/gpio.o
LOAD ./source/drivers/uart.o
LOAD ./source/main.o
LOAD ./SDK/startup/hardware.o
LOAD ./SDK/startup/semihost_hardfault.o
LOAD ./SDK/startup/startup_mk64f12.o
LOAD ./SDK/CMSIS/system_MK64F12.o
START GROUP
LOAD C:/nxp/MCUXpressoIDE_11.10.0_3148/ide/plugins/com.nxp.mcuxpresso.tools.win32_11.10.0.202311280810/tools/bin/../lib/gcc/arm-none-eabi/13.2.1/../../../../arm-none-eabi/lib/thumb/v7e-m+fp/hard\libcr_c.a
LOAD C:/nxp/MCUXpressoIDE_11.10.0_3148/ide/plugins/com.nxp.mcuxpresso.tools.win32_11.10.0.202311280810/tools/bin/../lib/gcc/arm-none-eabi/13.2.1/thumb/v7e-m+fp/hard\libcr_eabihelpers.a
LOAD C:/nxp/MCUXpressoIDE_11.10.0_3148/ide/plugins/com.nxp.mcuxpresso.tools.win32_11.10.0.202311280810/tools/bin/../lib/gcc/arm-none-eabi/13.2.1/thumb/v7e-m+fp/hard\libgcc.a
END GROUP
                0x00000000                        __base_PROGRAM_FLASH = 0x0
                0x00000000                        __base_Flash = 0x0
                0x00100000                        __top_PROGRAM_FLASH = 0x100000
                0x00100000                        __top_Flash = 0x100000
                0x20000000                        __base_SRAM_UPPER = 0x20000000
                0x20000000                        __base_RAM = 0x20000000
                0x20030000                        __top_SRAM_UPPER = 0x20030000
                0x20030000                        __top_RAM = 0x20030000
                0x1fff0000                        __base_SRAM_LOWER = 0x1fff0000
                0x1fff0000                        __base_RAM2 = 0x1fff0000
                0x20000000                        __top_SRAM_LOWER = 0x20000000
                0x20000000                        __top_RAM2 = 0x20000000
                0x14000000                        __base_FLEX_RAM = 0x14000000
                0x14000000                        __base_RAM3 = 0x14000000
                0x14001000                        __top_FLEX_RAM = 0x14001000
                0x14001000                        __top_RAM3 = 0x14001000

.text           0x00000000     0xa798
 FILL mask 0xff
                0x00000000                        __vectors_start__ = ABSOLUTE (.)
 *(SORT_BY_ALIGNMENT(.isr_vector))
 .isr_vector    0x00000000      0x198 ./SDK/startup/startup_mk64f12.o
                0x00000000                g_pfnVectors
                0x00000000                __Vectors
                0x00000198                        . = ALIGN (0x4)
                0x00000198                        __section_table_start = .
                0x00000198                        __data_section_table = .
                0x00000198        0x4 LONG 0xa798 LOADADDR (.data)
                0x0000019c        0x4 LONG 0x20000000 ADDR (.data)
                0x000001a0        0x4 LONG 0x40 SIZEOF (.data)
                0x000001a4        0x4 LONG 0xa798 LOADADDR (.data_RAM2)
                0x000001a8        0x4 LONG 0x1fff0000 ADDR (.data_RAM2)
                0x000001ac        0x4 LONG 0x0 SIZEOF (.data_RAM2)
                0x000001b0        0x4 LONG 0xa798 LOADADDR (.data_RAM3)
                0x000001b4        0x4 LONG 0x14000000 ADDR (.data_RAM3)
                0x000001b8        0x4 LONG 0x0 SIZEOF (.data_RAM3)
                0x000001bc                        __data_section_table_end = .
                0x000001bc                        __bss_section_table = .
                0x000001bc        0x4 LONG 0x20000040 ADDR (.bss)
                0x000001c0        0x4 LONG 0x3790 SIZEOF (.bss)
                0x000001c4        0x4 LONG 0x1fff0000 ADDR (.bss_RAM2)
                0x000001c8        0x4 LONG 0x0 SIZEOF (.bss_RAM2)
                0x000001cc        0x4 LONG 0x14000000 ADDR (.bss_RAM3)
                0x000001d0        0x4 LONG 0x0 SIZEOF (.bss_RAM3)
                0x000001d4                        __bss_section_table_end = .
                0x000001d4                        __section_table_end = .
 *(SORT_BY_ALIGNMENT(.after_vectors*))
 .after_vectors.reset
                0x000001d4       0x4c ./SDK/startup/startup_mk64f12.o
                0x000001d4                ResetISR
 .after_vectors.init_data
                0x00000220       0x1c ./SDK/startup/startup_mk64f12.o
                0x00000220                data_init
 .after_vectors.init_bss
                0x0000023c       0x12 ./SDK/startup/startup_mk64f12.o
                0x0000023c                bss_init
 .after_vectors
                0x0000024e       0x14 ./SDK/startup/startup_mk64f12.o
                0x0000024e                NMI_Handler
                0x00000252                MemManage_Handler
                0x00000254                BusFault_Handler
                0x00000256                UsageFault_Handler
                0x00000258                SVC_Handler
                0x0000025a                DebugMon_Handler
                0x00000260                DMA_Error_DriverIRQHandler
                0x00000260                LPTMR0_DriverIRQHandler
                0x00000260                FTM1_DriverIRQHandler
                0x00000260                FTM2_DriverIRQHandler
                0x00000260                PIT2_DriverIRQHandler
                0x00000260                SDHC_DriverIRQHandler
                0x00000260                I2S0_Tx_DriverIRQHandler
                0x00000260                RTC_Seconds_DriverIRQHandler
                0x00000260                DMA6_DriverIRQHandler
                0x00000260                LLWU_DriverIRQHandler
                0x00000260                MCM_DriverIRQHandler
                0x00000260                MCG_DriverIRQHandler
                0x00000260                ENET_1588_Timer_DriverIRQHandler
                0x00000260                I2C2_DriverIRQHandler
                0x00000260                DAC1_DriverIRQHandler
                0x00000260                SPI1_DriverIRQHandler
                0x00000260                CMP1_DriverIRQHandler
                0x00000260                UART5_RX_TX_DriverIRQHandler
                0x00000260                FTM0_DriverIRQHandler
                0x00000260                IntDefaultHandler
                0x00000260                USB0_DriverIRQHandler
                0x00000260                UART5_ERR_DriverIRQHandler
                0x00000260                PORTC_DriverIRQHandler
                0x00000260                DMA11_DriverIRQHandler
                0x00000260                DAC0_DriverIRQHandler
                0x00000260                DMA10_DriverIRQHandler
                0x00000260                CMP2_DriverIRQHandler
                0x00000260                UART2_ERR_DriverIRQHandler
                0x00000260                SPI2_DriverIRQHandler
                0x00000260                LVD_LVW_DriverIRQHandler
                0x00000260                PIT0_DriverIRQHandler
                0x00000260                RNG_DriverIRQHandler
                0x00000260                DMA5_DriverIRQHandler
                0x00000260                DMA12_DriverIRQHandler
                0x00000260                UART2_RX_TX_DriverIRQHandler
                0x00000260                USBDCD_DriverIRQHandler
                0x00000260                UART3_ERR_DriverIRQHandler
                0x00000260                DMA3_DriverIRQHandler
                0x00000260                DMA8_DriverIRQHandler
                0x00000260                DMA9_DriverIRQHandler
                0x00000260                UART0_ERR_DriverIRQHandler
                0x00000260                CMT_DriverIRQHandler
                0x00000260                Reserved71_DriverIRQHandler
                0x00000260                ADC1_DriverIRQHandler
                0x00000260                PORTA_DriverIRQHandler
                0x00000260                DMA14_DriverIRQHandler
                0x00000260                PIT3_DriverIRQHandler
                0x00000260                PIT1_DriverIRQHandler
                0x00000260                WDOG_EWM_DriverIRQHandler
                0x00000260                PDB0_DriverIRQHandler
                0x00000260                RTC_DriverIRQHandler
                0x00000260                I2S0_Rx_DriverIRQHandler
                0x00000260                Read_Collision_DriverIRQHandler
                0x00000260                SWI_DriverIRQHandler
                0x00000260                UART4_RX_TX_DriverIRQHandler
                0x00000260                UART4_ERR_DriverIRQHandler
                0x00000260                PORTB_DriverIRQHandler
                0x00000260                UART0_LON_DriverIRQHandler
                0x00000260                DMA0_DriverIRQHandler
                0x00000260                DMA1_DriverIRQHandler
                0x00000260                I2C1_DriverIRQHandler
                0x00000260                UART3_RX_TX_DriverIRQHandler
                0x00000260                ENET_Receive_DriverIRQHandler
                0x00000260                DMA13_DriverIRQHandler
                0x00000260                ENET_Error_DriverIRQHandler
                0x00000260                DMA15_DriverIRQHandler
                0x00000260                UART0_RX_TX_DriverIRQHandler
                0x00000260                SPI0_DriverIRQHandler
                0x00000260                ADC0_DriverIRQHandler
                0x00000260                CMP0_DriverIRQHandler
                0x00000260                CAN0_DriverIRQHandler
                0x00000260                FTM3_DriverIRQHandler
                0x00000260                DMA4_DriverIRQHandler
                0x00000260                UART1_ERR_DriverIRQHandler
                0x00000260                DMA2_DriverIRQHandler
                0x00000260                ENET_Transmit_DriverIRQHandler
                0x00000260                PORTD_DriverIRQHandler
                0x00000260                PORTE_DriverIRQHandler
                0x00000260                FTFE_DriverIRQHandler
                0x00000260                I2C0_DriverIRQHandler
                0x00000260                DMA7_DriverIRQHandler
                0x00000260                UART1_RX_TX_DriverIRQHandler
                0x00000400                        . = 0x400
 *fill*         0x00000262      0x19e ff
                0x00000400                        PROVIDE (__FLASH_CONFIG_START__ = .)
 *(SORT_BY_ALIGNMENT(.FlashConfig))
 .FlashConfig   0x00000400       0x10 ./SDK/startup/startup_mk64f12.o
                0x00000400                Flash_Config
                0x00000410                        PROVIDE (__FLASH_CONFIG_END__ = .)
                0x00000001                        ASSERT (! ((__FLASH_CONFIG_START__ == __FLASH_CONFIG_END__)), Linker Flash Config Support Enabled, but no .FlashConfig section provided within application)
 *(SORT_BY_ALIGNMENT(.text*))
 .text.OSInit   0x00000410      0x1ec ./source/rtos/uCOSIII/src/uCOS-III/Source/os_core.o
                0x00000410                OSInit
 .text.OSIntEnter
                0x000005fc       0x38 ./source/rtos/uCOSIII/src/uCOS-III/Source/os_core.o
                0x000005fc                OSIntEnter
 .text.OSIntExit
                0x00000634       0xd8 ./source/rtos/uCOSIII/src/uCOS-III/Source/os_core.o
                0x00000634                OSIntExit
 .text.OSSched  0x0000070c       0xa8 ./source/rtos/uCOSIII/src/uCOS-III/Source/os_core.o
                0x0000070c                OSSched
 .text.OSSchedLock
                0x000007b4       0x74 ./source/rtos/uCOSIII/src/uCOS-III/Source/os_core.o
                0x000007b4                OSSchedLock
 .text.OSSchedUnlock
                0x00000828       0x90 ./source/rtos/uCOSIII/src/uCOS-III/Source/os_core.o
                0x00000828                OSSchedUnlock
 .text.OSSchedRoundRobinCfg
                0x000008b8       0x70 ./source/rtos/uCOSIII/src/uCOS-III/Source/os_core.o
                0x000008b8                OSSchedRoundRobinCfg
 .text.OSStart  0x00000928       0x80 ./source/rtos/uCOSIII/src/uCOS-III/Source/os_core.o
                0x00000928                OSStart
 .text.OS_IdleTask
                0x000009a8       0x3c ./source/rtos/uCOSIII/src/uCOS-III/Source/os_core.o
                0x000009a8                OS_IdleTask
 .text.OS_IdleTaskInit
                0x000009e4       0x68 ./source/rtos/uCOSIII/src/uCOS-III/Source/os_core.o
                0x000009e4                OS_IdleTaskInit
 .text.OS_Pend  0x00000a4c       0x84 ./source/rtos/uCOSIII/src/uCOS-III/Source/os_core.o
                0x00000a4c                OS_Pend
 .text.OS_PendDbgNameAdd
                0x00000ad0       0x7c ./source/rtos/uCOSIII/src/uCOS-III/Source/os_core.o
                0x00000ad0                OS_PendDbgNameAdd
 .text.OS_PendDbgNameRemove
                0x00000b4c       0x48 ./source/rtos/uCOSIII/src/uCOS-III/Source/os_core.o
                0x00000b4c                OS_PendDbgNameRemove
 .text.OS_Post  0x00000b94      0x130 ./source/rtos/uCOSIII/src/uCOS-III/Source/os_core.o
                0x00000b94                OS_Post
 .text.OS_RdyListInit
                0x00000cc4       0x4c ./source/rtos/uCOSIII/src/uCOS-III/Source/os_core.o
                0x00000cc4                OS_RdyListInit
 .text.OS_RdyListInsert
                0x00000d10       0x3c ./source/rtos/uCOSIII/src/uCOS-III/Source/os_core.o
                0x00000d10                OS_RdyListInsert
 .text.OS_RdyListInsertHead
                0x00000d4c       0x80 ./source/rtos/uCOSIII/src/uCOS-III/Source/os_core.o
                0x00000d4c                OS_RdyListInsertHead
 .text.OS_RdyListInsertTail
                0x00000dcc       0x80 ./source/rtos/uCOSIII/src/uCOS-III/Source/os_core.o
                0x00000dcc                OS_RdyListInsertTail
 .text.OS_RdyListRemove
                0x00000e4c       0xb0 ./source/rtos/uCOSIII/src/uCOS-III/Source/os_core.o
                0x00000e4c                OS_RdyListRemove
 .text.OS_SchedRoundRobin
                0x00000efc       0xc8 ./source/rtos/uCOSIII/src/uCOS-III/Source/os_core.o
                0x00000efc                OS_SchedRoundRobin
 .text.OS_TaskBlock
                0x00000fc4       0x40 ./source/rtos/uCOSIII/src/uCOS-III/Source/os_core.o
                0x00000fc4                OS_TaskBlock
 .text.OS_Dbg_Init
                0x00001004      0x238 ./source/rtos/uCOSIII/src/uCOS-III/Source/os_dbg.o
                0x00001004                OS_Dbg_Init
 .text.OS_FlagInit
                0x0000123c       0x2c ./source/rtos/uCOSIII/src/uCOS-III/Source/os_flag.o
                0x0000123c                OS_FlagInit
 .text.OS_MemInit
                0x00001268       0x2c ./source/rtos/uCOSIII/src/uCOS-III/Source/os_mem.o
                0x00001268                OS_MemInit
 .text.OS_MsgPoolInit
                0x00001294       0xcc ./source/rtos/uCOSIII/src/uCOS-III/Source/os_msg.o
                0x00001294                OS_MsgPoolInit
 .text.OS_MsgQFreeAll
                0x00001360       0x74 ./source/rtos/uCOSIII/src/uCOS-III/Source/os_msg.o
                0x00001360                OS_MsgQFreeAll
 .text.OS_MsgQGet
                0x000013d4       0xbc ./source/rtos/uCOSIII/src/uCOS-III/Source/os_msg.o
                0x000013d4                OS_MsgQGet
 .text.OS_MsgQPut
                0x00001490      0x110 ./source/rtos/uCOSIII/src/uCOS-III/Source/os_msg.o
                0x00001490                OS_MsgQPut
 .text.OSMutexCreate
                0x000015a0       0x98 ./source/rtos/uCOSIII/src/uCOS-III/Source/os_mutex.o
                0x000015a0                OSMutexCreate
 .text.OSMutexPend
                0x00001638      0x210 ./source/rtos/uCOSIII/src/uCOS-III/Source/os_mutex.o
                0x00001638                OSMutexPend
 .text.OSMutexPost
                0x00001848      0x1b8 ./source/rtos/uCOSIII/src/uCOS-III/Source/os_mutex.o
                0x00001848                OSMutexPost
 .text.OS_MutexDbgListAdd
                0x00001a00       0x4c ./source/rtos/uCOSIII/src/uCOS-III/Source/os_mutex.o
                0x00001a00                OS_MutexDbgListAdd
 .text.OS_MutexInit
                0x00001a4c       0x2c ./source/rtos/uCOSIII/src/uCOS-III/Source/os_mutex.o
                0x00001a4c                OS_MutexInit
 .text.OSPendMulti
                0x00001a78      0x180 ./source/rtos/uCOSIII/src/uCOS-III/Source/os_pend_multi.o
                0x00001a78                OSPendMulti
 .text.OS_PendMultiGetRdy
                0x00001bf8       0xec ./source/rtos/uCOSIII/src/uCOS-III/Source/os_pend_multi.o
                0x00001bf8                OS_PendMultiGetRdy
 .text.OS_PendMultiValidate
                0x00001ce4       0x80 ./source/rtos/uCOSIII/src/uCOS-III/Source/os_pend_multi.o
                0x00001ce4                OS_PendMultiValidate
 .text.OS_PendMultiWait
                0x00001d64       0xb4 ./source/rtos/uCOSIII/src/uCOS-III/Source/os_pend_multi.o
                0x00001d64                OS_PendMultiWait
 .text.OS_PrioInit
                0x00001e18       0x34 ./source/rtos/uCOSIII/src/uCOS-III/Source/os_prio.o
                0x00001e18                OS_PrioInit
 .text.OS_PrioGetHighest
                0x00001e4c       0x48 ./source/rtos/uCOSIII/src/uCOS-III/Source/os_prio.o
                0x00001e4c                OS_PrioGetHighest
 .text.OS_PrioInsert
                0x00001e94       0x4c ./source/rtos/uCOSIII/src/uCOS-III/Source/os_prio.o
                0x00001e94                OS_PrioInsert
 .text.OS_PrioRemove
                0x00001ee0       0x50 ./source/rtos/uCOSIII/src/uCOS-III/Source/os_prio.o
                0x00001ee0                OS_PrioRemove
 .text.OSQCreate
                0x00001f30       0xa0 ./source/rtos/uCOSIII/src/uCOS-III/Source/os_q.o
                0x00001f30                OSQCreate
 .text.OSQPend  0x00001fd0      0x1f0 ./source/rtos/uCOSIII/src/uCOS-III/Source/os_q.o
                0x00001fd0                OSQPend
 .text.OSQPost  0x000021c0       0xc4 ./source/rtos/uCOSIII/src/uCOS-III/Source/os_q.o
                0x000021c0                OSQPost
 .text.OS_QDbgListAdd
                0x00002284       0x4c ./source/rtos/uCOSIII/src/uCOS-III/Source/os_q.o
                0x00002284                OS_QDbgListAdd
 .text.OS_QInit
                0x000022d0       0x2c ./source/rtos/uCOSIII/src/uCOS-III/Source/os_q.o
                0x000022d0                OS_QInit
 .text.OSSemCreate
                0x000022fc       0x8c ./source/rtos/uCOSIII/src/uCOS-III/Source/os_sem.o
                0x000022fc                OSSemCreate
 .text.OSSemPost
                0x00002388       0x88 ./source/rtos/uCOSIII/src/uCOS-III/Source/os_sem.o
                0x00002388                OSSemPost
 .text.OS_SemDbgListAdd
                0x00002410       0x4c ./source/rtos/uCOSIII/src/uCOS-III/Source/os_sem.o
                0x00002410                OS_SemDbgListAdd
 .text.OS_SemInit
                0x0000245c       0x2c ./source/rtos/uCOSIII/src/uCOS-III/Source/os_sem.o
                0x0000245c                OS_SemInit
 .text.OSStatReset
                0x00002488      0x118 ./source/rtos/uCOSIII/src/uCOS-III/Source/os_stat.o
                0x00002488                OSStatReset
 .text.OSStatTaskCPUUsageInit
                0x000025a0       0xfc ./source/rtos/uCOSIII/src/uCOS-III/Source/os_stat.o
                0x000025a0                OSStatTaskCPUUsageInit
 .text.OS_StatTask
                0x0000269c      0x310 ./source/rtos/uCOSIII/src/uCOS-III/Source/os_stat.o
                0x0000269c                OS_StatTask
 .text.OS_StatTaskInit
                0x000029ac       0xd4 ./source/rtos/uCOSIII/src/uCOS-III/Source/os_stat.o
                0x000029ac                OS_StatTaskInit
 .text.OSTaskCreate
                0x00002a80      0x21c ./source/rtos/uCOSIII/src/uCOS-III/Source/os_task.o
                0x00002a80                OSTaskCreate
 .text.OSTaskDel
                0x00002c9c      0x200 ./source/rtos/uCOSIII/src/uCOS-III/Source/os_task.o
                0x00002c9c                OSTaskDel
 .text.OSTaskResume
                0x00002e9c       0x64 ./source/rtos/uCOSIII/src/uCOS-III/Source/os_task.o
                0x00002e9c                OSTaskResume
 .text.OSTaskSemPend
                0x00002f00      0x1d8 ./source/rtos/uCOSIII/src/uCOS-III/Source/os_task.o
                0x00002f00                OSTaskSemPend
 .text.OSTaskStkChk
                0x000030d8       0xf0 ./source/rtos/uCOSIII/src/uCOS-III/Source/os_task.o
                0x000030d8                OSTaskStkChk
 .text.OSTaskSuspend
                0x000031c8       0x44 ./source/rtos/uCOSIII/src/uCOS-III/Source/os_task.o
                0x000031c8                OSTaskSuspend
 .text.OS_TaskDbgListAdd
                0x0000320c       0x4c ./source/rtos/uCOSIII/src/uCOS-III/Source/os_task.o
                0x0000320c                OS_TaskDbgListAdd
 .text.OS_TaskDbgListRemove
                0x00003258       0x84 ./source/rtos/uCOSIII/src/uCOS-III/Source/os_task.o
                0x00003258                OS_TaskDbgListRemove
 .text.OS_TaskInit
                0x000032dc       0x38 ./source/rtos/uCOSIII/src/uCOS-III/Source/os_task.o
                0x000032dc                OS_TaskInit
 .text.OS_TaskInitTCB
                0x00003314      0x1a0 ./source/rtos/uCOSIII/src/uCOS-III/Source/os_task.o
                0x00003314                OS_TaskInitTCB
 .text.OS_TaskResume
                0x000034b4      0x124 ./source/rtos/uCOSIII/src/uCOS-III/Source/os_task.o
                0x000034b4                OS_TaskResume
 .text.OS_TaskReturn
                0x000035d8       0x28 ./source/rtos/uCOSIII/src/uCOS-III/Source/os_task.o
                0x000035d8                OS_TaskReturn
 .text.OS_TaskSemPost
                0x00003600      0x128 ./source/rtos/uCOSIII/src/uCOS-III/Source/os_task.o
                0x00003600                OS_TaskSemPost
 .text.OS_TaskSuspend
                0x00003728      0x118 ./source/rtos/uCOSIII/src/uCOS-III/Source/os_task.o
                0x00003728                OS_TaskSuspend
 .text.OS_TaskChangePrio
                0x00003840      0x148 ./source/rtos/uCOSIII/src/uCOS-III/Source/os_task.o
                0x00003840                OS_TaskChangePrio
 .text.OS_TickTask
                0x00003988       0x64 ./source/rtos/uCOSIII/src/uCOS-III/Source/os_tick.o
                0x00003988                OS_TickTask
 .text.OS_TickTaskInit
                0x000039ec       0xd8 ./source/rtos/uCOSIII/src/uCOS-III/Source/os_tick.o
                0x000039ec                OS_TickTaskInit
 .text.OS_TickListInsertDly
                0x00003ac4      0x108 ./source/rtos/uCOSIII/src/uCOS-III/Source/os_tick.o
                0x00003ac4                OS_TickListInsertDly
 .text.OS_TickListUpdateDly
                0x00003bcc       0xbc ./source/rtos/uCOSIII/src/uCOS-III/Source/os_tick.o
 .text.OS_TickListUpdateTimeout
                0x00003c88      0x158 ./source/rtos/uCOSIII/src/uCOS-III/Source/os_tick.o
 .text.OSTimeDly
                0x00003de0       0xd8 ./source/rtos/uCOSIII/src/uCOS-III/Source/os_time.o
                0x00003de0                OSTimeDly
 .text.OSTimeDlyHMSM
                0x00003eb8      0x1f0 ./source/rtos/uCOSIII/src/uCOS-III/Source/os_time.o
                0x00003eb8                OSTimeDlyHMSM
 .text.OSTimeTick
                0x000040a8       0x74 ./source/rtos/uCOSIII/src/uCOS-III/Source/os_time.o
                0x000040a8                OSTimeTick
 .text.OSTmrCreate
                0x0000411c       0xe0 ./source/rtos/uCOSIII/src/uCOS-III/Source/os_tmr.o
                0x0000411c                OSTmrCreate
 .text.OSTmrStart
                0x000041fc      0x148 ./source/rtos/uCOSIII/src/uCOS-III/Source/os_tmr.o
                0x000041fc                OSTmrStart
 .text.OSTmrStop
                0x00004344      0x12c ./source/rtos/uCOSIII/src/uCOS-III/Source/os_tmr.o
                0x00004344                OSTmrStop
 .text.OS_TmrDbgListAdd
                0x00004470       0x44 ./source/rtos/uCOSIII/src/uCOS-III/Source/os_tmr.o
                0x00004470                OS_TmrDbgListAdd
 .text.OS_TmrInit
                0x000044b4      0x138 ./source/rtos/uCOSIII/src/uCOS-III/Source/os_tmr.o
                0x000044b4                OS_TmrInit
 .text.OS_TmrUnlink
                0x000045ec       0x7c ./source/rtos/uCOSIII/src/uCOS-III/Source/os_tmr.o
                0x000045ec                OS_TmrUnlink
 .text.OS_TmrTask
                0x00004668       0xc8 ./source/rtos/uCOSIII/src/uCOS-III/Source/os_tmr.o
                0x00004668                OS_TmrTask
 .text.OS_TmrLock
                0x00004730       0x24 ./source/rtos/uCOSIII/src/uCOS-III/Source/os_tmr.o
 .text.OS_TmrUnlock
                0x00004754       0x20 ./source/rtos/uCOSIII/src/uCOS-III/Source/os_tmr.o
 .text          0x00004774       0xfc ./source/rtos/uCOSIII/src/uCOS-III/Ports/ARM-Cortex-M4/Generic/GNU/os_cpu_a.o
                0x00004774                OS_CPU_FP_Reg_Push
                0x00004786                OS_CPU_FP_Reg_Pop
                0x00004792                OSStartHighRdy
                0x00004802                OSCtxSw
                0x0000480c                OSIntCtxSw
                0x00004816                PendSV_Handler
 .text.OSIdleTaskHook
                0x00004870       0x1c ./source/rtos/uCOSIII/src/uCOS-III/Ports/ARM-Cortex-M4/Generic/GNU/os_cpu_c.o
                0x00004870                OSIdleTaskHook
 .text.OSInitHook
                0x0000488c       0x38 ./source/rtos/uCOSIII/src/uCOS-III/Ports/ARM-Cortex-M4/Generic/GNU/os_cpu_c.o
                0x0000488c                OSInitHook
 .text.OSStatTaskHook
                0x000048c4       0x1c ./source/rtos/uCOSIII/src/uCOS-III/Ports/ARM-Cortex-M4/Generic/GNU/os_cpu_c.o
                0x000048c4                OSStatTaskHook
 .text.OSTaskCreateHook
                0x000048e0       0x24 ./source/rtos/uCOSIII/src/uCOS-III/Ports/ARM-Cortex-M4/Generic/GNU/os_cpu_c.o
                0x000048e0                OSTaskCreateHook
 .text.OSTaskDelHook
                0x00004904       0x24 ./source/rtos/uCOSIII/src/uCOS-III/Ports/ARM-Cortex-M4/Generic/GNU/os_cpu_c.o
                0x00004904                OSTaskDelHook
 .text.OSTaskReturnHook
                0x00004928       0x24 ./source/rtos/uCOSIII/src/uCOS-III/Ports/ARM-Cortex-M4/Generic/GNU/os_cpu_c.o
                0x00004928                OSTaskReturnHook
 .text.OSTaskStkInit
                0x0000494c      0x34c ./source/rtos/uCOSIII/src/uCOS-III/Ports/ARM-Cortex-M4/Generic/GNU/os_cpu_c.o
                0x0000494c                OSTaskStkInit
 .text.OSTaskSwHook
                0x00004c98       0xa8 ./source/rtos/uCOSIII/src/uCOS-III/Ports/ARM-Cortex-M4/Generic/GNU/os_cpu_c.o
                0x00004c98                OSTaskSwHook
 .text.OSTimeTickHook
                0x00004d40       0x1c ./source/rtos/uCOSIII/src/uCOS-III/Ports/ARM-Cortex-M4/Generic/GNU/os_cpu_c.o
                0x00004d40                OSTimeTickHook
 .text.OS_CPU_SysTickInit
                0x00004d5c       0x54 ./source/rtos/uCOSIII/src/uCOS-III/Ports/ARM-Cortex-M4/Generic/GNU/os_cpu_c.o
                0x00004d5c                OS_CPU_SysTickInit
 .text          0x00004db0       0x34 ./source/rtos/uCOSIII/src/uC-CPU/ARM-Cortex-M4/GNU/cpu_a.o
                0x00004db0                CPU_IntDis
                0x00004db4                CPU_IntEn
                0x00004db8                CPU_SR_Save
                0x00004dc0                CPU_SR_Restore
                0x00004dc6                CPU_WaitForInt
                0x00004dca                CPU_WaitForExcept
                0x00004dce                CPU_CntLeadZeros
                0x00004dd4                CPU_CntTrailZeros
                0x00004dde                CPU_RevBits
 .text.CPU_TS_TmrFreqSet
                0x00004de4       0x1c ./source/rtos/uCOSIII/src/uC-CPU/cpu_core.o
                0x00004de4                CPU_TS_TmrFreqSet
 .text.CPU_TS_Init
                0x00004e00       0x18 ./source/rtos/uCOSIII/src/uC-CPU/cpu_core.o
 .text.CPU_TS_TmrInit
                0x00004e18       0x48 ./source/rtos/uCOSIII/BSP/cpu_bsp.o
                0x00004e18                CPU_TS_TmrInit
 .text.cread_init
                0x00004e60       0x50 ./source/drivers/CRead.o
                0x00004e60                cread_init
 .text.cread_reset
                0x00004eb0       0xa4 ./source/drivers/CRead.o
                0x00004eb0                cread_reset
 .text.cread_getID
                0x00004f54       0x54 ./source/drivers/CRead.o
                0x00004f54                cread_getID
 .text.cread_getError
                0x00004fa8       0x14 ./source/drivers/CRead.o
                0x00004fa8                cread_getError
 .text.create_data
                0x00004fbc       0xb0 ./source/drivers/CRead.o
                0x00004fbc                create_data
 .text.check_track
                0x0000506c       0xc4 ./source/drivers/CRead.o
                0x0000506c                check_track
 .text.cread_processData
                0x00005130       0x68 ./source/drivers/CRead.o
                0x00005130                cread_processData
 .text.pin_enable_IRQ
                0x00005198       0x74 ./source/drivers/CRead.o
                0x00005198                pin_enable_IRQ
 .text.pin_clk_IRQ
                0x0000520c       0xc4 ./source/drivers/CRead.o
                0x0000520c                pin_clk_IRQ
 .text.display_Init
                0x000052d0       0xd4 ./source/drivers/display_7s.o
                0x000052d0                display_Init
 .text.display_msg
                0x000053a4      0x38c ./source/drivers/display_7s.o
                0x000053a4                display_msg
 .text.Timer_Message_Handler
                0x00005730       0xb8 ./source/drivers/display_7s.o
                0x00005730                Timer_Message_Handler
 .text.Timer_Display_Handler
                0x000057e8      0x19c ./source/drivers/display_7s.o
                0x000057e8                Timer_Display_Handler
 .text.Encoder_Init
                0x00005984       0x5c ./source/drivers/encoder.o
                0x00005984                Encoder_Init
 .text.encoder_Read
                0x000059e0       0x68 ./source/drivers/encoder.o
                0x000059e0                encoder_Read
 .text.timerOuts
                0x00005a48      0x120 ./source/drivers/encoder.o
                0x00005a48                timerOuts
 .text.timerSW  0x00005b68       0xe8 ./source/drivers/encoder.o
                0x00005b68                timerSW
 .text.FIFO_GetId
                0x00005c50       0x30 ./source/drivers/fifo.o
                0x00005c50                FIFO_GetId
 .text.FIFO_IsBufferFull
                0x00005c80       0x28 ./source/drivers/fifo.o
                0x00005c80                FIFO_IsBufferFull
 .text.FIFO_PushToBuffer
                0x00005ca8       0xec ./source/drivers/fifo.o
                0x00005ca8                FIFO_PushToBuffer
 .text.FIFO_PullFromBuffer
                0x00005d94      0x110 ./source/drivers/fifo.o
                0x00005d94                FIFO_PullFromBuffer
 .text.init_fifo
                0x00005ea4       0x50 ./source/drivers/fifo.o
                0x00005ea4                init_fifo
 .text.GatewayInit
                0x00005ef4       0x18 ./source/drivers/gateway.o
                0x00005ef4                GatewayInit
 .text.SendData2Gateway
                0x00005f0c       0x5c ./source/drivers/gateway.o
                0x00005f0c                SendData2Gateway
 .text.__NVIC_EnableIRQ
                0x00005f68       0x38 ./source/drivers/gpio.o
 .text.__NVIC_DisableIRQ
                0x00005fa0       0x48 ./source/drivers/gpio.o
 .text.gpioMode
                0x00005fe8      0x174 ./source/drivers/gpio.o
                0x00005fe8                gpioMode
 .text.gpioIRQ  0x0000615c       0xd0 ./source/drivers/gpio.o
                0x0000615c                gpioIRQ
 .text.IRQHandler
                0x0000622c       0x7c ./source/drivers/gpio.o
 .text.gpioWrite
                0x000062a8       0x70 ./source/drivers/gpio.o
                0x000062a8                gpioWrite
 .text.gpioRead
                0x00006318       0x60 ./source/drivers/gpio.o
                0x00006318                gpioRead
 .text.__NVIC_EnableIRQ
                0x00006378       0x38 ./source/drivers/uart.o
 .text.uartInit
                0x000063b0      0x550 ./source/drivers/uart.o
                0x000063b0                uartInit
 .text.uartWriteMsg
                0x00006900       0xd8 ./source/drivers/uart.o
                0x00006900                uartWriteMsg
 .text.IRQHandler
                0x000069d8      0x10c ./source/drivers/uart.o
 .text.setBaudrate
                0x00006ae4       0xb4 ./source/drivers/uart.o
 .text.timerOutsCallback
                0x00006b98       0x1c ./source/main.o
                0x00006b98                timerOutsCallback
 .text.timerSWCallback
                0x00006bb4       0x1c ./source/main.o
                0x00006bb4                timerSWCallback
 .text.TaskGateway
                0x00006bd0       0xc8 ./source/main.o
 .text.TaskStart
                0x00006c98      0x23c ./source/main.o
 .text.main     0x00006ed4       0xd0 ./source/main.o
                0x00006ed4                main
 .text.App_Init
                0x00006fa4       0x6c ./source/main.o
                0x00006fa4                App_Init
 .text.App_Run  0x00007010       0x94 ./source/main.o
                0x00007010                App_Run
 .text.init_users
                0x000070a4      0x470 ./source/main.o
                0x000070a4                init_users
 .text.update_queue
                0x00007514       0xac ./source/main.o
                0x00007514                update_queue
 .text.save_card_data
                0x000075c0       0x50 ./source/main.o
                0x000075c0                save_card_data
 .text.clean_msg_half
                0x00007610       0x34 ./source/main.o
                0x00007610                clean_msg_half
 .text.clean_encoder
                0x00007644       0x3c ./source/main.o
                0x00007644                clean_encoder
 .text.show_display
                0x00007680      0x238 ./source/main.o
                0x00007680                show_display
 .text.login_menu
                0x000078b8      0x848 ./source/main.o
                0x000078b8                login_menu
 .text.admin_menu
                0x00008100      0x528 ./source/main.o
                0x00008100                admin_menu
 .text.main_menu
                0x00008628      0x4f8 ./source/main.o
                0x00008628                main_menu
 .text.delete_menu
                0x00008b20      0x244 ./source/main.o
                0x00008b20                delete_menu
 .text.error_menu
                0x00008d64      0x18c ./source/main.o
                0x00008d64                error_menu
 .text.unlock_menu
                0x00008ef0       0x40 ./source/main.o
                0x00008ef0                unlock_menu
 .text.init_menu
                0x00008f30       0x8c ./source/main.o
                0x00008f30                init_menu
 .text.event_double_tap
                0x00008fbc       0x18 ./source/main.o
                0x00008fbc                event_double_tap
 .text.event_error
                0x00008fd4       0x98 ./source/main.o
                0x00008fd4                event_error
 .text.event_unlock
                0x0000906c       0x34 ./source/main.o
                0x0000906c                event_unlock
 .text.event_msg
                0x000090a0       0x1c ./source/main.o
                0x000090a0                event_msg
 .text.hw_Init  0x000090bc      0x104 ./SDK/startup/hardware.o
                0x000090bc                hw_Init
 .text.hw_EnableInterrupts
                0x000091c0       0x30 ./SDK/startup/hardware.o
                0x000091c0                hw_EnableInterrupts
 .text.hw_DisableInterrupts
                0x000091f0       0x20 ./SDK/startup/hardware.o
                0x000091f0                hw_DisableInterrupts
 .text.SystemInit
                0x00009210       0x3c ./SDK/CMSIS/system_MK64F12.o
                0x00009210                SystemInit
 .text.SystemCoreClockUpdate
                0x0000924c      0x288 ./SDK/CMSIS/system_MK64F12.o
                0x0000924c                SystemCoreClockUpdate
 .text.OSCfg_Init
                0x000094d4        0xc ./source/rtos/uCOSIII/src/uCOS-III/Source/os_cfg_app.o
                0x000094d4                OSCfg_Init
 .text.OS_PendDataInit
                0x000094e0       0x6c ./source/rtos/uCOSIII/src/uCOS-III/Source/os_core.o
                0x000094e0                OS_PendDataInit
 .text.OS_PendListChangePrio
                0x0000954c       0x58 ./source/rtos/uCOSIII/src/uCOS-III/Source/os_core.o
                0x0000954c                OS_PendListChangePrio
 .text.OS_PendListInit
                0x000095a4       0x24 ./source/rtos/uCOSIII/src/uCOS-III/Source/os_core.o
                0x000095a4                OS_PendListInit
 .text.OS_PendListInsertPrio
                0x000095c8       0xe6 ./source/rtos/uCOSIII/src/uCOS-III/Source/os_core.o
                0x000095c8                OS_PendListInsertPrio
 .text.OS_PendListRemove
                0x000096ae       0x54 ./source/rtos/uCOSIII/src/uCOS-III/Source/os_core.o
                0x000096ae                OS_PendListRemove
 .text.OS_PendListRemove1
                0x00009702       0x92 ./source/rtos/uCOSIII/src/uCOS-III/Source/os_core.o
                0x00009702                OS_PendListRemove1
 .text.OS_Post1
                0x00009794       0x60 ./source/rtos/uCOSIII/src/uCOS-III/Source/os_core.o
                0x00009794                OS_Post1
 .text.OS_RdyListMoveHeadToTail
                0x000097f4       0x90 ./source/rtos/uCOSIII/src/uCOS-III/Source/os_core.o
                0x000097f4                OS_RdyListMoveHeadToTail
 .text.OS_MsgQInit
                0x00009884       0x34 ./source/rtos/uCOSIII/src/uCOS-III/Source/os_msg.o
                0x00009884                OS_MsgQInit
 .text.OS_MutexGrpAdd
                0x000098b8       0x22 ./source/rtos/uCOSIII/src/uCOS-III/Source/os_mutex.o
                0x000098b8                OS_MutexGrpAdd
 .text.OS_MutexGrpRemove
                0x000098da       0x38 ./source/rtos/uCOSIII/src/uCOS-III/Source/os_mutex.o
                0x000098da                OS_MutexGrpRemove
 .text.OS_MutexGrpPrioFindHighest
                0x00009912       0x54 ./source/rtos/uCOSIII/src/uCOS-III/Source/os_mutex.o
                0x00009912                OS_MutexGrpPrioFindHighest
 .text.OS_MutexGrpPostAll
                0x00009966       0x88 ./source/rtos/uCOSIII/src/uCOS-III/Source/os_mutex.o
                0x00009966                OS_MutexGrpPostAll
 .text.OS_QPost
                0x000099ee       0xce ./source/rtos/uCOSIII/src/uCOS-III/Source/os_q.o
                0x000099ee                OS_QPost
 .text.OS_SemPost
                0x00009abc       0xde ./source/rtos/uCOSIII/src/uCOS-III/Source/os_sem.o
                0x00009abc                OS_SemPost
 .text.OSTaskSemPost
                0x00009b9a       0x44 ./source/rtos/uCOSIII/src/uCOS-III/Source/os_task.o
                0x00009b9a                OSTaskSemPost
 .text.OS_TickListInsert
                0x00009bde      0x12c ./source/rtos/uCOSIII/src/uCOS-III/Source/os_tick.o
                0x00009bde                OS_TickListInsert
 .text.OS_TickListRemove
                0x00009d0a       0xc8 ./source/rtos/uCOSIII/src/uCOS-III/Source/os_tick.o
                0x00009d0a                OS_TickListRemove
 .text.OS_TickListResetPeak
                0x00009dd2        0xc ./source/rtos/uCOSIII/src/uCOS-III/Source/os_tick.o
                0x00009dd2                OS_TickListResetPeak
 .text.OS_TmrResetPeak
                0x00009dde        0xc ./source/rtos/uCOSIII/src/uCOS-III/Source/os_tmr.o
                0x00009dde                OS_TmrResetPeak
 .text.SysTick_Handler
                0x00009dea       0x2a ./source/rtos/uCOSIII/src/uCOS-III/Ports/ARM-Cortex-M4/Generic/GNU/os_cpu_c.o
                0x00009dea                SysTick_Handler
 .text.CPU_Init
                0x00009e14        0xc ./source/rtos/uCOSIII/src/uC-CPU/cpu_core.o
                0x00009e14                CPU_Init
 .text.data_check_parity
                0x00009e20       0x3e ./source/drivers/CRead.o
                0x00009e20                data_check_parity
 .text.FIFO_WriteToBuffer
                0x00009e5e       0x50 ./source/drivers/fifo.o
                0x00009e5e                FIFO_WriteToBuffer
 .text.PORTA_IRQHandler
                0x00009eae       0x1e ./source/drivers/gpio.o
                0x00009eae                PORTA_IRQHandler
 .text.PORTB_IRQHandler
                0x00009ecc       0x1e ./source/drivers/gpio.o
                0x00009ecc                PORTB_IRQHandler
 .text.PORTC_IRQHandler
                0x00009eea       0x1e ./source/drivers/gpio.o
                0x00009eea                PORTC_IRQHandler
 .text.PORTD_IRQHandler
                0x00009f08       0x1e ./source/drivers/gpio.o
                0x00009f08                PORTD_IRQHandler
 .text.PORTE_IRQHandler
                0x00009f26       0x1e ./source/drivers/gpio.o
                0x00009f26                PORTE_IRQHandler
 .text.UART0_RX_TX_IRQHandler
                0x00009f44       0x1e ./source/drivers/uart.o
                0x00009f44                UART0_RX_TX_IRQHandler
 .text.UART1_RX_TX_IRQHandler
                0x00009f62       0x1e ./source/drivers/uart.o
                0x00009f62                UART1_RX_TX_IRQHandler
 .text.UART2_RX_TX_IRQHandler
                0x00009f80       0x1e ./source/drivers/uart.o
                0x00009f80                UART2_RX_TX_IRQHandler
 .text.UART3_RX_TX_IRQHandler
                0x00009f9e       0x1e ./source/drivers/uart.o
                0x00009f9e                UART3_RX_TX_IRQHandler
 .text.UART4_RX_TX_IRQHandler
                0x00009fbc       0x1e ./source/drivers/uart.o
                0x00009fbc                UART4_RX_TX_IRQHandler
 .text.timerDisplayCallback
                0x00009fda       0x16 ./source/main.o
                0x00009fda                timerDisplayCallback
 .text.timerDisplayMSGCallback
                0x00009ff0       0x16 ./source/main.o
                0x00009ff0                timerDisplayMSGCallback
 .text.timerDoubleCallback
                0x0000a006       0x16 ./source/main.o
                0x0000a006                timerDoubleCallback
 .text.timerErrorCallback
                0x0000a01c       0x16 ./source/main.o
                0x0000a01c                timerErrorCallback
 .text.timerUnlockCallback
                0x0000a032       0x16 ./source/main.o
                0x0000a032                timerUnlockCallback
 .text.timerEventMessageCallback
                0x0000a048       0x16 ./source/main.o
                0x0000a048                timerEventMessageCallback
 .text.HardFault_Handler
                0x0000a05e       0x2c ./SDK/startup/semihost_hardfault.o
                0x0000a05e                HardFault_Handler
 .text.DMA0_IRQHandler
                0x0000a08a        0x8 ./SDK/startup/startup_mk64f12.o
                0x0000a08a                DMA0_IRQHandler
 .text.DMA1_IRQHandler
                0x0000a092        0x8 ./SDK/startup/startup_mk64f12.o
                0x0000a092                DMA1_IRQHandler
 .text.DMA2_IRQHandler
                0x0000a09a        0x8 ./SDK/startup/startup_mk64f12.o
                0x0000a09a                DMA2_IRQHandler
 .text.DMA3_IRQHandler
                0x0000a0a2        0x8 ./SDK/startup/startup_mk64f12.o
                0x0000a0a2                DMA3_IRQHandler
 .text.DMA4_IRQHandler
                0x0000a0aa        0x8 ./SDK/startup/startup_mk64f12.o
                0x0000a0aa                DMA4_IRQHandler
 .text.DMA5_IRQHandler
                0x0000a0b2        0x8 ./SDK/startup/startup_mk64f12.o
                0x0000a0b2                DMA5_IRQHandler
 .text.DMA6_IRQHandler
                0x0000a0ba        0x8 ./SDK/startup/startup_mk64f12.o
                0x0000a0ba                DMA6_IRQHandler
 .text.DMA7_IRQHandler
                0x0000a0c2        0x8 ./SDK/startup/startup_mk64f12.o
                0x0000a0c2                DMA7_IRQHandler
 .text.DMA8_IRQHandler
                0x0000a0ca        0x8 ./SDK/startup/startup_mk64f12.o
                0x0000a0ca                DMA8_IRQHandler
 .text.DMA9_IRQHandler
                0x0000a0d2        0x8 ./SDK/startup/startup_mk64f12.o
                0x0000a0d2                DMA9_IRQHandler
 .text.DMA10_IRQHandler
                0x0000a0da        0x8 ./SDK/startup/startup_mk64f12.o
                0x0000a0da                DMA10_IRQHandler
 .text.DMA11_IRQHandler
                0x0000a0e2        0x8 ./SDK/startup/startup_mk64f12.o
                0x0000a0e2                DMA11_IRQHandler
 .text.DMA12_IRQHandler
                0x0000a0ea        0x8 ./SDK/startup/startup_mk64f12.o
                0x0000a0ea                DMA12_IRQHandler
 .text.DMA13_IRQHandler
                0x0000a0f2        0x8 ./SDK/startup/startup_mk64f12.o
                0x0000a0f2                DMA13_IRQHandler
 .text.DMA14_IRQHandler
                0x0000a0fa        0x8 ./SDK/startup/startup_mk64f12.o
                0x0000a0fa                DMA14_IRQHandler
 .text.DMA15_IRQHandler
                0x0000a102        0x8 ./SDK/startup/startup_mk64f12.o
                0x0000a102                DMA15_IRQHandler
 .text.DMA_Error_IRQHandler
                0x0000a10a        0x8 ./SDK/startup/startup_mk64f12.o
                0x0000a10a                DMA_Error_IRQHandler
 .text.MCM_IRQHandler
                0x0000a112        0x8 ./SDK/startup/startup_mk64f12.o
                0x0000a112                MCM_IRQHandler
 .text.FTFE_IRQHandler
                0x0000a11a        0x8 ./SDK/startup/startup_mk64f12.o
                0x0000a11a                FTFE_IRQHandler
 .text.Read_Collision_IRQHandler
                0x0000a122        0x8 ./SDK/startup/startup_mk64f12.o
                0x0000a122                Read_Collision_IRQHandler
 .text.LVD_LVW_IRQHandler
                0x0000a12a        0x8 ./SDK/startup/startup_mk64f12.o
                0x0000a12a                LVD_LVW_IRQHandler
 .text.LLWU_IRQHandler
                0x0000a132        0x8 ./SDK/startup/startup_mk64f12.o
                0x0000a132                LLWU_IRQHandler
 .text.WDOG_EWM_IRQHandler
                0x0000a13a        0x8 ./SDK/startup/startup_mk64f12.o
                0x0000a13a                WDOG_EWM_IRQHandler
 .text.RNG_IRQHandler
                0x0000a142        0x8 ./SDK/startup/startup_mk64f12.o
                0x0000a142                RNG_IRQHandler
 .text.I2C0_IRQHandler
                0x0000a14a        0x8 ./SDK/startup/startup_mk64f12.o
                0x0000a14a                I2C0_IRQHandler
 .text.I2C1_IRQHandler
                0x0000a152        0x8 ./SDK/startup/startup_mk64f12.o
                0x0000a152                I2C1_IRQHandler
 .text.SPI0_IRQHandler
                0x0000a15a        0x8 ./SDK/startup/startup_mk64f12.o
                0x0000a15a                SPI0_IRQHandler
 .text.SPI1_IRQHandler
                0x0000a162        0x8 ./SDK/startup/startup_mk64f12.o
                0x0000a162                SPI1_IRQHandler
 .text.I2S0_Tx_IRQHandler
                0x0000a16a        0x8 ./SDK/startup/startup_mk64f12.o
                0x0000a16a                I2S0_Tx_IRQHandler
 .text.I2S0_Rx_IRQHandler
                0x0000a172        0x8 ./SDK/startup/startup_mk64f12.o
                0x0000a172                I2S0_Rx_IRQHandler
 .text.UART0_LON_IRQHandler
                0x0000a17a        0x8 ./SDK/startup/startup_mk64f12.o
                0x0000a17a                UART0_LON_IRQHandler
 .text.UART0_ERR_IRQHandler
                0x0000a182        0x8 ./SDK/startup/startup_mk64f12.o
                0x0000a182                UART0_ERR_IRQHandler
 .text.UART1_ERR_IRQHandler
                0x0000a18a        0x8 ./SDK/startup/startup_mk64f12.o
                0x0000a18a                UART1_ERR_IRQHandler
 .text.UART2_ERR_IRQHandler
                0x0000a192        0x8 ./SDK/startup/startup_mk64f12.o
                0x0000a192                UART2_ERR_IRQHandler
 .text.UART3_ERR_IRQHandler
                0x0000a19a        0x8 ./SDK/startup/startup_mk64f12.o
                0x0000a19a                UART3_ERR_IRQHandler
 .text.ADC0_IRQHandler
                0x0000a1a2        0x8 ./SDK/startup/startup_mk64f12.o
                0x0000a1a2                ADC0_IRQHandler
 .text.CMP0_IRQHandler
                0x0000a1aa        0x8 ./SDK/startup/startup_mk64f12.o
                0x0000a1aa                CMP0_IRQHandler
 .text.CMP1_IRQHandler
                0x0000a1b2        0x8 ./SDK/startup/startup_mk64f12.o
                0x0000a1b2                CMP1_IRQHandler
 .text.FTM0_IRQHandler
                0x0000a1ba        0x8 ./SDK/startup/startup_mk64f12.o
                0x0000a1ba                FTM0_IRQHandler
 .text.FTM1_IRQHandler
                0x0000a1c2        0x8 ./SDK/startup/startup_mk64f12.o
                0x0000a1c2                FTM1_IRQHandler
 .text.FTM2_IRQHandler
                0x0000a1ca        0x8 ./SDK/startup/startup_mk64f12.o
                0x0000a1ca                FTM2_IRQHandler
 .text.CMT_IRQHandler
                0x0000a1d2        0x8 ./SDK/startup/startup_mk64f12.o
                0x0000a1d2                CMT_IRQHandler
 .text.RTC_IRQHandler
                0x0000a1da        0x8 ./SDK/startup/startup_mk64f12.o
                0x0000a1da                RTC_IRQHandler
 .text.RTC_Seconds_IRQHandler
                0x0000a1e2        0x8 ./SDK/startup/startup_mk64f12.o
                0x0000a1e2                RTC_Seconds_IRQHandler
 .text.PIT0_IRQHandler
                0x0000a1ea        0x8 ./SDK/startup/startup_mk64f12.o
                0x0000a1ea                PIT0_IRQHandler
 .text.PIT1_IRQHandler
                0x0000a1f2        0x8 ./SDK/startup/startup_mk64f12.o
                0x0000a1f2                PIT1_IRQHandler
 .text.PIT2_IRQHandler
                0x0000a1fa        0x8 ./SDK/startup/startup_mk64f12.o
                0x0000a1fa                PIT2_IRQHandler
 .text.PIT3_IRQHandler
                0x0000a202        0x8 ./SDK/startup/startup_mk64f12.o
                0x0000a202                PIT3_IRQHandler
 .text.PDB0_IRQHandler
                0x0000a20a        0x8 ./SDK/startup/startup_mk64f12.o
                0x0000a20a                PDB0_IRQHandler
 .text.USB0_IRQHandler
                0x0000a212        0x8 ./SDK/startup/startup_mk64f12.o
                0x0000a212                USB0_IRQHandler
 .text.USBDCD_IRQHandler
                0x0000a21a        0x8 ./SDK/startup/startup_mk64f12.o
                0x0000a21a                USBDCD_IRQHandler
 .text.Reserved71_IRQHandler
                0x0000a222        0x8 ./SDK/startup/startup_mk64f12.o
                0x0000a222                Reserved71_IRQHandler
 .text.DAC0_IRQHandler
                0x0000a22a        0x8 ./SDK/startup/startup_mk64f12.o
                0x0000a22a                DAC0_IRQHandler
 .text.MCG_IRQHandler
                0x0000a232        0x8 ./SDK/startup/startup_mk64f12.o
                0x0000a232                MCG_IRQHandler
 .text.LPTMR0_IRQHandler
                0x0000a23a        0x8 ./SDK/startup/startup_mk64f12.o
                0x0000a23a                LPTMR0_IRQHandler
 .text.SWI_IRQHandler
                0x0000a242        0x8 ./SDK/startup/startup_mk64f12.o
                0x0000a242                SWI_IRQHandler
 .text.SPI2_IRQHandler
                0x0000a24a        0x8 ./SDK/startup/startup_mk64f12.o
                0x0000a24a                SPI2_IRQHandler
 .text.UART4_ERR_IRQHandler
                0x0000a252        0x8 ./SDK/startup/startup_mk64f12.o
                0x0000a252                UART4_ERR_IRQHandler
 .text.UART5_RX_TX_IRQHandler
                0x0000a25a        0x8 ./SDK/startup/startup_mk64f12.o
                0x0000a25a                UART5_RX_TX_IRQHandler
 .text.UART5_ERR_IRQHandler
                0x0000a262        0x8 ./SDK/startup/startup_mk64f12.o
                0x0000a262                UART5_ERR_IRQHandler
 .text.CMP2_IRQHandler
                0x0000a26a        0x8 ./SDK/startup/startup_mk64f12.o
                0x0000a26a                CMP2_IRQHandler
 .text.FTM3_IRQHandler
                0x0000a272        0x8 ./SDK/startup/startup_mk64f12.o
                0x0000a272                FTM3_IRQHandler
 .text.DAC1_IRQHandler
                0x0000a27a        0x8 ./SDK/startup/startup_mk64f12.o
                0x0000a27a                DAC1_IRQHandler
 .text.ADC1_IRQHandler
                0x0000a282        0x8 ./SDK/startup/startup_mk64f12.o
                0x0000a282                ADC1_IRQHandler
 .text.I2C2_IRQHandler
                0x0000a28a        0x8 ./SDK/startup/startup_mk64f12.o
                0x0000a28a                I2C2_IRQHandler
 .text.CAN0_ORed_Message_buffer_IRQHandler
                0x0000a292        0x8 ./SDK/startup/startup_mk64f12.o
                0x0000a292                CAN0_ORed_Message_buffer_IRQHandler
 .text.CAN0_Bus_Off_IRQHandler
                0x0000a29a        0x8 ./SDK/startup/startup_mk64f12.o
                0x0000a29a                CAN0_Bus_Off_IRQHandler
 .text.CAN0_Error_IRQHandler
                0x0000a2a2        0x8 ./SDK/startup/startup_mk64f12.o
                0x0000a2a2                CAN0_Error_IRQHandler
 .text.CAN0_Tx_Warning_IRQHandler
                0x0000a2aa        0x8 ./SDK/startup/startup_mk64f12.o
                0x0000a2aa                CAN0_Tx_Warning_IRQHandler
 .text.CAN0_Rx_Warning_IRQHandler
                0x0000a2b2        0x8 ./SDK/startup/startup_mk64f12.o
                0x0000a2b2                CAN0_Rx_Warning_IRQHandler
 .text.CAN0_Wake_Up_IRQHandler
                0x0000a2ba        0x8 ./SDK/startup/startup_mk64f12.o
                0x0000a2ba                CAN0_Wake_Up_IRQHandler
 .text.SDHC_IRQHandler
                0x0000a2c2        0x8 ./SDK/startup/startup_mk64f12.o
                0x0000a2c2                SDHC_IRQHandler
 .text.ENET_1588_Timer_IRQHandler
                0x0000a2ca        0x8 ./SDK/startup/startup_mk64f12.o
                0x0000a2ca                ENET_1588_Timer_IRQHandler
 .text.ENET_Transmit_IRQHandler
                0x0000a2d2        0x8 ./SDK/startup/startup_mk64f12.o
                0x0000a2d2                ENET_Transmit_IRQHandler
 .text.ENET_Receive_IRQHandler
                0x0000a2da        0x8 ./SDK/startup/startup_mk64f12.o
                0x0000a2da                ENET_Receive_IRQHandler
 .text.ENET_Error_IRQHandler
                0x0000a2e2        0x8 ./SDK/startup/startup_mk64f12.o
                0x0000a2e2                ENET_Error_IRQHandler
 .text.SystemInitHook
                0x0000a2ea        0xc ./SDK/CMSIS/system_MK64F12.o
                0x0000a2ea                SystemInitHook
 *(SORT_BY_ALIGNMENT(.rodata) SORT_BY_ALIGNMENT(.rodata.*) SORT_BY_ALIGNMENT(.constdata) SORT_BY_ALIGNMENT(.constdata.*))
 *fill*         0x0000a2f6        0x2 ff
 .rodata.OSCfg_IdleTaskStkBasePtr
                0x0000a2f8        0x4 ./source/rtos/uCOSIII/src/uCOS-III/Source/os_cfg_app.o
                0x0000a2f8                OSCfg_IdleTaskStkBasePtr
 .rodata.OSCfg_IdleTaskStkLimit
                0x0000a2fc        0x4 ./source/rtos/uCOSIII/src/uCOS-III/Source/os_cfg_app.o
                0x0000a2fc                OSCfg_IdleTaskStkLimit
 .rodata.OSCfg_IdleTaskStkSize
                0x0000a300        0x4 ./source/rtos/uCOSIII/src/uCOS-III/Source/os_cfg_app.o
                0x0000a300                OSCfg_IdleTaskStkSize
 .rodata.OSCfg_ISRStkBasePtr
                0x0000a304        0x4 ./source/rtos/uCOSIII/src/uCOS-III/Source/os_cfg_app.o
                0x0000a304                OSCfg_ISRStkBasePtr
 .rodata.OSCfg_ISRStkSize
                0x0000a308        0x4 ./source/rtos/uCOSIII/src/uCOS-III/Source/os_cfg_app.o
                0x0000a308                OSCfg_ISRStkSize
 .rodata.OSCfg_MsgPoolBasePtr
                0x0000a30c        0x4 ./source/rtos/uCOSIII/src/uCOS-III/Source/os_cfg_app.o
                0x0000a30c                OSCfg_MsgPoolBasePtr
 .rodata.OSCfg_StatTaskRate_Hz
                0x0000a310        0x4 ./source/rtos/uCOSIII/src/uCOS-III/Source/os_cfg_app.o
                0x0000a310                OSCfg_StatTaskRate_Hz
 .rodata.OSCfg_StatTaskStkBasePtr
                0x0000a314        0x4 ./source/rtos/uCOSIII/src/uCOS-III/Source/os_cfg_app.o
                0x0000a314                OSCfg_StatTaskStkBasePtr
 .rodata.OSCfg_StatTaskStkLimit
                0x0000a318        0x4 ./source/rtos/uCOSIII/src/uCOS-III/Source/os_cfg_app.o
                0x0000a318                OSCfg_StatTaskStkLimit
 .rodata.OSCfg_StatTaskStkSize
                0x0000a31c        0x4 ./source/rtos/uCOSIII/src/uCOS-III/Source/os_cfg_app.o
                0x0000a31c                OSCfg_StatTaskStkSize
 .rodata.OSCfg_StkSizeMin
                0x0000a320        0x4 ./source/rtos/uCOSIII/src/uCOS-III/Source/os_cfg_app.o
                0x0000a320                OSCfg_StkSizeMin
 .rodata.OSCfg_TickRate_Hz
                0x0000a324        0x4 ./source/rtos/uCOSIII/src/uCOS-III/Source/os_cfg_app.o
                0x0000a324                OSCfg_TickRate_Hz
 .rodata.OSCfg_TickTaskStkBasePtr
                0x0000a328        0x4 ./source/rtos/uCOSIII/src/uCOS-III/Source/os_cfg_app.o
                0x0000a328                OSCfg_TickTaskStkBasePtr
 .rodata.OSCfg_TickTaskStkLimit
                0x0000a32c        0x4 ./source/rtos/uCOSIII/src/uCOS-III/Source/os_cfg_app.o
                0x0000a32c                OSCfg_TickTaskStkLimit
 .rodata.OSCfg_TickTaskStkSize
                0x0000a330        0x4 ./source/rtos/uCOSIII/src/uCOS-III/Source/os_cfg_app.o
                0x0000a330                OSCfg_TickTaskStkSize
 .rodata.OSCfg_TmrTaskRate_Hz
                0x0000a334        0x4 ./source/rtos/uCOSIII/src/uCOS-III/Source/os_cfg_app.o
                0x0000a334                OSCfg_TmrTaskRate_Hz
 .rodata.OSCfg_TmrTaskStkBasePtr
                0x0000a338        0x4 ./source/rtos/uCOSIII/src/uCOS-III/Source/os_cfg_app.o
                0x0000a338                OSCfg_TmrTaskStkBasePtr
 .rodata.OSCfg_TmrTaskStkLimit
                0x0000a33c        0x4 ./source/rtos/uCOSIII/src/uCOS-III/Source/os_cfg_app.o
                0x0000a33c                OSCfg_TmrTaskStkLimit
 .rodata.OSCfg_TmrTaskStkSize
                0x0000a340        0x4 ./source/rtos/uCOSIII/src/uCOS-III/Source/os_cfg_app.o
                0x0000a340                OSCfg_TmrTaskStkSize
 .rodata.OS_IdleTaskInit.str1.4
                0x0000a344      0x29b ./source/rtos/uCOSIII/src/uCOS-III/Source/os_core.o
                                 0x14 (size before relaxing)
 .rodata.OS_PendDbgNameAdd.str1.4
                0x0000a5df       0x16 ./source/rtos/uCOSIII/src/uCOS-III/Source/os_core.o
 *fill*         0x0000a5df        0x1 ff
 .rodata.OSDbg_EndiannessTest
                0x0000a5e0        0x4 ./source/rtos/uCOSIII/src/uCOS-III/Source/os_dbg.o
                0x0000a5e0                OSDbg_EndiannessTest
 .rodata.OSDbg_FlagGrp
                0x0000a5e4       0x28 ./source/rtos/uCOSIII/src/uCOS-III/Source/os_dbg.o
                0x0000a5e4                OSDbg_FlagGrp
 .rodata.OSDbg_Mem
                0x0000a60c       0x20 ./source/rtos/uCOSIII/src/uCOS-III/Source/os_dbg.o
                0x0000a60c                OSDbg_Mem
 .rodata.OSDbg_Mutex
                0x0000a62c       0x30 ./source/rtos/uCOSIII/src/uCOS-III/Source/os_dbg.o
                0x0000a62c                OSDbg_Mutex
 .rodata.OSDbg_Q
                0x0000a65c       0x30 ./source/rtos/uCOSIII/src/uCOS-III/Source/os_dbg.o
                0x0000a65c                OSDbg_Q
 .rodata.OSDbg_Sem
                0x0000a68c       0x28 ./source/rtos/uCOSIII/src/uCOS-III/Source/os_dbg.o
                0x0000a68c                OSDbg_Sem
 .rodata.OSDbg_RdyListSize
                0x0000a6b4        0x4 ./source/rtos/uCOSIII/src/uCOS-III/Source/os_dbg.o
                0x0000a6b4                OSDbg_RdyListSize
 .rodata.OSDbg_Tmr
                0x0000a6b8       0x30 ./source/rtos/uCOSIII/src/uCOS-III/Source/os_dbg.o
                0x0000a6b8                OSDbg_Tmr
 .rodata.OSDbg_DataSize
                0x0000a6e8        0x4 ./source/rtos/uCOSIII/src/uCOS-III/Source/os_dbg.o
                0x0000a6e8                OSDbg_DataSize
 .rodata.OS_MutexDbgListAdd.str1.4
                0x0000a6ec        0x2 ./source/rtos/uCOSIII/src/uCOS-III/Source/os_mutex.o
 .rodata.OS_QDbgListAdd.str1.4
                0x0000a6ec        0x2 ./source/rtos/uCOSIII/src/uCOS-III/Source/os_q.o
 .rodata.OS_SemDbgListAdd.str1.4
                0x0000a6ec        0x2 ./source/rtos/uCOSIII/src/uCOS-III/Source/os_sem.o
 .rodata.OS_StatTaskInit.str1.4
                0x0000a6ec       0x14 ./source/rtos/uCOSIII/src/uCOS-III/Source/os_stat.o
 .rodata.OS_TaskInitTCB.str1.4
                0x0000a6ec        0xa ./source/rtos/uCOSIII/src/uCOS-III/Source/os_task.o
 .rodata.OS_TickTaskInit.str1.4
                0x0000a6ec       0x14 ./source/rtos/uCOSIII/src/uCOS-III/Source/os_tick.o
 .rodata.OS_TmrInit.str1.4
                0x0000a6ec       0x25 ./source/rtos/uCOSIII/src/uCOS-III/Source/os_tmr.o
 .rodata.port_pointers
                0x0000a6ec       0x14 ./source/drivers/gpio.o
 .rodata.gpio_pointers
                0x0000a700       0x14 ./source/drivers/gpio.o
 .rodata.uart_pointers
                0x0000a714       0x18 ./source/drivers/uart.o
 .rodata.port_pointers
                0x0000a72c       0x14 ./source/drivers/uart.o
 .rodata.TaskStart.str1.4
                0x0000a740       0xc0 ./source/main.o
 .rodata.main.str1.4
                0x0000a740        0xf ./source/main.o
 .rodata.init_users.str1.4
                0x0000a740       0x71 ./source/main.o
 .rodata.login_menu.str1.4
                0x0000a740        0x8 ./source/main.o
 .rodata.admin_menu.str1.4
                0x0000a740       0x25 ./source/main.o
 .rodata.main_menu.str1.4
                0x0000a740       0x28 ./source/main.o
 .rodata.delete_menu.str1.4
                0x0000a740       0x18 ./source/main.o
 .rodata.error_menu.str1.4
                0x0000a740       0x4a ./source/main.o
 .rodata.unlock_menu.str1.4
                0x0000a740        0xb ./source/main.o
 .rodata.init_menu.str1.4
                0x0000a740        0x7 ./source/main.o
 .rodata.OSCfg_MsgPoolSize
                0x0000a740        0x2 ./source/rtos/uCOSIII/src/uCOS-III/Source/os_cfg_app.o
                0x0000a740                OSCfg_MsgPoolSize
 .rodata.OSDbg_FlagGrpSize
                0x0000a742        0x2 ./source/rtos/uCOSIII/src/uCOS-III/Source/os_dbg.o
                0x0000a742                OSDbg_FlagGrpSize
 .rodata.OSDbg_FlagWidth
                0x0000a744        0x2 ./source/rtos/uCOSIII/src/uCOS-III/Source/os_dbg.o
                0x0000a744                OSDbg_FlagWidth
 .rodata.OSDbg_MemSize
                0x0000a746        0x2 ./source/rtos/uCOSIII/src/uCOS-III/Source/os_dbg.o
                0x0000a746                OSDbg_MemSize
 .rodata.OSDbg_MsgSize
                0x0000a748        0x2 ./source/rtos/uCOSIII/src/uCOS-III/Source/os_dbg.o
                0x0000a748                OSDbg_MsgSize
 .rodata.OSDbg_MsgPoolSize
                0x0000a74a        0x2 ./source/rtos/uCOSIII/src/uCOS-III/Source/os_dbg.o
                0x0000a74a                OSDbg_MsgPoolSize
 .rodata.OSDbg_MsgQSize
                0x0000a74c        0x2 ./source/rtos/uCOSIII/src/uCOS-III/Source/os_dbg.o
                0x0000a74c                OSDbg_MsgQSize
 .rodata.OSDbg_MutexSize
                0x0000a74e        0x2 ./source/rtos/uCOSIII/src/uCOS-III/Source/os_dbg.o
                0x0000a74e                OSDbg_MutexSize
 .rodata.OSDbg_PendDataSize
                0x0000a750        0x2 ./source/rtos/uCOSIII/src/uCOS-III/Source/os_dbg.o
                0x0000a750                OSDbg_PendDataSize
 .rodata.OSDbg_PendListSize
                0x0000a752        0x2 ./source/rtos/uCOSIII/src/uCOS-III/Source/os_dbg.o
                0x0000a752                OSDbg_PendListSize
 .rodata.OSDbg_PendObjSize
                0x0000a754        0x2 ./source/rtos/uCOSIII/src/uCOS-III/Source/os_dbg.o
                0x0000a754                OSDbg_PendObjSize
 .rodata.OSDbg_PrioMax
                0x0000a756        0x2 ./source/rtos/uCOSIII/src/uCOS-III/Source/os_dbg.o
                0x0000a756                OSDbg_PrioMax
 .rodata.OSDbg_PrioTblSize
                0x0000a758        0x2 ./source/rtos/uCOSIII/src/uCOS-III/Source/os_dbg.o
                0x0000a758                OSDbg_PrioTblSize
 .rodata.OSDbg_PtrSize
                0x0000a75a        0x2 ./source/rtos/uCOSIII/src/uCOS-III/Source/os_dbg.o
                0x0000a75a                OSDbg_PtrSize
 .rodata.OSDbg_QSize
                0x0000a75c        0x2 ./source/rtos/uCOSIII/src/uCOS-III/Source/os_dbg.o
                0x0000a75c                OSDbg_QSize
 .rodata.OSDbg_SemSize
                0x0000a75e        0x2 ./source/rtos/uCOSIII/src/uCOS-III/Source/os_dbg.o
                0x0000a75e                OSDbg_SemSize
 .rodata.OSDbg_RdyList
                0x0000a760        0x2 ./source/rtos/uCOSIII/src/uCOS-III/Source/os_dbg.o
                0x0000a760                OSDbg_RdyList
 .rodata.OSDbg_TaskRegTblSize
                0x0000a762        0x2 ./source/rtos/uCOSIII/src/uCOS-III/Source/os_dbg.o
                0x0000a762                OSDbg_TaskRegTblSize
 .rodata.OSDbg_TCBSize
                0x0000a764        0x2 ./source/rtos/uCOSIII/src/uCOS-III/Source/os_dbg.o
                0x0000a764                OSDbg_TCBSize
 .rodata.OSDbg_TickListSize
                0x0000a766        0x2 ./source/rtos/uCOSIII/src/uCOS-III/Source/os_dbg.o
                0x0000a766                OSDbg_TickListSize
 .rodata.OSDbg_TmrSize
                0x0000a768        0x2 ./source/rtos/uCOSIII/src/uCOS-III/Source/os_dbg.o
                0x0000a768                OSDbg_TmrSize
 .rodata.OSDbg_VersionNbr
                0x0000a76a        0x2 ./source/rtos/uCOSIII/src/uCOS-III/Source/os_dbg.o
                0x0000a76a                OSDbg_VersionNbr
 .rodata.OSCfg_StatTaskPrio
                0x0000a76c        0x1 ./source/rtos/uCOSIII/src/uCOS-III/Source/os_cfg_app.o
                0x0000a76c                OSCfg_StatTaskPrio
 .rodata.OSCfg_TickTaskPrio
                0x0000a76d        0x1 ./source/rtos/uCOSIII/src/uCOS-III/Source/os_cfg_app.o
                0x0000a76d                OSCfg_TickTaskPrio
 .rodata.OSCfg_TmrTaskPrio
                0x0000a76e        0x1 ./source/rtos/uCOSIII/src/uCOS-III/Source/os_cfg_app.o
                0x0000a76e                OSCfg_TmrTaskPrio
 .rodata.OSDbg_DbgEn
                0x0000a76f        0x1 ./source/rtos/uCOSIII/src/uCOS-III/Source/os_dbg.o
                0x0000a76f                OSDbg_DbgEn
 .rodata.OSDbg_ArgChkEn
                0x0000a770        0x1 ./source/rtos/uCOSIII/src/uCOS-III/Source/os_dbg.o
                0x0000a770                OSDbg_ArgChkEn
 .rodata.OSDbg_AppHooksEn
                0x0000a771        0x1 ./source/rtos/uCOSIII/src/uCOS-III/Source/os_dbg.o
                0x0000a771                OSDbg_AppHooksEn
 .rodata.OSDbg_CalledFromISRChkEn
                0x0000a772        0x1 ./source/rtos/uCOSIII/src/uCOS-III/Source/os_dbg.o
                0x0000a772                OSDbg_CalledFromISRChkEn
 .rodata.OSDbg_FlagEn
                0x0000a773        0x1 ./source/rtos/uCOSIII/src/uCOS-III/Source/os_dbg.o
                0x0000a773                OSDbg_FlagEn
 .rodata.OSDbg_FlagDelEn
                0x0000a774        0x1 ./source/rtos/uCOSIII/src/uCOS-III/Source/os_dbg.o
                0x0000a774                OSDbg_FlagDelEn
 .rodata.OSDbg_FlagModeClrEn
                0x0000a775        0x1 ./source/rtos/uCOSIII/src/uCOS-III/Source/os_dbg.o
                0x0000a775                OSDbg_FlagModeClrEn
 .rodata.OSDbg_FlagPendAbortEn
                0x0000a776        0x1 ./source/rtos/uCOSIII/src/uCOS-III/Source/os_dbg.o
                0x0000a776                OSDbg_FlagPendAbortEn
 .rodata.OSDbg_ISRPostDeferredEn
                0x0000a777        0x1 ./source/rtos/uCOSIII/src/uCOS-III/Source/os_dbg.o
                0x0000a777                OSDbg_ISRPostDeferredEn
 .rodata.OSDbg_MemEn
                0x0000a778        0x1 ./source/rtos/uCOSIII/src/uCOS-III/Source/os_dbg.o
                0x0000a778                OSDbg_MemEn
 .rodata.OSDbg_MsgEn
                0x0000a779        0x1 ./source/rtos/uCOSIII/src/uCOS-III/Source/os_dbg.o
                0x0000a779                OSDbg_MsgEn
 .rodata.OSDbg_MutexEn
                0x0000a77a        0x1 ./source/rtos/uCOSIII/src/uCOS-III/Source/os_dbg.o
                0x0000a77a                OSDbg_MutexEn
 .rodata.OSDbg_MutexDelEn
                0x0000a77b        0x1 ./source/rtos/uCOSIII/src/uCOS-III/Source/os_dbg.o
                0x0000a77b                OSDbg_MutexDelEn
 .rodata.OSDbg_MutexPendAbortEn
                0x0000a77c        0x1 ./source/rtos/uCOSIII/src/uCOS-III/Source/os_dbg.o
                0x0000a77c                OSDbg_MutexPendAbortEn
 .rodata.OSDbg_ObjTypeChkEn
                0x0000a77d        0x1 ./source/rtos/uCOSIII/src/uCOS-III/Source/os_dbg.o
                0x0000a77d                OSDbg_ObjTypeChkEn
 .rodata.OSDbg_PendMultiEn
                0x0000a77e        0x1 ./source/rtos/uCOSIII/src/uCOS-III/Source/os_dbg.o
                0x0000a77e                OSDbg_PendMultiEn
 .rodata.OSDbg_QEn
                0x0000a77f        0x1 ./source/rtos/uCOSIII/src/uCOS-III/Source/os_dbg.o
                0x0000a77f                OSDbg_QEn
 .rodata.OSDbg_QDelEn
                0x0000a780        0x1 ./source/rtos/uCOSIII/src/uCOS-III/Source/os_dbg.o
                0x0000a780                OSDbg_QDelEn
 .rodata.OSDbg_QFlushEn
                0x0000a781        0x1 ./source/rtos/uCOSIII/src/uCOS-III/Source/os_dbg.o
                0x0000a781                OSDbg_QFlushEn
 .rodata.OSDbg_QPendAbortEn
                0x0000a782        0x1 ./source/rtos/uCOSIII/src/uCOS-III/Source/os_dbg.o
                0x0000a782                OSDbg_QPendAbortEn
 .rodata.OSDbg_SchedRoundRobinEn
                0x0000a783        0x1 ./source/rtos/uCOSIII/src/uCOS-III/Source/os_dbg.o
                0x0000a783                OSDbg_SchedRoundRobinEn
 .rodata.OSDbg_SemEn
                0x0000a784        0x1 ./source/rtos/uCOSIII/src/uCOS-III/Source/os_dbg.o
                0x0000a784                OSDbg_SemEn
 .rodata.OSDbg_SemDelEn
                0x0000a785        0x1 ./source/rtos/uCOSIII/src/uCOS-III/Source/os_dbg.o
                0x0000a785                OSDbg_SemDelEn
 .rodata.OSDbg_SemPendAbortEn
                0x0000a786        0x1 ./source/rtos/uCOSIII/src/uCOS-III/Source/os_dbg.o
                0x0000a786                OSDbg_SemPendAbortEn
 .rodata.OSDbg_SemSetEn
                0x0000a787        0x1 ./source/rtos/uCOSIII/src/uCOS-III/Source/os_dbg.o
                0x0000a787                OSDbg_SemSetEn
 .rodata.OSDbg_StkWidth
                0x0000a788        0x1 ./source/rtos/uCOSIII/src/uCOS-III/Source/os_dbg.o
                0x0000a788                OSDbg_StkWidth
 .rodata.OSDbg_StatTaskEn
                0x0000a789        0x1 ./source/rtos/uCOSIII/src/uCOS-III/Source/os_dbg.o
                0x0000a789                OSDbg_StatTaskEn
 .rodata.OSDbg_StatTaskStkChkEn
                0x0000a78a        0x1 ./source/rtos/uCOSIII/src/uCOS-III/Source/os_dbg.o
                0x0000a78a                OSDbg_StatTaskStkChkEn
 .rodata.OSDbg_TaskChangePrioEn
                0x0000a78b        0x1 ./source/rtos/uCOSIII/src/uCOS-III/Source/os_dbg.o
                0x0000a78b                OSDbg_TaskChangePrioEn
 .rodata.OSDbg_TaskDelEn
                0x0000a78c        0x1 ./source/rtos/uCOSIII/src/uCOS-III/Source/os_dbg.o
                0x0000a78c                OSDbg_TaskDelEn
 .rodata.OSDbg_TaskQEn
                0x0000a78d        0x1 ./source/rtos/uCOSIII/src/uCOS-III/Source/os_dbg.o
                0x0000a78d                OSDbg_TaskQEn
 .rodata.OSDbg_TaskQPendAbortEn
                0x0000a78e        0x1 ./source/rtos/uCOSIII/src/uCOS-III/Source/os_dbg.o
                0x0000a78e                OSDbg_TaskQPendAbortEn
 .rodata.OSDbg_TaskProfileEn
                0x0000a78f        0x1 ./source/rtos/uCOSIII/src/uCOS-III/Source/os_dbg.o
                0x0000a78f                OSDbg_TaskProfileEn
 .rodata.OSDbg_TaskSemPendAbortEn
                0x0000a790        0x1 ./source/rtos/uCOSIII/src/uCOS-III/Source/os_dbg.o
                0x0000a790                OSDbg_TaskSemPendAbortEn
 .rodata.OSDbg_TaskSuspendEn
                0x0000a791        0x1 ./source/rtos/uCOSIII/src/uCOS-III/Source/os_dbg.o
                0x0000a791                OSDbg_TaskSuspendEn
 .rodata.OSDbg_TimeDlyHMSMEn
                0x0000a792        0x1 ./source/rtos/uCOSIII/src/uCOS-III/Source/os_dbg.o
                0x0000a792                OSDbg_TimeDlyHMSMEn
 .rodata.OSDbg_TimeDlyResumeEn
                0x0000a793        0x1 ./source/rtos/uCOSIII/src/uCOS-III/Source/os_dbg.o
                0x0000a793                OSDbg_TimeDlyResumeEn
 .rodata.OSDbg_TmrEn
                0x0000a794        0x1 ./source/rtos/uCOSIII/src/uCOS-III/Source/os_dbg.o
                0x0000a794                OSDbg_TmrEn
 .rodata.OSDbg_TmrDelEn
                0x0000a795        0x1 ./source/rtos/uCOSIII/src/uCOS-III/Source/os_dbg.o
                0x0000a795                OSDbg_TmrDelEn
                0x0000a800                        . = ALIGN (0x8)
 *fill*         0x0000a796        0x2 ff

.glue_7         0x0000a798        0x0
 .glue_7        0x0000a798        0x0 linker stubs

.glue_7t        0x0000a798        0x0
 .glue_7t       0x0000a798        0x0 linker stubs

.vfp11_veneer   0x0000a798        0x0
 .vfp11_veneer  0x0000a798        0x0 linker stubs

.v4_bx          0x0000a798        0x0
 .v4_bx         0x0000a798        0x0 linker stubs

.iplt           0x0000a798        0x0
 .iplt          0x0000a798        0x0 ./source/rtos/uCOSIII/src/uCOS-III/Source/os_cfg_app.o

.rel.dyn        0x0000a798        0x0
 .rel.iplt      0x0000a798        0x0 ./source/rtos/uCOSIII/src/uCOS-III/Source/os_cfg_app.o

.ARM.extab
 *(SORT_BY_ALIGNMENT(.ARM.extab*) SORT_BY_ALIGNMENT(.gnu.linkonce.armextab.*))

.ARM.exidx      0x0000a798        0x0
                0x0000a798                        __exidx_start = .
 *(SORT_BY_ALIGNMENT(.ARM.exidx*) SORT_BY_ALIGNMENT(.gnu.linkonce.armexidx.*))
                0x0000a798                        __exidx_end = .
                0x0000a798                        _etext = .

.m_usb_data
 *(SORT_BY_ALIGNMENT(m_usb_bdt))

.data_RAM2      0x1fff0000        0x0 load address 0x0000a798
 FILL mask 0xff
                [!provide]                        PROVIDE (__start_data_RAM2 = .)
                [!provide]                        PROVIDE (__start_data_SRAM_LOWER = .)
 *(SORT_BY_ALIGNMENT(.ramfunc.$RAM2))
 *(SORT_BY_ALIGNMENT(.ramfunc.$SRAM_LOWER))
 *(SORT_BY_ALIGNMENT(.data.$RAM2))
 *(SORT_BY_ALIGNMENT(.data.$SRAM_LOWER))
 *(SORT_BY_ALIGNMENT(.data.$RAM2.*))
 *(SORT_BY_ALIGNMENT(.data.$SRAM_LOWER.*))
                0x1fff0000                        . = ALIGN (0x8)
                [!provide]                        PROVIDE (__end_data_RAM2 = .)
                [!provide]                        PROVIDE (__end_data_SRAM_LOWER = .)

.data_RAM3      0x14000000        0x0 load address 0x0000a798
 FILL mask 0xff
                [!provide]                        PROVIDE (__start_data_RAM3 = .)
                [!provide]                        PROVIDE (__start_data_FLEX_RAM = .)
 *(SORT_BY_ALIGNMENT(.ramfunc.$RAM3))
 *(SORT_BY_ALIGNMENT(.ramfunc.$FLEX_RAM))
 *(SORT_BY_ALIGNMENT(.data.$RAM3))
 *(SORT_BY_ALIGNMENT(.data.$FLEX_RAM))
 *(SORT_BY_ALIGNMENT(.data.$RAM3.*))
 *(SORT_BY_ALIGNMENT(.data.$FLEX_RAM.*))
                0x14000000                        . = ALIGN (0x8)
                [!provide]                        PROVIDE (__end_data_RAM3 = .)
                [!provide]                        PROVIDE (__end_data_FLEX_RAM = .)

.uninit_RESERVED
                0x20000000        0x0
                0x20000000                        _start_uninit_RESERVED = .
 *(SORT_BY_ALIGNMENT(.bss.$RESERVED*))
                0x20000000                        . = ALIGN (0x8)
                0x20000000                        _end_uninit_RESERVED = .

.data           0x20000000       0x40 load address 0x0000a798
 FILL mask 0xff
                0x20000000                        _data = .
                [!provide]                        PROVIDE (__start_data_RAM = .)
                [!provide]                        PROVIDE (__start_data_SRAM_UPPER = .)
 *(SORT_BY_ALIGNMENT(vtable))
 *(SORT_BY_ALIGNMENT(.ramfunc*))
 *(SORT_BY_ALIGNMENT(CodeQuickAccess))
 *(SORT_BY_ALIGNMENT(DataQuickAccess))
 *(SORT_BY_ALIGNMENT(RamFunction))
 *(SORT_BY_ALIGNMENT(.data*))
 .data.config   0x20000000        0x8 ./source/drivers/gateway.o
                0x20000000                config
 .data.SendData_Frame
                0x20000008        0x6 ./source/drivers/gateway.o
 *fill*         0x2000000e        0x2 ff
 .data.uart_tx_pins
                0x20000010        0x5 ./source/drivers/uart.o
 *fill*         0x20000015        0x3 ff
 .data.uart_rx_pins
                0x20000018        0x5 ./source/drivers/uart.o
 *fill*         0x2000001d        0x3 ff
 .data.current_state
                0x20000020        0x4 ./source/main.o
 .data.next_state
                0x20000024        0x4 ./source/main.o
 .data.msg2gateway
                0x20000028        0x5 ./source/main.o
                0x20000028                msg2gateway
 *fill*         0x2000002d        0x3 ff
 .data.SystemCoreClock
                0x20000030        0x4 ./SDK/CMSIS/system_MK64F12.o
                0x20000030                SystemCoreClock
 .data.OutA     0x20000034        0x1 ./source/drivers/encoder.o
 .data.OutA_prev
                0x20000035        0x1 ./source/drivers/encoder.o
 .data.OutB     0x20000036        0x1 ./source/drivers/encoder.o
 .data.OutB_prev
                0x20000037        0x1 ./source/drivers/encoder.o
 .data.sw       0x20000038        0x1 ./source/drivers/encoder.o
 .data.sw_prev  0x20000039        0x1 ./source/drivers/encoder.o
 .data.user_count
                0x2000003a        0x1 ./source/main.o
                0x20000040                        . = ALIGN (0x8)
 *fill*         0x2000003b        0x5 ff
                0x20000040                        _edata = .
                [!provide]                        PROVIDE (__end_data_RAM = .)
                [!provide]                        PROVIDE (__end_data_SRAM_UPPER = .)

.igot.plt       0x20000040        0x0 load address 0x0000a7d8
 .igot.plt      0x20000040        0x0 ./source/rtos/uCOSIII/src/uCOS-III/Source/os_cfg_app.o

.bss_RAM2       0x1fff0000        0x0
                [!provide]                        PROVIDE (__start_bss_RAM2 = .)
                [!provide]                        PROVIDE (__start_bss_SRAM_LOWER = .)
 *(SORT_BY_ALIGNMENT(.bss.$RAM2))
 *(SORT_BY_ALIGNMENT(.bss.$SRAM_LOWER))
 *(SORT_BY_ALIGNMENT(.bss.$RAM2.*))
 *(SORT_BY_ALIGNMENT(.bss.$SRAM_LOWER.*))
                0x1fff0000                        . = ALIGN ((. != 0x0)?0x8:0x1)
                [!provide]                        PROVIDE (__end_bss_RAM2 = .)
                [!provide]                        PROVIDE (__end_bss_SRAM_LOWER = .)

.bss_RAM3       0x14000000        0x0
                [!provide]                        PROVIDE (__start_bss_RAM3 = .)
                [!provide]                        PROVIDE (__start_bss_FLEX_RAM = .)
 *(SORT_BY_ALIGNMENT(.bss.$RAM3))
 *(SORT_BY_ALIGNMENT(.bss.$FLEX_RAM))
 *(SORT_BY_ALIGNMENT(.bss.$RAM3.*))
 *(SORT_BY_ALIGNMENT(.bss.$FLEX_RAM.*))
                0x14000000                        . = ALIGN ((. != 0x0)?0x8:0x1)
                [!provide]                        PROVIDE (__end_bss_RAM3 = .)
                [!provide]                        PROVIDE (__end_bss_FLEX_RAM = .)

.bss            0x20000040     0x3790
                0x20000040                        _bss = .
                [!provide]                        PROVIDE (__start_bss_RAM = .)
                [!provide]                        PROVIDE (__start_bss_SRAM_UPPER = .)
 *(SORT_BY_ALIGNMENT(.bss*))
 .bss.OSCfg_IdleTaskStk
                0x20000040      0x200 ./source/rtos/uCOSIII/src/uCOS-III/Source/os_cfg_app.o
                0x20000040                OSCfg_IdleTaskStk
 .bss.OSCfg_ISRStk
                0x20000240      0x200 ./source/rtos/uCOSIII/src/uCOS-III/Source/os_cfg_app.o
                0x20000240                OSCfg_ISRStk
 .bss.OSCfg_MsgPool
                0x20000440      0x640 ./source/rtos/uCOSIII/src/uCOS-III/Source/os_cfg_app.o
                0x20000440                OSCfg_MsgPool
 .bss.OSCfg_StatTaskStk
                0x20000a80      0x200 ./source/rtos/uCOSIII/src/uCOS-III/Source/os_cfg_app.o
                0x20000a80                OSCfg_StatTaskStk
 .bss.OSCfg_TickTaskStk
                0x20000c80      0x200 ./source/rtos/uCOSIII/src/uCOS-III/Source/os_cfg_app.o
                0x20000c80                OSCfg_TickTaskStk
 .bss.OSCfg_TmrTaskStk
                0x20000e80      0x200 ./source/rtos/uCOSIII/src/uCOS-III/Source/os_cfg_app.o
                0x20000e80                OSCfg_TmrTaskStk
 .bss.OSPrioTbl
                0x20001080        0x4 ./source/rtos/uCOSIII/src/uCOS-III/Source/os_prio.o
                0x20001080                OSPrioTbl
 .bss.OS_AppTaskCreateHookPtr
                0x20001084        0x4 ./source/rtos/uCOSIII/src/uCOS-III/Source/os_var.o
                0x20001084                OS_AppTaskCreateHookPtr
 .bss.OS_AppTaskDelHookPtr
                0x20001088        0x4 ./source/rtos/uCOSIII/src/uCOS-III/Source/os_var.o
                0x20001088                OS_AppTaskDelHookPtr
 .bss.OS_AppTaskReturnHookPtr
                0x2000108c        0x4 ./source/rtos/uCOSIII/src/uCOS-III/Source/os_var.o
                0x2000108c                OS_AppTaskReturnHookPtr
 .bss.OS_AppIdleTaskHookPtr
                0x20001090        0x4 ./source/rtos/uCOSIII/src/uCOS-III/Source/os_var.o
                0x20001090                OS_AppIdleTaskHookPtr
 .bss.OS_AppStatTaskHookPtr
                0x20001094        0x4 ./source/rtos/uCOSIII/src/uCOS-III/Source/os_var.o
                0x20001094                OS_AppStatTaskHookPtr
 .bss.OS_AppTaskSwHookPtr
                0x20001098        0x4 ./source/rtos/uCOSIII/src/uCOS-III/Source/os_var.o
                0x20001098                OS_AppTaskSwHookPtr
 .bss.OS_AppTimeTickHookPtr
                0x2000109c        0x4 ./source/rtos/uCOSIII/src/uCOS-III/Source/os_var.o
                0x2000109c                OS_AppTimeTickHookPtr
 .bss.OSIdleTaskCtr
                0x200010a0        0x4 ./source/rtos/uCOSIII/src/uCOS-III/Source/os_var.o
                0x200010a0                OSIdleTaskCtr
 .bss.OSIdleTaskTCB
                0x200010a4       0xc4 ./source/rtos/uCOSIII/src/uCOS-III/Source/os_var.o
                0x200010a4                OSIdleTaskTCB
 .bss.OSFlagDbgListPtr
                0x20001168        0x4 ./source/rtos/uCOSIII/src/uCOS-III/Source/os_var.o
                0x20001168                OSFlagDbgListPtr
 .bss.OSMemDbgListPtr
                0x2000116c        0x4 ./source/rtos/uCOSIII/src/uCOS-III/Source/os_var.o
                0x2000116c                OSMemDbgListPtr
 .bss.OSMsgPool
                0x20001170        0xc ./source/rtos/uCOSIII/src/uCOS-III/Source/os_var.o
                0x20001170                OSMsgPool
 .bss.OSMutexDbgListPtr
                0x2000117c        0x4 ./source/rtos/uCOSIII/src/uCOS-III/Source/os_var.o
                0x2000117c                OSMutexDbgListPtr
 .bss.OSQDbgListPtr
                0x20001180        0x4 ./source/rtos/uCOSIII/src/uCOS-III/Source/os_var.o
                0x20001180                OSQDbgListPtr
 .bss.OSRdyList
                0x20001184      0x180 ./source/rtos/uCOSIII/src/uCOS-III/Source/os_var.o
                0x20001184                OSRdyList
 .bss.OSSchedRoundRobinDfltTimeQuanta
                0x20001304        0x4 ./source/rtos/uCOSIII/src/uCOS-III/Source/os_var.o
                0x20001304                OSSchedRoundRobinDfltTimeQuanta
 .bss.OSSemDbgListPtr
                0x20001308        0x4 ./source/rtos/uCOSIII/src/uCOS-III/Source/os_var.o
                0x20001308                OSSemDbgListPtr
 .bss.OSStatTaskCtr
                0x2000130c        0x4 ./source/rtos/uCOSIII/src/uCOS-III/Source/os_var.o
                0x2000130c                OSStatTaskCtr
 .bss.OSStatTaskCtrMax
                0x20001310        0x4 ./source/rtos/uCOSIII/src/uCOS-III/Source/os_var.o
                0x20001310                OSStatTaskCtrMax
 .bss.OSStatTaskCtrRun
                0x20001314        0x4 ./source/rtos/uCOSIII/src/uCOS-III/Source/os_var.o
                0x20001314                OSStatTaskCtrRun
 .bss.OSStatTaskTCB
                0x20001318       0xc4 ./source/rtos/uCOSIII/src/uCOS-III/Source/os_var.o
                0x20001318                OSStatTaskTCB
 .bss.OSStatTaskTimeMax
                0x200013dc        0x4 ./source/rtos/uCOSIII/src/uCOS-III/Source/os_var.o
                0x200013dc                OSStatTaskTimeMax
 .bss.OSTaskCtxSwCtr
                0x200013e0        0x4 ./source/rtos/uCOSIII/src/uCOS-III/Source/os_var.o
                0x200013e0                OSTaskCtxSwCtr
 .bss.OSTaskDbgListPtr
                0x200013e4        0x4 ./source/rtos/uCOSIII/src/uCOS-III/Source/os_var.o
                0x200013e4                OSTaskDbgListPtr
 .bss.OSTickCtr
                0x200013e8        0x4 ./source/rtos/uCOSIII/src/uCOS-III/Source/os_var.o
                0x200013e8                OSTickCtr
 .bss.OSTickTaskTCB
                0x200013ec       0xc4 ./source/rtos/uCOSIII/src/uCOS-III/Source/os_var.o
                0x200013ec                OSTickTaskTCB
 .bss.OSTickTaskTimeMax
                0x200014b0        0x4 ./source/rtos/uCOSIII/src/uCOS-III/Source/os_var.o
                0x200014b0                OSTickTaskTimeMax
 .bss.OSTickListDly
                0x200014b4        0x8 ./source/rtos/uCOSIII/src/uCOS-III/Source/os_var.o
                0x200014b4                OSTickListDly
 .bss.OSTickListTimeout
                0x200014bc        0x8 ./source/rtos/uCOSIII/src/uCOS-III/Source/os_var.o
                0x200014bc                OSTickListTimeout
 .bss.OSTmrDbgListPtr
                0x200014c4        0x4 ./source/rtos/uCOSIII/src/uCOS-III/Source/os_var.o
                0x200014c4                OSTmrDbgListPtr
 .bss.OSTmrListPtr
                0x200014c8        0x4 ./source/rtos/uCOSIII/src/uCOS-III/Source/os_var.o
                0x200014c8                OSTmrListPtr
 .bss.OSTmrMutex
                0x200014cc       0x30 ./source/rtos/uCOSIII/src/uCOS-III/Source/os_var.o
                0x200014cc                OSTmrMutex
 .bss.OSTmrTaskTCB
                0x200014fc       0xc4 ./source/rtos/uCOSIII/src/uCOS-III/Source/os_var.o
                0x200014fc                OSTmrTaskTCB
 .bss.OSTmrTaskTimeMax
                0x200015c0        0x4 ./source/rtos/uCOSIII/src/uCOS-III/Source/os_var.o
                0x200015c0                OSTmrTaskTimeMax
 .bss.OSTmrTickCtr
                0x200015c4        0x4 ./source/rtos/uCOSIII/src/uCOS-III/Source/os_var.o
                0x200015c4                OSTmrTickCtr
 .bss.OSTmrUpdateCnt
                0x200015c8        0x4 ./source/rtos/uCOSIII/src/uCOS-III/Source/os_var.o
                0x200015c8                OSTmrUpdateCnt
 .bss.OSTmrUpdateCtr
                0x200015cc        0x4 ./source/rtos/uCOSIII/src/uCOS-III/Source/os_var.o
                0x200015cc                OSTmrUpdateCtr
 .bss.OSTCBCurPtr
                0x200015d0        0x4 ./source/rtos/uCOSIII/src/uCOS-III/Source/os_var.o
                0x200015d0                OSTCBCurPtr
 .bss.OSTCBHighRdyPtr
                0x200015d4        0x4 ./source/rtos/uCOSIII/src/uCOS-III/Source/os_var.o
                0x200015d4                OSTCBHighRdyPtr
 .bss.OS_CPU_ExceptStkBase
                0x200015d8        0x4 ./source/rtos/uCOSIII/src/uCOS-III/Ports/ARM-Cortex-M4/Generic/GNU/os_cpu_c.o
                0x200015d8                OS_CPU_ExceptStkBase
 .bss.CPU_TS_TmrFreq_Hz
                0x200015dc        0x4 ./source/rtos/uCOSIII/src/uC-CPU/cpu_core.o
                0x200015dc                CPU_TS_TmrFreq_Hz
 .bss.semaforoLectora
                0x200015e0        0x4 ./source/drivers/CRead.o
                0x200015e0                semaforoLectora
 .bss.data      0x200015e4       0xc8 ./source/drivers/CRead.o
 .bss.track     0x200016ac       0x28 ./source/drivers/CRead.o
 .bss.ID        0x200016d4        0x8 ./source/drivers/CRead.o
 .bss.data_index
                0x200016dc        0x4 ./source/drivers/CRead.o
 .bss.display_pins
                0x200016e0        0x7 ./source/drivers/display_7s.o
 *fill*         0x200016e7        0x1 
 .bss.display_select
                0x200016e8        0x2 ./source/drivers/display_7s.o
 *fill*         0x200016ea        0x2 
 .bss.message_array
                0x200016ec       0x28 ./source/drivers/display_7s.o
 .bss.pwm_counter
                0x20001714        0x4 ./source/drivers/display_7s.o
                0x20001714                pwm_counter
 .bss.pwm       0x20001718        0x4 ./source/drivers/display_7s.o
                0x20001718                pwm
 .bss.blink     0x2000171c        0x4 ./source/drivers/display_7s.o
                0x2000171c                blink
 .bss.spin      0x20001720        0x4 ./source/drivers/display_7s.o
                0x20001720                spin
 .bss.FIFO_Array
                0x20001724      0xcb0 ./source/drivers/fifo.o
 .bss.CALLBACKS
                0x200023d4      0x280 ./source/drivers/gpio.o
 .bss.uarts     0x20002654       0x28 ./source/drivers/uart.o
 .bss.fifo_tx_ids
                0x2000267c        0x5 ./source/drivers/uart.o
 *fill*         0x20002681        0x3 
 .bss.fifo_rx_ids
                0x20002684        0x5 ./source/drivers/uart.o
 *fill*         0x20002689        0x3 
 .bss.rdrf_flags
                0x2000268c        0x5 ./source/drivers/uart.o
 *fill*         0x20002691        0x3 
 .bss.users     0x20002694       0x68 ./source/main.o
 .bss.passwords
                0x200026fc       0x41 ./source/main.o
 *fill*         0x2000273d        0x3 
 .bss.queue     0x20002740        0x6 ./source/main.o
 *fill*         0x20002746        0x2 
 .bss.login_user
                0x20002748        0x4 ./source/main.o
 .bss.current_ID
                0x2000274c        0x8 ./source/main.o
 .bss.login_ID  0x20002754        0x8 ./source/main.o
 .bss.login_pass
                0x2000275c        0x5 ./source/main.o
 *fill*         0x20002761        0x3 
 .bss.login_idx
                0x20002764        0x4 ./source/main.o
 .bss.login_char
                0x20002768        0x4 ./source/main.o
 .bss.main_idx  0x2000276c        0x4 ./source/main.o
 .bss.admin_idx
                0x20002770        0x4 ./source/main.o
 .bss.brightness
                0x20002774        0x4 ./source/main.o
                0x20002774                brightness
 .bss.msg_half  0x20002778        0x4 ./source/main.o
 .bss.msg_ID    0x2000277c        0x8 ./source/main.o
 .bss.building  0x20002784        0x3 ./source/main.o
 *fill*         0x20002787        0x1 
 .bss.logged_users
                0x20002788        0x3 ./source/main.o
 *fill*         0x2000278b        0x1 
 .bss.tenants   0x2000278c        0xd ./source/main.o
 *fill*         0x20002799        0x3 
 .bss.adm_floor
                0x2000279c        0x4 ./source/main.o
 .bss.TaskStartTCB
                0x200027a0       0xc4 ./source/main.o
 .bss.TaskStartStk
                0x20002864      0x800 ./source/main.o
 .bss.TaskGatewayTCB
                0x20003064       0xc4 ./source/main.o
 .bss.TaskGatewayStk
                0x20003128      0x400 ./source/main.o
 .bss.semEncoder
                0x20003528       0x28 ./source/main.o
 .bss.semLectora
                0x20003550       0x28 ./source/main.o
 .bss.pend_data_tbl
                0x20003578       0x40 ./source/main.o