Archive member included to satisfy reference by file (symbol)

C:/nxp/MCUXpressoIDE_11.10.0_3148/ide/plugins/com.nxp.mcuxpresso.tools.win32_11.10.0.202311280810/tools/bin/../lib/gcc/arm-none-eabi/13.2.1/thumb/v7e-m+fp/hard\libcr_eabihelpers.a(division_64.o)
                              ./source/rtos/uCOSIII/BSP/cpu_bsp.o (__aeabi_uldivmod)
C:/nxp/MCUXpressoIDE_11.10.0_3148/ide/plugins/com.nxp.mcuxpresso.tools.win32_11.10.0.202311280810/tools/bin/../lib/gcc/arm-none-eabi/13.2.1/thumb/v7e-m+fp/hard\libcr_eabihelpers.a(division_idiv0.o)
                              C:/nxp/MCUXpressoIDE_11.10.0_3148/ide/plugins/com.nxp.mcuxpresso.tools.win32_11.10.0.202311280810/tools/bin/../lib/gcc/arm-none-eabi/13.2.1/thumb/v7e-m+fp/hard\libcr_eabihelpers.a(division_64.o) (__aeabi_idiv0)

Discarded input sections

 .group         0x00000000        0xc ./source/rtos/uCOSIII/src/uCOS-III/Source/os_cfg_app.o
 .group         0x00000000        0xc ./source/rtos/uCOSIII/src/uCOS-III/Source/os_cfg_app.o
 .group         0x00000000        0xc ./source/rtos/uCOSIII/src/uCOS-III/Source/os_cfg_app.o
 .group         0x00000000        0xc ./source/rtos/uCOSIII/src/uCOS-III/Source/os_cfg_app.o
 .group         0x00000000        0xc ./source/rtos/uCOSIII/src/uCOS-III/Source/os_cfg_app.o
 .group         0x00000000        0xc ./source/rtos/uCOSIII/src/uCOS-III/Source/os_cfg_app.o
 .group         0x00000000        0xc ./source/rtos/uCOSIII/src/uCOS-III/Source/os_cfg_app.o
 .group         0x00000000        0xc ./source/rtos/uCOSIII/src/uCOS-III/Source/os_cfg_app.o
 .group         0x00000000        0xc ./source/rtos/uCOSIII/src/uCOS-III/Source/os_cfg_app.o
 .group         0x00000000        0xc ./source/rtos/uCOSIII/src/uCOS-III/Source/os_cfg_app.o
 .group         0x00000000        0xc ./source/rtos/uCOSIII/src/uCOS-III/Source/os_cfg_app.o
 .group         0x00000000        0xc ./source/rtos/uCOSIII/src/uCOS-III/Source/os_cfg_app.o
 .text          0x00000000        0x0 ./source/rtos/uCOSIII/src/uCOS-III/Source/os_cfg_app.o
 .data          0x00000000        0x0 ./source/rtos/uCOSIII/src/uCOS-III/Source/os_cfg_app.o
 .bss           0x00000000        0x0 ./source/rtos/uCOSIII/src/uCOS-III/Source/os_cfg_app.o
 .rodata.OSCfg_IdleTaskStkSizeRAM
                0x00000000        0x4 ./source/rtos/uCOSIII/src/uCOS-III/Source/os_cfg_app.o
 .rodata.OSCfg_IntQBasePtr
                0x00000000        0x4 ./source/rtos/uCOSIII/src/uCOS-III/Source/os_cfg_app.o
 .rodata.OSCfg_IntQSize
                0x00000000        0x2 ./source/rtos/uCOSIII/src/uCOS-III/Source/os_cfg_app.o
 .rodata.OSCfg_IntQSizeRAM
                0x00000000        0x4 ./source/rtos/uCOSIII/src/uCOS-III/Source/os_cfg_app.o
 .rodata.OSCfg_IntQTaskStkBasePtr
                0x00000000        0x4 ./source/rtos/uCOSIII/src/uCOS-III/Source/os_cfg_app.o
 .rodata.OSCfg_IntQTaskStkLimit
                0x00000000        0x4 ./source/rtos/uCOSIII/src/uCOS-III/Source/os_cfg_app.o
 .rodata.OSCfg_IntQTaskStkSize
                0x00000000        0x4 ./source/rtos/uCOSIII/src/uCOS-III/Source/os_cfg_app.o
 .rodata.OSCfg_IntQTaskStkSizeRAM
                0x00000000        0x4 ./source/rtos/uCOSIII/src/uCOS-III/Source/os_cfg_app.o
 .rodata.OSCfg_ISRStkSizeRAM
                0x00000000        0x4 ./source/rtos/uCOSIII/src/uCOS-III/Source/os_cfg_app.o
 .rodata.OSCfg_MsgPoolSizeRAM
                0x00000000        0x4 ./source/rtos/uCOSIII/src/uCOS-III/Source/os_cfg_app.o
 .rodata.OSCfg_StatTaskStkSizeRAM
                0x00000000        0x4 ./source/rtos/uCOSIII/src/uCOS-III/Source/os_cfg_app.o
 .rodata.OSCfg_TickTaskStkSizeRAM
                0x00000000        0x4 ./source/rtos/uCOSIII/src/uCOS-III/Source/os_cfg_app.o
 .rodata.OSCfg_TmrTaskStkSizeRAM
                0x00000000        0x4 ./source/rtos/uCOSIII/src/uCOS-III/Source/os_cfg_app.o
 .rodata.OSCfg_DataSizeRAM
                0x00000000        0x4 ./source/rtos/uCOSIII/src/uCOS-III/Source/os_cfg_app.o
 .group         0x00000000        0xc ./source/rtos/uCOSIII/src/uCOS-III/Source/os_core.o
 .group         0x00000000        0xc ./source/rtos/uCOSIII/src/uCOS-III/Source/os_core.o
 .group         0x00000000        0xc ./source/rtos/uCOSIII/src/uCOS-III/Source/os_core.o
 .group         0x00000000        0xc ./source/rtos/uCOSIII/src/uCOS-III/Source/os_core.o
 .group         0x00000000        0xc ./source/rtos/uCOSIII/src/uCOS-III/Source/os_core.o
 .group         0x00000000        0xc ./source/rtos/uCOSIII/src/uCOS-III/Source/os_core.o
 .group         0x00000000        0xc ./source/rtos/uCOSIII/src/uCOS-III/Source/os_core.o
 .group         0x00000000        0xc ./source/rtos/uCOSIII/src/uCOS-III/Source/os_core.o
 .group         0x00000000        0xc ./source/rtos/uCOSIII/src/uCOS-III/Source/os_core.o
 .group         0x00000000        0xc ./source/rtos/uCOSIII/src/uCOS-III/Source/os_core.o
 .group         0x00000000        0xc ./source/rtos/uCOSIII/src/uCOS-III/Source/os_core.o
[...]
Memory Configuration

Name             Origin             Length             Attributes
PROGRAM_FLASH    0x00000000         0x00100000         xr
SRAM_UPPER       0x20000000         0x00030000         xrw
SRAM_LOWER       0x1fff0000         0x00010000         xrw
FLEX_RAM         0x14000000         0x00001000         xrw
*default*        0x00000000         0xffffffff

Linker script and memory map

LOAD ./source/rtos/uCOSIII/src/uCOS-III/Source/os_cfg_app.o
LOAD ./source/rtos/uCOSIII/src/uCOS-III/Source/os_core.o
LOAD ./source/rtos/uCOSIII/src/uCOS-III/Source/os_dbg.o
LOAD ./source/rtos/uCOSIII/src/uCOS-III/Source/os_flag.o
LOAD ./source/rtos/uCOSIII/src/uCOS-III/Source/os_int.o
LOAD ./source/rtos/uCOSIII/src/uCOS-III/Source/os_mem.o
LOAD ./source/rtos/uCOSIII/src/uCOS-III/Source/os_msg.o
LOAD ./source/rtos/uCOSIII/src/uCOS-III/Source/os_mutex.o
LOAD ./source/rtos/uCOSIII/src/uCOS-III/Source/os_pend_multi.o
LOAD ./source/rtos/uCOSIII/src/uCOS-III/Source/os_prio.o
LOAD ./source/rtos/uCOSIII/src/uCOS-III/Source/os_q.o
LOAD ./source/rtos/uCOSIII/src/uCOS-III/Source/os_sem.o
LOAD ./source/rtos/uCOSIII/src/uCOS-III/Source/os_stat.o
LOAD ./source/rtos/uCOSIII/src/uCOS-III/Source/os_task.o
LOAD ./source/rtos/uCOSIII/src/uCOS-III/Source/os_tick.o
LOAD ./source/rtos/uCOSIII/src/uCOS-III/Source/os_time.o
LOAD ./source/rtos/uCOSIII/src/uCOS-III/Source/os_tmr.o
LOAD ./source/rtos/uCOSIII/src/uCOS-III/Source/os_var.o
LOAD ./source/rtos/uCOSIII/src/uCOS-III/Ports/ARM-Cortex-M4/Generic/GNU/os_cpu_a.o
LOAD ./source/rtos/uCOSIII/src/uCOS-III/Ports/ARM-Cortex-M4/Generic/GNU/os_cpu_c.o
LOAD ./source/rtos/uCOSIII/src/uC-CPU/ARM-Cortex-M4/GNU/cpu_a.o
LOAD ./source/rtos/uCOSIII/src/uC-CPU/ARM-Cortex-M4/GNU/cpu_c.o
LOAD ./source/rtos/uCOSIII/src/uC-CPU/cpu_core.o
LOAD ./source/rtos/uCOSIII/BSP/cpu_bsp.o
LOAD ./source/drivers/CRead.o
LOAD ./source/drivers/PWM.o
LOAD ./source/drivers/building.o
LOAD ./source/drivers/display_7s.o
LOAD ./source/drivers/dma.o
LOAD ./source/drivers/encoder.o
LOAD ./source/drivers/gpio.o
LOAD ./source/drivers/matrix.o
LOAD ./source/main.o
LOAD ./SDK/startup/hardware.o
LOAD ./SDK/startup/semihost_hardfault.o
LOAD ./SDK/startup/startup_mk64f12.o
LOAD ./SDK/CMSIS/system_MK64F12.o
START GROUP
LOAD C:/nxp/MCUXpressoIDE_11.10.0_3148/ide/plugins/com.nxp.mcuxpresso.tools.win32_11.10.0.202311280810/tools/bin/../lib/gcc/arm-none-eabi/13.2.1/../../../../arm-none-eabi/lib/thumb/v7e-m+fp/hard\libcr_c.a
LOAD C:/nxp/MCUXpressoIDE_11.10.0_3148/ide/plugins/com.nxp.mcuxpresso.tools.win32_11.10.0.202311280810/tools/bin/../lib/gcc/arm-none-eabi/13.2.1/thumb/v7e-m+fp/hard\libcr_eabihelpers.a
LOAD C:/nxp/MCUXpressoIDE_11.10.0_3148/ide/plugins/com.nxp.mcuxpresso.tools.win32_11.10.0.202311280810/tools/bin/../lib/gcc/arm-none-eabi/13.2.1/thumb/v7e-m+fp/hard\libgcc.a
END GROUP
                0x00000000                        __base_PROGRAM_FLASH = 0x0
                0x00000000                        __base_Flash = 0x0
                0x00100000                        __top_PROGRAM_FLASH = 0x100000
                0x00100000                        __top_Flash = 0x100000
                0x20000000                        __base_SRAM_UPPER = 0x20000000
                0x20000000                        __base_RAM = 0x20000000
                0x20030000                        __top_SRAM_UPPER = 0x20030000
                0x20030000                        __top_RAM = 0x20030000
                0x1fff0000                        __base_SRAM_LOWER = 0x1fff0000
                0x1fff0000                        __base_RAM2 = 0x1fff0000
                0x20000000                        __top_SRAM_LOWER = 0x20000000
                0x20000000                        __top_RAM2 = 0x20000000
                0x14000000                        __base_FLEX_RAM = 0x14000000
                0x14000000                        __base_RAM3 = 0x14000000
                0x14001000                        __top_FLEX_RAM = 0x14001000
                0x14001000                        __top_RAM3 = 0x14001000

.text           0x00000000     0x9e80
 FILL mask 0xff
                0x00000000                        __vectors_start__ = ABSOLUTE (.)
 *(SORT_BY_ALIGNMENT(.isr_vector))
 .isr_vector    0x00000000      0x198 ./SDK/startup/startup_mk64f12.o
                0x00000000                g_pfnVectors
                0x00000000                __Vectors
                0x00000198                        . = ALIGN (0x4)
                0x00000198                        __section_table_start = .
                0x00000198                        __data_section_table = .
                0x00000198        0x4 LONG 0x9e80 LOADADDR (.data)
                0x0000019c        0x4 LONG 0x20000000 ADDR (.data)
                0x000001a0        0x4 LONG 0x20 SIZEOF (.data)
                0x000001a4        0x4 LONG 0x9e80 LOADADDR (.data_RAM2)
                0x000001a8        0x4 LONG 0x1fff0000 ADDR (.data_RAM2)
                0x000001ac        0x4 LONG 0x0 SIZEOF (.data_RAM2)
                0x000001b0        0x4 LONG 0x9e80 LOADADDR (.data_RAM3)
                0x000001b4        0x4 LONG 0x14000000 ADDR (.data_RAM3)
                0x000001b8        0x4 LONG 0x0 SIZEOF (.data_RAM3)
                0x000001bc                        __data_section_table_end = .
                0x000001bc                        __bss_section_table = .
                0x000001bc        0x4 LONG 0x20000020 ADDR (.bss)
                0x000001c0        0x4 LONG 0x3780 SIZEOF (.bss)
                0x000001c4        0x4 LONG 0x1fff0000 ADDR (.bss_RAM2)
                0x000001c8        0x4 LONG 0x0 SIZEOF (.bss_RAM2)
                0x000001cc        0x4 LONG 0x14000000 ADDR (.bss_RAM3)
                0x000001d0        0x4 LONG 0x0 SIZEOF (.bss_RAM3)
                0x000001d4                        __bss_section_table_end = .
                0x000001d4                        __section_table_end = .
 *(SORT_BY_ALIGNMENT(.after_vectors*))
 .after_vectors.reset
                0x000001d4       0x4c ./SDK/startup/startup_mk64f12.o
                0x000001d4                ResetISR
 .after_vectors.init_data
                0x00000220       0x1c ./SDK/startup/startup_mk64f12.o
                0x00000220                data_init
 .after_vectors.init_bss
                0x0000023c       0x12 ./SDK/startup/startup_mk64f12.o
                0x0000023c                bss_init
 .after_vectors
                0x0000024e       0x14 ./SDK/startup/startup_mk64f12.o
                0x0000024e                NMI_Handler
                0x00000252                MemManage_Handler
                0x00000254                BusFault_Handler
                0x00000256                UsageFault_Handler
                0x00000258                SVC_Handler
                0x0000025a                DebugMon_Handler
                0x00000260                DMA_Error_DriverIRQHandler
                0x00000260                LPTMR0_DriverIRQHandler
                0x00000260                FTM1_DriverIRQHandler
                0x00000260                FTM2_DriverIRQHandler
                0x00000260                PIT2_DriverIRQHandler
                0x00000260                SDHC_DriverIRQHandler
                0x00000260                I2S0_Tx_DriverIRQHandler
                0x00000260                RTC_Seconds_DriverIRQHandler
                0x00000260                DMA6_DriverIRQHandler
                0x00000260                LLWU_DriverIRQHandler
                0x00000260                MCM_DriverIRQHandler
                0x00000260                MCG_DriverIRQHandler
                0x00000260                ENET_1588_Timer_DriverIRQHandler
                0x00000260                I2C2_DriverIRQHandler
                0x00000260                DAC1_DriverIRQHandler
                0x00000260                SPI1_DriverIRQHandler
                0x00000260                CMP1_DriverIRQHandler
                0x00000260                UART5_RX_TX_DriverIRQHandler
                0x00000260                FTM0_DriverIRQHandler
                0x00000260                IntDefaultHandler
                0x00000260                USB0_DriverIRQHandler
                0x00000260                UART5_ERR_DriverIRQHandler
                0x00000260                PORTC_DriverIRQHandler
                0x00000260                DMA11_DriverIRQHandler
                0x00000260                DAC0_DriverIRQHandler
                0x00000260                DMA10_DriverIRQHandler
                0x00000260                CMP2_DriverIRQHandler
                0x00000260                UART2_ERR_DriverIRQHandler
                0x00000260                SPI2_DriverIRQHandler
                0x00000260                LVD_LVW_DriverIRQHandler
                0x00000260                PIT0_DriverIRQHandler
                0x00000260                RNG_DriverIRQHandler
                0x00000260                DMA5_DriverIRQHandler
                0x00000260                DMA12_DriverIRQHandler
                0x00000260                UART2_RX_TX_DriverIRQHandler
                0x00000260                USBDCD_DriverIRQHandler
                0x00000260                UART3_ERR_DriverIRQHandler
                0x00000260                DMA3_DriverIRQHandler
                0x00000260                DMA8_DriverIRQHandler
                0x00000260                DMA9_DriverIRQHandler
                0x00000260                UART0_ERR_DriverIRQHandler
                0x00000260                CMT_DriverIRQHandler
                0x00000260                Reserved71_DriverIRQHandler
                0x00000260                ADC1_DriverIRQHandler
                0x00000260                PORTA_DriverIRQHandler
                0x00000260                DMA14_DriverIRQHandler
                0x00000260                PIT3_DriverIRQHandler
                0x00000260                PIT1_DriverIRQHandler
                0x00000260                WDOG_EWM_DriverIRQHandler
                0x00000260                PDB0_DriverIRQHandler
                0x00000260                RTC_DriverIRQHandler
                0x00000260                I2S0_Rx_DriverIRQHandler
                0x00000260                Read_Collision_DriverIRQHandler
                0x00000260                SWI_DriverIRQHandler
                0x00000260                UART4_RX_TX_DriverIRQHandler
                0x00000260                UART4_ERR_DriverIRQHandler
                0x00000260                PORTB_DriverIRQHandler
                0x00000260                UART0_LON_DriverIRQHandler
                0x00000260                DMA0_DriverIRQHandler
                0x00000260                DMA1_DriverIRQHandler
                0x00000260                I2C1_DriverIRQHandler
                0x00000260                UART3_RX_TX_DriverIRQHandler
                0x00000260                ENET_Receive_DriverIRQHandler
                0x00000260                DMA13_DriverIRQHandler
                0x00000260                ENET_Error_DriverIRQHandler
                0x00000260                DMA15_DriverIRQHandler
                0x00000260                UART0_RX_TX_DriverIRQHandler
                0x00000260                SPI0_DriverIRQHandler
                0x00000260                ADC0_DriverIRQHandler
                0x00000260                CMP0_DriverIRQHandler
                0x00000260                CAN0_DriverIRQHandler
                0x00000260                FTM3_DriverIRQHandler
                0x00000260                DMA4_DriverIRQHandler
                0x00000260                UART1_ERR_DriverIRQHandler
                0x00000260                DMA2_DriverIRQHandler
                0x00000260                ENET_Transmit_DriverIRQHandler
                0x00000260                PORTD_DriverIRQHandler
                0x00000260                PORTE_DriverIRQHandler
                0x00000260                FTFE_DriverIRQHandler
                0x00000260                I2C0_DriverIRQHandler
                0x00000260                DMA7_DriverIRQHandler
                0x00000260                UART1_RX_TX_DriverIRQHandler
                0x00000400                        . = 0x400
 *fill*         0x00000262      0x19e ff
                0x00000400                        PROVIDE (__FLASH_CONFIG_START__ = .)
 *(SORT_BY_ALIGNMENT(.FlashConfig))
 .FlashConfig   0x00000400       0x10 ./SDK/startup/startup_mk64f12.o
                0x00000400                Flash_Config
                0x00000410                        PROVIDE (__FLASH_CONFIG_END__ = .)
                0x00000001                        ASSERT (! ((__FLASH_CONFIG_START__ == __FLASH_CONFIG_END__)), Linker Flash Config Support Enabled, but no .FlashConfig section provided within application)
 *(SORT_BY_ALIGNMENT(.text*))
 .text.OSInit   0x00000410      0x1ec ./source/rtos/uCOSIII/src/uCOS-III/Source/os_core.o
                0x00000410                OSInit
 .text.OSIntEnter
                0x000005fc       0x38 ./source/rtos/uCOSIII/src/uCOS-III/Source/os_core.o
                0x000005fc                OSIntEnter
 .text.OSIntExit
                0x00000634       0xd8 ./source/rtos/uCOSIII/src/uCOS-III/Source/os_core.o
                0x00000634                OSIntExit
 .text.OSSched  0x0000070c       0xa8 ./source/rtos/uCOSIII/src/uCOS-III/Source/os_core.o
                0x0000070c                OSSched
 .text.OSSchedLock
                0x000007b4       0x74 ./source/rtos/uCOSIII/src/uCOS-III/Source/os_core.o
                0x000007b4                OSSchedLock
 .text.OSSchedUnlock
                0x00000828       0x90 ./source/rtos/uCOSIII/src/uCOS-III/Source/os_core.o
                0x00000828                OSSchedUnlock
 .text.OSSchedRoundRobinCfg
                0x000008b8       0x70 ./source/rtos/uCOSIII/src/uCOS-III/Source/os_core.o
                0x000008b8                OSSchedRoundRobinCfg
 .text.OSStart  0x00000928       0x80 ./source/rtos/uCOSIII/src/uCOS-III/Source/os_core.o
                0x00000928                OSStart
 .text.OS_IdleTask
                0x000009a8       0x3c ./source/rtos/uCOSIII/src/uCOS-III/Source/os_core.o
                0x000009a8                OS_IdleTask
 .text.OS_IdleTaskInit
                0x000009e4       0x68 ./source/rtos/uCOSIII/src/uCOS-III/Source/os_core.o
                0x000009e4                OS_IdleTaskInit
 .text.OS_Pend  0x00000a4c       0x84 ./source/rtos/uCOSIII/src/uCOS-III/Source/os_core.o
                0x00000a4c                OS_Pend
 .text.OS_PendDbgNameAdd
                0x00000ad0       0x7c ./source/rtos/uCOSIII/src/uCOS-III/Source/os_core.o
                0x00000ad0                OS_PendDbgNameAdd
 .text.OS_PendDbgNameRemove
                0x00000b4c       0x48 ./source/rtos/uCOSIII/src/uCOS-III/Source/os_core.o
                0x00000b4c                OS_PendDbgNameRemove
 .text.OS_Post  0x00000b94      0x130 ./source/rtos/uCOSIII/src/uCOS-III/Source/os_core.o
                0x00000b94                OS_Post
 .text.OS_RdyListInit
                0x00000cc4       0x4c ./source/rtos/uCOSIII/src/uCOS-III/Source/os_core.o
                0x00000cc4                OS_RdyListInit
 .text.OS_RdyListInsert
                0x00000d10       0x3c ./source/rtos/uCOSIII/src/uCOS-III/Source/os_core.o
                0x00000d10                OS_RdyListInsert
 .text.OS_RdyListInsertHead
                0x00000d4c       0x80 ./source/rtos/uCOSIII/src/uCOS-III/Source/os_core.o
                0x00000d4c                OS_RdyListInsertHead
 .text.OS_RdyListInsertTail
                0x00000dcc       0x80 ./source/rtos/uCOSIII/src/uCOS-III/Source/os_core.o
                0x00000dcc                OS_RdyListInsertTail
 .text.OS_RdyListRemove
                0x00000e4c       0xb0 ./source/rtos/uCOSIII/src/uCOS-III/Source/os_core.o
                0x00000e4c                OS_RdyListRemove
 .text.OS_SchedRoundRobin
                0x00000efc       0xc8 ./source/rtos/uCOSIII/src/uCOS-III/Source/os_core.o
                0x00000efc                OS_SchedRoundRobin
 .text.OS_TaskBlock
                0x00000fc4       0x40 ./source/rtos/uCOSIII/src/uCOS-III/Source/os_core.o
                0x00000fc4                OS_TaskBlock
 .text.OS_Dbg_Init
                0x00001004      0x238 ./source/rtos/uCOSIII/src/uCOS-III/Source/os_dbg.o
                0x00001004                OS_Dbg_Init
 .text.OS_FlagInit
                0x0000123c       0x2c ./source/rtos/uCOSIII/src/uCOS-III/Source/os_flag.o
                0x0000123c                OS_FlagInit
 .text.OS_MemInit
                0x00001268       0x2c ./source/rtos/uCOSIII/src/uCOS-III/Source/os_mem.o
                0x00001268                OS_MemInit
 .text.OS_MsgPoolInit
                0x00001294       0xcc ./source/rtos/uCOSIII/src/uCOS-III/Source/os_msg.o
                0x00001294                OS_MsgPoolInit
 .text.OS_MsgQFreeAll
                0x00001360       0x74 ./source/rtos/uCOSIII/src/uCOS-III/Source/os_msg.o
                0x00001360                OS_MsgQFreeAll
 .text.OS_MsgQGet
                0x000013d4       0xbc ./source/rtos/uCOSIII/src/uCOS-III/Source/os_msg.o
                0x000013d4                OS_MsgQGet
 .text.OSMutexCreate
                0x00001490       0x98 ./source/rtos/uCOSIII/src/uCOS-III/Source/os_mutex.o
                0x00001490                OSMutexCreate
 .text.OSMutexPend
                0x00001528      0x210 ./source/rtos/uCOSIII/src/uCOS-III/Source/os_mutex.o
                0x00001528                OSMutexPend
 .text.OSMutexPost
                0x00001738      0x1b8 ./source/rtos/uCOSIII/src/uCOS-III/Source/os_mutex.o
                0x00001738                OSMutexPost
 .text.OS_MutexDbgListAdd
                0x000018f0       0x4c ./source/rtos/uCOSIII/src/uCOS-III/Source/os_mutex.o
                0x000018f0                OS_MutexDbgListAdd
 .text.OS_MutexInit
                0x0000193c       0x2c ./source/rtos/uCOSIII/src/uCOS-III/Source/os_mutex.o
                0x0000193c                OS_MutexInit
 .text.OSPendMulti
                0x00001968      0x180 ./source/rtos/uCOSIII/src/uCOS-III/Source/os_pend_multi.o
                0x00001968                OSPendMulti
 .text.OS_PendMultiGetRdy
                0x00001ae8       0xec ./source/rtos/uCOSIII/src/uCOS-III/Source/os_pend_multi.o
                0x00001ae8                OS_PendMultiGetRdy
 .text.OS_PendMultiValidate
                0x00001bd4       0x80 ./source/rtos/uCOSIII/src/uCOS-III/Source/os_pend_multi.o
                0x00001bd4                OS_PendMultiValidate
 .text.OS_PendMultiWait
                0x00001c54       0xb4 ./source/rtos/uCOSIII/src/uCOS-III/Source/os_pend_multi.o
                0x00001c54                OS_PendMultiWait
 .text.OS_PrioInit
                0x00001d08       0x34 ./source/rtos/uCOSIII/src/uCOS-III/Source/os_prio.o
                0x00001d08                OS_PrioInit
 .text.OS_PrioGetHighest
                0x00001d3c       0x48 ./source/rtos/uCOSIII/src/uCOS-III/Source/os_prio.o
                0x00001d3c                OS_PrioGetHighest
 .text.OS_PrioInsert
                0x00001d84       0x4c ./source/rtos/uCOSIII/src/uCOS-III/Source/os_prio.o
                0x00001d84                OS_PrioInsert
 .text.OS_PrioRemove
                0x00001dd0       0x50 ./source/rtos/uCOSIII/src/uCOS-III/Source/os_prio.o
                0x00001dd0                OS_PrioRemove
 .text.OS_QInit
                0x00001e20       0x2c ./source/rtos/uCOSIII/src/uCOS-III/Source/os_q.o
                0x00001e20                OS_QInit
 .text.OSSemCreate
                0x00001e4c       0x8c ./source/rtos/uCOSIII/src/uCOS-III/Source/os_sem.o
                0x00001e4c                OSSemCreate
 .text.OSSemPost
                0x00001ed8       0x88 ./source/rtos/uCOSIII/src/uCOS-III/Source/os_sem.o
                0x00001ed8                OSSemPost
 .text.OS_SemDbgListAdd
                0x00001f60       0x4c ./source/rtos/uCOSIII/src/uCOS-III/Source/os_sem.o
                0x00001f60                OS_SemDbgListAdd
 .text.OS_SemInit
                0x00001fac       0x2c ./source/rtos/uCOSIII/src/uCOS-III/Source/os_sem.o
                0x00001fac                OS_SemInit
 .text.OSStatReset
                0x00001fd8      0x118 ./source/rtos/uCOSIII/src/uCOS-III/Source/os_stat.o
                0x00001fd8                OSStatReset
 .text.OSStatTaskCPUUsageInit
                0x000020f0       0xfc ./source/rtos/uCOSIII/src/uCOS-III/Source/os_stat.o
                0x000020f0                OSStatTaskCPUUsageInit
 .text.OS_StatTask
                0x000021ec      0x310 ./source/rtos/uCOSIII/src/uCOS-III/Source/os_stat.o
                0x000021ec                OS_StatTask
 .text.OS_StatTaskInit
                0x000024fc       0xd4 ./source/rtos/uCOSIII/src/uCOS-III/Source/os_stat.o
                0x000024fc                OS_StatTaskInit
 .text.OSTaskCreate
                0x000025d0      0x21c ./source/rtos/uCOSIII/src/uCOS-III/Source/os_task.o
                0x000025d0                OSTaskCreate
 .text.OSTaskDel
                0x000027ec      0x200 ./source/rtos/uCOSIII/src/uCOS-III/Source/os_task.o
                0x000027ec                OSTaskDel
 .text.OSTaskResume
                0x000029ec       0x64 ./source/rtos/uCOSIII/src/uCOS-III/Source/os_task.o
                0x000029ec                OSTaskResume
 .text.OSTaskSemPend
                0x00002a50      0x1d8 ./source/rtos/uCOSIII/src/uCOS-III/Source/os_task.o
                0x00002a50                OSTaskSemPend
 .text.OSTaskStkChk
                0x00002c28       0xf0 ./source/rtos/uCOSIII/src/uCOS-III/Source/os_task.o
                0x00002c28                OSTaskStkChk
 .text.OSTaskSuspend
                0x00002d18       0x44 ./source/rtos/uCOSIII/src/uCOS-III/Source/os_task.o
                0x00002d18                OSTaskSuspend
 .text.OS_TaskDbgListAdd
                0x00002d5c       0x4c ./source/rtos/uCOSIII/src/uCOS-III/Source/os_task.o
                0x00002d5c                OS_TaskDbgListAdd
 .text.OS_TaskDbgListRemove
                0x00002da8       0x84 ./source/rtos/uCOSIII/src/uCOS-III/Source/os_task.o
                0x00002da8                OS_TaskDbgListRemove
 .text.OS_TaskInit
                0x00002e2c       0x38 ./source/rtos/uCOSIII/src/uCOS-III/Source/os_task.o
                0x00002e2c                OS_TaskInit
 .text.OS_TaskInitTCB
                0x00002e64      0x1a0 ./source/rtos/uCOSIII/src/uCOS-III/Source/os_task.o
                0x00002e64                OS_TaskInitTCB
 .text.OS_TaskResume
                0x00003004      0x124 ./source/rtos/uCOSIII/src/uCOS-III/Source/os_task.o
                0x00003004                OS_TaskResume
 .text.OS_TaskReturn
                0x00003128       0x28 ./source/rtos/uCOSIII/src/uCOS-III/Source/os_task.o
                0x00003128                OS_TaskReturn
 .text.OS_TaskSemPost
                0x00003150      0x128 ./source/rtos/uCOSIII/src/uCOS-III/Source/os_task.o
                0x00003150                OS_TaskSemPost
 .text.OS_TaskSuspend
                0x00003278      0x118 ./source/rtos/uCOSIII/src/uCOS-III/Source/os_task.o
                0x00003278                OS_TaskSuspend
 .text.OS_TaskChangePrio
                0x00003390      0x148 ./source/rtos/uCOSIII/src/uCOS-III/Source/os_task.o
                0x00003390                OS_TaskChangePrio
 .text.OS_TickTask
                0x000034d8       0x64 ./source/rtos/uCOSIII/src/uCOS-III/Source/os_tick.o
                0x000034d8                OS_TickTask
 .text.OS_TickTaskInit
                0x0000353c       0xd8 ./source/rtos/uCOSIII/src/uCOS-III/Source/os_tick.o
                0x0000353c                OS_TickTaskInit
 .text.OS_TickListInsertDly
                0x00003614      0x108 ./source/rtos/uCOSIII/src/uCOS-III/Source/os_tick.o
                0x00003614                OS_TickListInsertDly
 .text.OS_TickListUpdateDly
                0x0000371c       0xbc ./source/rtos/uCOSIII/src/uCOS-III/Source/os_tick.o
 .text.OS_TickListUpdateTimeout
                0x000037d8      0x158 ./source/rtos/uCOSIII/src/uCOS-III/Source/os_tick.o
 .text.OSTimeDly
                0x00003930       0xd8 ./source/rtos/uCOSIII/src/uCOS-III/Source/os_time.o
                0x00003930                OSTimeDly
 .text.OSTimeDlyHMSM
                0x00003a08      0x1f0 ./source/rtos/uCOSIII/src/uCOS-III/Source/os_time.o
                0x00003a08                OSTimeDlyHMSM
 .text.OSTimeTick
                0x00003bf8       0x74 ./source/rtos/uCOSIII/src/uCOS-III/Source/os_time.o
                0x00003bf8                OSTimeTick
 .text.OSTmrCreate
                0x00003c6c       0xe0 ./source/rtos/uCOSIII/src/uCOS-III/Source/os_tmr.o
                0x00003c6c                OSTmrCreate
 .text.OSTmrStart
                0x00003d4c      0x148 ./source/rtos/uCOSIII/src/uCOS-III/Source/os_tmr.o
                0x00003d4c                OSTmrStart
 .text.OSTmrStop
                0x00003e94      0x12c ./source/rtos/uCOSIII/src/uCOS-III/Source/os_tmr.o
                0x00003e94                OSTmrStop
 .text.OS_TmrDbgListAdd
                0x00003fc0       0x44 ./source/rtos/uCOSIII/src/uCOS-III/Source/os_tmr.o
                0x00003fc0                OS_TmrDbgListAdd
 .text.OS_TmrInit
                0x00004004      0x138 ./source/rtos/uCOSIII/src/uCOS-III/Source/os_tmr.o
                0x00004004                OS_TmrInit
 .text.OS_TmrUnlink
                0x0000413c       0x7c ./source/rtos/uCOSIII/src/uCOS-III/Source/os_tmr.o
                0x0000413c                OS_TmrUnlink
 .text.OS_TmrTask
                0x000041b8       0xc8 ./source/rtos/uCOSIII/src/uCOS-III/Source/os_tmr.o
                0x000041b8                OS_TmrTask
 .text.OS_TmrLock
                0x00004280       0x24 ./source/rtos/uCOSIII/src/uCOS-III/Source/os_tmr.o
 .text.OS_TmrUnlock
                0x000042a4       0x20 ./source/rtos/uCOSIII/src/uCOS-III/Source/os_tmr.o
 .text          0x000042c4       0xfc ./source/rtos/uCOSIII/src/uCOS-III/Ports/ARM-Cortex-M4/Generic/GNU/os_cpu_a.o
                0x000042c4                OS_CPU_FP_Reg_Push
                0x000042d6                OS_CPU_FP_Reg_Pop
                0x000042e2                OSStartHighRdy
                0x00004352                OSCtxSw
                0x0000435c                OSIntCtxSw
                0x00004366                PendSV_Handler
 .text.OSIdleTaskHook
                0x000043c0       0x1c ./source/rtos/uCOSIII/src/uCOS-III/Ports/ARM-Cortex-M4/Generic/GNU/os_cpu_c.o
                0x000043c0                OSIdleTaskHook
 .text.OSInitHook
                0x000043dc       0x38 ./source/rtos/uCOSIII/src/uCOS-III/Ports/ARM-Cortex-M4/Generic/GNU/os_cpu_c.o
                0x000043dc                OSInitHook
 .text.OSStatTaskHook
                0x00004414       0x1c ./source/rtos/uCOSIII/src/uCOS-III/Ports/ARM-Cortex-M4/Generic/GNU/os_cpu_c.o
                0x00004414                OSStatTaskHook
 .text.OSTaskCreateHook
                0x00004430       0x24 ./source/rtos/uCOSIII/src/uCOS-III/Ports/ARM-Cortex-M4/Generic/GNU/os_cpu_c.o
                0x00004430                OSTaskCreateHook
 .text.OSTaskDelHook
                0x00004454       0x24 ./source/rtos/uCOSIII/src/uCOS-III/Ports/ARM-Cortex-M4/Generic/GNU/os_cpu_c.o
                0x00004454                OSTaskDelHook
 .text.OSTaskReturnHook
                0x00004478       0x24 ./source/rtos/uCOSIII/src/uCOS-III/Ports/ARM-Cortex-M4/Generic/GNU/os_cpu_c.o
                0x00004478                OSTaskReturnHook
 .text.OSTaskStkInit
                0x0000449c      0x34c ./source/rtos/uCOSIII/src/uCOS-III/Ports/ARM-Cortex-M4/Generic/GNU/os_cpu_c.o
                0x0000449c                OSTaskStkInit
 .text.OSTaskSwHook
                0x000047e8       0xa8 ./source/rtos/uCOSIII/src/uCOS-III/Ports/ARM-Cortex-M4/Generic/GNU/os_cpu_c.o
                0x000047e8                OSTaskSwHook
 .text.OSTimeTickHook
                0x00004890       0x1c ./source/rtos/uCOSIII/src/uCOS-III/Ports/ARM-Cortex-M4/Generic/GNU/os_cpu_c.o
                0x00004890                OSTimeTickHook
 .text.OS_CPU_SysTickInit
                0x000048ac       0x54 ./source/rtos/uCOSIII/src/uCOS-III/Ports/ARM-Cortex-M4/Generic/GNU/os_cpu_c.o
                0x000048ac                OS_CPU_SysTickInit
 .text          0x00004900       0x34 ./source/rtos/uCOSIII/src/uC-CPU/ARM-Cortex-M4/GNU/cpu_a.o
                0x00004900                CPU_IntDis
                0x00004904                CPU_IntEn
                0x00004908                CPU_SR_Save
                0x00004910                CPU_SR_Restore
                0x00004916                CPU_WaitForInt
                0x0000491a                CPU_WaitForExcept
                0x0000491e                CPU_CntLeadZeros
                0x00004924                CPU_CntTrailZeros
                0x0000492e                CPU_RevBits
 .text.CPU_TS_TmrFreqSet
                0x00004934       0x1c ./source/rtos/uCOSIII/src/uC-CPU/cpu_core.o
                0x00004934                CPU_TS_TmrFreqSet
 .text.CPU_TS_Init
                0x00004950       0x18 ./source/rtos/uCOSIII/src/uC-CPU/cpu_core.o
 .text.CPU_TS_TmrInit
                0x00004968       0x48 ./source/rtos/uCOSIII/BSP/cpu_bsp.o
                0x00004968                CPU_TS_TmrInit
 .text.cread_init
                0x000049b0       0x50 ./source/drivers/CRead.o
                0x000049b0                cread_init
 .text.cread_reset
                0x00004a00       0xa4 ./source/drivers/CRead.o
                0x00004a00                cread_reset
 .text.cread_getID
                0x00004aa4       0x54 ./source/drivers/CRead.o
                0x00004aa4                cread_getID
 .text.cread_getError
                0x00004af8       0x14 ./source/drivers/CRead.o
                0x00004af8                cread_getError
 .text.create_data
                0x00004b0c       0xb0 ./source/drivers/CRead.o
                0x00004b0c                create_data
 .text.check_track
                0x00004bbc       0xc4 ./source/drivers/CRead.o
                0x00004bbc                check_track
 .text.cread_processData
                0x00004c80       0x68 ./source/drivers/CRead.o
                0x00004c80                cread_processData
 .text.pin_enable_IRQ
                0x00004ce8       0x74 ./source/drivers/CRead.o
                0x00004ce8                pin_enable_IRQ
 .text.pin_clk_IRQ
                0x00004d5c       0xc4 ./source/drivers/CRead.o
                0x00004d5c                pin_clk_IRQ
 .text.__NVIC_EnableIRQ
                0x00004e20       0x38 ./source/drivers/PWM.o
 .text.PWM_Init
                0x00004e58       0xc4 ./source/drivers/PWM.o
                0x00004e58                PWM_Init
 .text.PWM_Start
                0x00004f1c       0x1c ./source/drivers/PWM.o
                0x00004f1c                PWM_Start
 .text.FTM0_IRQHandler
                0x00004f38       0x30 ./source/drivers/PWM.o
                0x00004f38                FTM0_IRQHandler
 .text.setFloor
                0x00004f68       0x68 ./source/drivers/building.o
                0x00004f68                setFloor
 .text.calculateTopLeft
                0x00004fd0       0x34 ./source/drivers/building.o
 .text.calculateBrightness
                0x00005004       0x60 ./source/drivers/building.o
 .text.clearFloor
                0x00005064       0x88 ./source/drivers/building.o
 .text.display_Init
                0x000050ec       0xd4 ./source/drivers/display_7s.o
                0x000050ec                display_Init
 .text.display_msg
                0x000051c0      0x38c ./source/drivers/display_7s.o
                0x000051c0                display_msg
 .text.Timer_Message_Handler
                0x0000554c       0xb8 ./source/drivers/display_7s.o
                0x0000554c                Timer_Message_Handler
 .text.Timer_Display_Handler
                0x00005604      0x19c ./source/drivers/display_7s.o
                0x00005604                Timer_Display_Handler
 .text.__NVIC_EnableIRQ
                0x000057a0       0x38 ./source/drivers/dma.o
 .text.__NVIC_ClearPendingIRQ
                0x000057d8       0x3c ./source/drivers/dma.o
 .text.DMA_Init
                0x00005814       0xf8 ./source/drivers/dma.o
                0x00005814                DMA_Init
 .text.DMA0_IRQHandler
                0x0000590c       0x1c ./source/drivers/dma.o
                0x0000590c                DMA0_IRQHandler
 .text.Encoder_Init
                0x00005928       0x5c ./source/drivers/encoder.o
                0x00005928                Encoder_Init
 .text.encoder_Read
                0x00005984       0x68 ./source/drivers/encoder.o
                0x00005984                encoder_Read
 .text.timerOuts
                0x000059ec      0x120 ./source/drivers/encoder.o
                0x000059ec                timerOuts
 .text.timerSW  0x00005b0c       0xe8 ./source/drivers/encoder.o
                0x00005b0c                timerSW
 .text.__NVIC_EnableIRQ
                0x00005bf4       0x38 ./source/drivers/gpio.o
 .text.__NVIC_DisableIRQ
                0x00005c2c       0x48 ./source/drivers/gpio.o
 .text.gpioMode
                0x00005c74      0x174 ./source/drivers/gpio.o
                0x00005c74                gpioMode
 .text.gpioIRQ  0x00005de8       0xd0 ./source/drivers/gpio.o
                0x00005de8                gpioIRQ
 .text.IRQHandler
                0x00005eb8       0x7c ./source/drivers/gpio.o
 .text.gpioWrite
                0x00005f34       0x70 ./source/drivers/gpio.o
                0x00005f34                gpioWrite
 .text.gpioRead
                0x00005fa4       0x60 ./source/drivers/gpio.o
                0x00005fa4                gpioRead
 .text.InitMatrix
                0x00006004       0x28 ./source/drivers/matrix.o
                0x00006004                InitMatrix
 .text.InitDutys
                0x0000602c       0x54 ./source/drivers/matrix.o
 .text.setPixel
                0x00006080      0x104 ./source/drivers/matrix.o
                0x00006080                setPixel
 .text.setColor
                0x00006184      0x124 ./source/drivers/matrix.o
 .text.timerOutsCallback
                0x000062a8       0x1c ./source/main.o
                0x000062a8                timerOutsCallback
 .text.timerSWCallback
                0x000062c4       0x1c ./source/main.o
                0x000062c4                timerSWCallback
 .text.TaskMatrix
                0x000062e0      0x11c ./source/main.o
 .text.TaskStart
                0x000063fc      0x280 ./source/main.o
 .text.main     0x0000667c       0xcc ./source/main.o
                0x0000667c                main
 .text.App_Init
                0x00006748       0x6c ./source/main.o
                0x00006748                App_Init
 .text.App_Run  0x000067b4       0x94 ./source/main.o
                0x000067b4                App_Run
 .text.init_users
                0x00006848      0x4fc ./source/main.o
                0x00006848                init_users
 .text.update_queue
                0x00006d44       0xac ./source/main.o
                0x00006d44                update_queue
 .text.save_card_data
                0x00006df0       0x5c ./source/main.o
                0x00006df0                save_card_data
 .text.clean_msg_half
                0x00006e4c       0x34 ./source/main.o
                0x00006e4c                clean_msg_half
 .text.clean_encoder
                0x00006e80       0x3c ./source/main.o
                0x00006e80                clean_encoder
 .text.show_display
                0x00006ebc      0x238 ./source/main.o
                0x00006ebc                show_display
 .text.login_menu
                0x000070f4      0x930 ./source/main.o
                0x000070f4                login_menu
 .text.admin_menu
                0x00007a24      0x5b8 ./source/main.o
                0x00007a24                admin_menu
 .text.main_menu
                0x00007fdc      0x39c ./source/main.o
                0x00007fdc                main_menu
 .text.delete_menu
                0x00008378      0x328 ./source/main.o
                0x00008378                delete_menu
 .text.error_menu
                0x000086a0      0x18c ./source/main.o
                0x000086a0                error_menu
 .text.unlock_menu
                0x0000882c       0x40 ./source/main.o
                0x0000882c                unlock_menu
 .text.init_menu
                0x0000886c       0x8c ./source/main.o
                0x0000886c                init_menu
 .text.event_double_tap
                0x000088f8       0x18 ./source/main.o
                0x000088f8                event_double_tap
 .text.event_error
                0x00008910       0xac ./source/main.o
                0x00008910                event_error
 .text.event_unlock
                0x000089bc       0x48 ./source/main.o
                0x000089bc                event_unlock
 .text.event_msg
                0x00008a04       0x1c ./source/main.o
                0x00008a04                event_msg
 .text.floor_init
                0x00008a20       0x74 ./source/main.o
                0x00008a20                floor_init
 .text.event_matrix_toggle
                0x00008a94       0x20 ./source/main.o
                0x00008a94                event_matrix_toggle
 .text.hw_Init  0x00008ab4      0x110 ./SDK/startup/hardware.o
                0x00008ab4                hw_Init
 .text.hw_EnableInterrupts
                0x00008bc4       0x30 ./SDK/startup/hardware.o
                0x00008bc4                hw_EnableInterrupts
 .text.hw_DisableInterrupts
                0x00008bf4       0x20 ./SDK/startup/hardware.o
                0x00008bf4                hw_DisableInterrupts
 .text.SystemInit
                0x00008c14       0x3c ./SDK/CMSIS/system_MK64F12.o
                0x00008c14                SystemInit
 .text.OSCfg_Init
                0x00008c50        0xc ./source/rtos/uCOSIII/src/uCOS-III/Source/os_cfg_app.o
                0x00008c50                OSCfg_Init
 .text.OS_PendDataInit
                0x00008c5c       0x6c ./source/rtos/uCOSIII/src/uCOS-III/Source/os_core.o
                0x00008c5c                OS_PendDataInit
 .text.OS_PendListChangePrio
                0x00008cc8       0x58 ./source/rtos/uCOSIII/src/uCOS-III/Source/os_core.o
                0x00008cc8                OS_PendListChangePrio
 .text.OS_PendListInit
                0x00008d20       0x24 ./source/rtos/uCOSIII/src/uCOS-III/Source/os_core.o
                0x00008d20                OS_PendListInit
 .text.OS_PendListInsertPrio
                0x00008d44       0xe6 ./source/rtos/uCOSIII/src/uCOS-III/Source/os_core.o
                0x00008d44                OS_PendListInsertPrio
 .text.OS_PendListRemove
                0x00008e2a       0x54 ./source/rtos/uCOSIII/src/uCOS-III/Source/os_core.o
                0x00008e2a                OS_PendListRemove
 .text.OS_PendListRemove1
                0x00008e7e       0x92 ./source/rtos/uCOSIII/src/uCOS-III/Source/os_core.o
                0x00008e7e                OS_PendListRemove1
 .text.OS_Post1
                0x00008f10       0x60 ./source/rtos/uCOSIII/src/uCOS-III/Source/os_core.o
                0x00008f10                OS_Post1
 .text.OS_RdyListMoveHeadToTail
                0x00008f70       0x90 ./source/rtos/uCOSIII/src/uCOS-III/Source/os_core.o
                0x00008f70                OS_RdyListMoveHeadToTail
 .text.OS_MsgQInit
                0x00009000       0x34 ./source/rtos/uCOSIII/src/uCOS-III/Source/os_msg.o
                0x00009000                OS_MsgQInit
 .text.OS_MutexGrpAdd
                0x00009034       0x22 ./source/rtos/uCOSIII/src/uCOS-III/Source/os_mutex.o
                0x00009034                OS_MutexGrpAdd
 .text.OS_MutexGrpRemove
                0x00009056       0x38 ./source/rtos/uCOSIII/src/uCOS-III/Source/os_mutex.o
                0x00009056                OS_MutexGrpRemove
 .text.OS_MutexGrpPrioFindHighest
                0x0000908e       0x54 ./source/rtos/uCOSIII/src/uCOS-III/Source/os_mutex.o
                0x0000908e                OS_MutexGrpPrioFindHighest
 .text.OS_MutexGrpPostAll
                0x000090e2       0x88 ./source/rtos/uCOSIII/src/uCOS-III/Source/os_mutex.o
                0x000090e2                OS_MutexGrpPostAll
 .text.OS_SemPost
                0x0000916a       0xde ./source/rtos/uCOSIII/src/uCOS-III/Source/os_sem.o
                0x0000916a                OS_SemPost
 .text.OSTaskSemPost
                0x00009248       0x44 ./source/rtos/uCOSIII/src/uCOS-III/Source/os_task.o
                0x00009248                OSTaskSemPost
 .text.OS_TickListInsert
                0x0000928c      0x12c ./source/rtos/uCOSIII/src/uCOS-III/Source/os_tick.o
                0x0000928c                OS_TickListInsert
 .text.OS_TickListRemove
                0x000093b8       0xc8 ./source/rtos/uCOSIII/src/uCOS-III/Source/os_tick.o
                0x000093b8                OS_TickListRemove
 .text.OS_TickListResetPeak
                0x00009480        0xc ./source/rtos/uCOSIII/src/uCOS-III/Source/os_tick.o
                0x00009480                OS_TickListResetPeak
 .text.OS_TmrResetPeak
                0x0000948c        0xc ./source/rtos/uCOSIII/src/uCOS-III/Source/os_tmr.o
                0x0000948c                OS_TmrResetPeak
 .text.SysTick_Handler
                0x00009498       0x2a ./source/rtos/uCOSIII/src/uCOS-III/Ports/ARM-Cortex-M4/Generic/GNU/os_cpu_c.o
                0x00009498                SysTick_Handler
 .text.CPU_Init
                0x000094c2        0xc ./source/rtos/uCOSIII/src/uC-CPU/cpu_core.o
                0x000094c2                CPU_Init
 .text.data_check_parity
                0x000094ce       0x3e ./source/drivers/CRead.o
                0x000094ce                data_check_parity
 .text.InitBuilding
                0x0000950c        0xc ./source/drivers/building.o
                0x0000950c                InitBuilding
 .text.setExtra
                0x00009518       0x30 ./source/drivers/building.o
                0x00009518                setExtra
 .text.PORTA_IRQHandler
                0x00009548       0x1e ./source/drivers/gpio.o
                0x00009548                PORTA_IRQHandler
 .text.PORTB_IRQHandler
                0x00009566       0x1e ./source/drivers/gpio.o
                0x00009566                PORTB_IRQHandler
 .text.PORTC_IRQHandler
                0x00009584       0x1e ./source/drivers/gpio.o
                0x00009584                PORTC_IRQHandler
 .text.PORTD_IRQHandler
                0x000095a2       0x1e ./source/drivers/gpio.o
                0x000095a2                PORTD_IRQHandler
 .text.PORTE_IRQHandler
                0x000095c0       0x1e ./source/drivers/gpio.o
                0x000095c0                PORTE_IRQHandler
 .text.setColumn
                0x000095de       0x4a ./source/drivers/matrix.o
                0x000095de                setColumn
 .text.setSquare
                0x00009628       0x6e ./source/drivers/matrix.o
                0x00009628                setSquare
 .text.timerDisplayCallback
                0x00009696       0x16 ./source/main.o
                0x00009696                timerDisplayCallback
 .text.timerDisplayMSGCallback
                0x000096ac       0x16 ./source/main.o
                0x000096ac                timerDisplayMSGCallback
 .text.timerDoubleCallback
                0x000096c2       0x16 ./source/main.o
                0x000096c2                timerDoubleCallback
 .text.timerErrorCallback
                0x000096d8       0x16 ./source/main.o
                0x000096d8                timerErrorCallback
 .text.timerUnlockCallback
                0x000096ee       0x16 ./source/main.o
                0x000096ee                timerUnlockCallback
 .text.timerEventMessageCallback
                0x00009704       0x16 ./source/main.o
                0x00009704                timerEventMessageCallback
 .text.timerEventMatrixCallback
                0x0000971a       0x16 ./source/main.o
                0x0000971a                timerEventMatrixCallback
 .text.timerIDOKCallback
                0x00009730       0x16 ./source/main.o
                0x00009730                timerIDOKCallback
 .text.HardFault_Handler
                0x00009746       0x2c ./SDK/startup/semihost_hardfault.o
                0x00009746                HardFault_Handler
 .text.DMA1_IRQHandler
                0x00009772        0x8 ./SDK/startup/startup_mk64f12.o
                0x00009772                DMA1_IRQHandler
 .text.DMA2_IRQHandler
                0x0000977a        0x8 ./SDK/startup/startup_mk64f12.o
                0x0000977a                DMA2_IRQHandler
 .text.DMA3_IRQHandler
                0x00009782        0x8 ./SDK/startup/startup_mk64f12.o
                0x00009782                DMA3_IRQHandler
 .text.DMA4_IRQHandler
                0x0000978a        0x8 ./SDK/startup/startup_mk64f12.o
                0x0000978a                DMA4_IRQHandler
 .text.DMA5_IRQHandler
                0x00009792        0x8 ./SDK/startup/startup_mk64f12.o
                0x00009792                DMA5_IRQHandler
 .text.DMA6_IRQHandler
                0x0000979a        0x8 ./SDK/startup/startup_mk64f12.o
                0x0000979a                DMA6_IRQHandler
 .text.DMA7_IRQHandler
                0x000097a2        0x8 ./SDK/startup/startup_mk64f12.o
                0x000097a2                DMA7_IRQHandler
 .text.DMA8_IRQHandler
                0x000097aa        0x8 ./SDK/startup/startup_mk64f12.o
                0x000097aa                DMA8_IRQHandler
 .text.DMA9_IRQHandler
                0x000097b2        0x8 ./SDK/startup/startup_mk64f12.o
                0x000097b2                DMA9_IRQHandler
 .text.DMA10_IRQHandler
                0x000097ba        0x8 ./SDK/startup/startup_mk64f12.o
                0x000097ba                DMA10_IRQHandler
 .text.DMA11_IRQHandler
                0x000097c2        0x8 ./SDK/startup/startup_mk64f12.o
                0x000097c2                DMA11_IRQHandler
 .text.DMA12_IRQHandler
                0x000097ca        0x8 ./SDK/startup/startup_mk64f12.o
                0x000097ca                DMA12_IRQHandler
 .text.DMA13_IRQHandler
                0x000097d2        0x8 ./SDK/startup/startup_mk64f12.o
                0x000097d2                DMA13_IRQHandler
 .text.DMA14_IRQHandler
                0x000097da        0x8 ./SDK/startup/startup_mk64f12.o
                0x000097da                DMA14_IRQHandler
 .text.DMA15_IRQHandler
                0x000097e2        0x8 ./SDK/startup/startup_mk64f12.o
                0x000097e2                DMA15_IRQHandler
 .text.DMA_Error_IRQHandler
                0x000097ea        0x8 ./SDK/startup/startup_mk64f12.o
                0x000097ea                DMA_Error_IRQHandler
 .text.MCM_IRQHandler
                0x000097f2        0x8 ./SDK/startup/startup_mk64f12.o
                0x000097f2                MCM_IRQHandler
 .text.FTFE_IRQHandler
                0x000097fa        0x8 ./SDK/startup/startup_mk64f12.o
                0x000097fa                FTFE_IRQHandler
 .text.Read_Collision_IRQHandler
                0x00009802        0x8 ./SDK/startup/startup_mk64f12.o
                0x00009802                Read_Collision_IRQHandler
 .text.LVD_LVW_IRQHandler
                0x0000980a        0x8 ./SDK/startup/startup_mk64f12.o
                0x0000980a                LVD_LVW_IRQHandler
 .text.LLWU_IRQHandler
                0x00009812        0x8 ./SDK/startup/startup_mk64f12.o
                0x00009812                LLWU_IRQHandler
 .text.WDOG_EWM_IRQHandler
                0x0000981a        0x8 ./SDK/startup/startup_mk64f12.o
                0x0000981a                WDOG_EWM_IRQHandler
 .text.RNG_IRQHandler
                0x00009822        0x8 ./SDK/startup/startup_mk64f12.o
                0x00009822                RNG_IRQHandler
 .text.I2C0_IRQHandler
                0x0000982a        0x8 ./SDK/startup/startup_mk64f12.o
                0x0000982a                I2C0_IRQHandler
 .text.I2C1_IRQHandler
                0x00009832        0x8 ./SDK/startup/startup_mk64f12.o
                0x00009832                I2C1_IRQHandler
 .text.SPI0_IRQHandler
                0x0000983a        0x8 ./SDK/startup/startup_mk64f12.o
                0x0000983a                SPI0_IRQHandler
 .text.SPI1_IRQHandler
                0x00009842        0x8 ./SDK/startup/startup_mk64f12.o
                0x00009842                SPI1_IRQHandler
 .text.I2S0_Tx_IRQHandler
                0x0000984a        0x8 ./SDK/startup/startup_mk64f12.o
                0x0000984a                I2S0_Tx_IRQHandler
 .text.I2S0_Rx_IRQHandler
                0x00009852        0x8 ./SDK/startup/startup_mk64f12.o
                0x00009852                I2S0_Rx_IRQHandler
 .text.UART0_LON_IRQHandler
                0x0000985a        0x8 ./SDK/startup/startup_mk64f12.o
                0x0000985a                UART0_LON_IRQHandler
 .text.UART0_RX_TX_IRQHandler
                0x00009862        0x8 ./SDK/startup/startup_mk64f12.o
                0x00009862                UART0_RX_TX_IRQHandler
 .text.UART0_ERR_IRQHandler
                0x0000986a        0x8 ./SDK/startup/startup_mk64f12.o
                0x0000986a                UART0_ERR_IRQHandler
 .text.UART1_RX_TX_IRQHandler
                0x00009872        0x8 ./SDK/startup/startup_mk64f12.o
                0x00009872                UART1_RX_TX_IRQHandler
 .text.UART1_ERR_IRQHandler
                0x0000987a        0x8 ./SDK/startup/startup_mk64f12.o
                0x0000987a                UART1_ERR_IRQHandler
 .text.UART2_RX_TX_IRQHandler
                0x00009882        0x8 ./SDK/startup/startup_mk64f12.o
                0x00009882                UART2_RX_TX_IRQHandler
 .text.UART2_ERR_IRQHandler
                0x0000988a        0x8 ./SDK/startup/startup_mk64f12.o
                0x0000988a                UART2_ERR_IRQHandler
 .text.UART3_RX_TX_IRQHandler
                0x00009892        0x8 ./SDK/startup/startup_mk64f12.o
                0x00009892                UART3_RX_TX_IRQHandler
 .text.UART3_ERR_IRQHandler
                0x0000989a        0x8 ./SDK/startup/startup_mk64f12.o
                0x0000989a                UART3_ERR_IRQHandler
 .text.ADC0_IRQHandler
                0x000098a2        0x8 ./SDK/startup/startup_mk64f12.o
                0x000098a2                ADC0_IRQHandler
 .text.CMP0_IRQHandler
                0x000098aa        0x8 ./SDK/startup/startup_mk64f12.o
                0x000098aa                CMP0_IRQHandler
 .text.CMP1_IRQHandler
                0x000098b2        0x8 ./SDK/startup/startup_mk64f12.o
                0x000098b2                CMP1_IRQHandler
 .text.FTM1_IRQHandler
                0x000098ba        0x8 ./SDK/startup/startup_mk64f12.o
                0x000098ba                FTM1_IRQHandler
 .text.FTM2_IRQHandler
                0x000098c2        0x8 ./SDK/startup/startup_mk64f12.o
                0x000098c2                FTM2_IRQHandler
 .text.CMT_IRQHandler
                0x000098ca        0x8 ./SDK/startup/startup_mk64f12.o
                0x000098ca                CMT_IRQHandler
 .text.RTC_IRQHandler
                0x000098d2        0x8 ./SDK/startup/startup_mk64f12.o
                0x000098d2                RTC_IRQHandler
 .text.RTC_Seconds_IRQHandler
                0x000098da        0x8 ./SDK/startup/startup_mk64f12.o
                0x000098da                RTC_Seconds_IRQHandler
 .text.PIT0_IRQHandler
                0x000098e2        0x8 ./SDK/startup/startup_mk64f12.o
                0x000098e2                PIT0_IRQHandler
 .text.PIT1_IRQHandler
                0x000098ea        0x8 ./SDK/startup/startup_mk64f12.o
                0x000098ea                PIT1_IRQHandler
 .text.PIT2_IRQHandler
                0x000098f2        0x8 ./SDK/startup/startup_mk64f12.o
                0x000098f2                PIT2_IRQHandler
 .text.PIT3_IRQHandler
                0x000098fa        0x8 ./SDK/startup/startup_mk64f12.o
                0x000098fa                PIT3_IRQHandler
 .text.PDB0_IRQHandler
                0x00009902        0x8 ./SDK/startup/startup_mk64f12.o
                0x00009902                PDB0_IRQHandler
 .text.USB0_IRQHandler
                0x0000990a        0x8 ./SDK/startup/startup_mk64f12.o
                0x0000990a                USB0_IRQHandler
 .text.USBDCD_IRQHandler
                0x00009912        0x8 ./SDK/startup/startup_mk64f12.o
                0x00009912                USBDCD_IRQHandler
 .text.Reserved71_IRQHandler
                0x0000991a        0x8 ./SDK/startup/startup_mk64f12.o
                0x0000991a                Reserved71_IRQHandler
 .text.DAC0_IRQHandler
                0x00009922        0x8 ./SDK/startup/startup_mk64f12.o
                0x00009922                DAC0_IRQHandler
 .text.MCG_IRQHandler
                0x0000992a        0x8 ./SDK/startup/startup_mk64f12.o
                0x0000992a                MCG_IRQHandler
 .text.LPTMR0_IRQHandler
                0x00009932        0x8 ./SDK/startup/startup_mk64f12.o
                0x00009932                LPTMR0_IRQHandler
 .text.SWI_IRQHandler
                0x0000993a        0x8 ./SDK/startup/startup_mk64f12.o
                0x0000993a                SWI_IRQHandler
 .text.SPI2_IRQHandler
                0x00009942        0x8 ./SDK/startup/startup_mk64f12.o
                0x00009942                SPI2_IRQHandler
 .text.UART4_RX_TX_IRQHandler
                0x0000994a        0x8 ./SDK/startup/startup_mk64f12.o
                0x0000994a                UART4_RX_TX_IRQHandler
 .text.UART4_ERR_IRQHandler
                0x00009952        0x8 ./SDK/startup/startup_mk64f12.o
                0x00009952                UART4_ERR_IRQHandler
 .text.UART5_RX_TX_IRQHandler
                0x0000995a        0x8 ./SDK/startup/startup_mk64f12.o
                0x0000995a                UART5_RX_TX_IRQHandler
 .text.UART5_ERR_IRQHandler
                0x00009962        0x8 ./SDK/startup/startup_mk64f12.o
                0x00009962                UART5_ERR_IRQHandler
 .text.CMP2_IRQHandler
                0x0000996a        0x8 ./SDK/startup/startup_mk64f12.o
                0x0000996a                CMP2_IRQHandler
 .text.FTM3_IRQHandler
                0x00009972        0x8 ./SDK/startup/startup_mk64f12.o
                0x00009972                FTM3_IRQHandler
 .text.DAC1_IRQHandler
                0x0000997a        0x8 ./SDK/startup/startup_mk64f12.o
                0x0000997a                DAC1_IRQHandler
 .text.ADC1_IRQHandler
                0x00009982        0x8 ./SDK/startup/startup_mk64f12.o
                0x00009982                ADC1_IRQHandler
 .text.I2C2_IRQHandler
                0x0000998a        0x8 ./SDK/startup/startup_mk64f12.o
                0x0000998a                I2C2_IRQHandler
 .text.CAN0_ORed_Message_buffer_IRQHandler
                0x00009992        0x8 ./SDK/startup/startup_mk64f12.o
                0x00009992                CAN0_ORed_Message_buffer_IRQHandler
 .text.CAN0_Bus_Off_IRQHandler
                0x0000999a        0x8 ./SDK/startup/startup_mk64f12.o
                0x0000999a                CAN0_Bus_Off_IRQHandler
 .text.CAN0_Error_IRQHandler
                0x000099a2        0x8 ./SDK/startup/startup_mk64f12.o
                0x000099a2                CAN0_Error_IRQHandler
 .text.CAN0_Tx_Warning_IRQHandler
                0x000099aa        0x8 ./SDK/startup/startup_mk64f12.o
                0x000099aa                CAN0_Tx_Warning_IRQHandler
 .text.CAN0_Rx_Warning_IRQHandler
                0x000099b2        0x8 ./SDK/startup/startup_mk64f12.o
                0x000099b2                CAN0_Rx_Warning_IRQHandler
 .text.CAN0_Wake_Up_IRQHandler
                0x000099ba        0x8 ./SDK/startup/startup_mk64f12.o
                0x000099ba                CAN0_Wake_Up_IRQHandler
 .text.SDHC_IRQHandler
                0x000099c2        0x8 ./SDK/startup/startup_mk64f12.o
                0x000099c2                SDHC_IRQHandler
 .text.ENET_1588_Timer_IRQHandler
                0x000099ca        0x8 ./SDK/startup/startup_mk64f12.o
                0x000099ca                ENET_1588_Timer_IRQHandler
 .text.ENET_Transmit_IRQHandler
                0x000099d2        0x8 ./SDK/startup/startup_mk64f12.o
                0x000099d2                ENET_Transmit_IRQHandler
 .text.ENET_Receive_IRQHandler
                0x000099da        0x8 ./SDK/startup/startup_mk64f12.o
                0x000099da                ENET_Receive_IRQHandler
 .text.ENET_Error_IRQHandler
                0x000099e2        0x8 ./SDK/startup/startup_mk64f12.o
                0x000099e2                ENET_Error_IRQHandler
 .text.SystemInitHook
                0x000099ea        0xc ./SDK/CMSIS/system_MK64F12.o
                0x000099ea                SystemInitHook
 *(SORT_BY_ALIGNMENT(.rodata) SORT_BY_ALIGNMENT(.rodata.*) SORT_BY_ALIGNMENT(.constdata) SORT_BY_ALIGNMENT(.constdata.*))
 *fill*         0x000099f6        0x2 ff
 .rodata.OSCfg_IdleTaskStkBasePtr
                0x000099f8        0x4 ./source/rtos/uCOSIII/src/uCOS-III/Source/os_cfg_app.o
                0x000099f8                OSCfg_IdleTaskStkBasePtr
 .rodata.OSCfg_IdleTaskStkLimit
                0x000099fc        0x4 ./source/rtos/uCOSIII/src/uCOS-III/Source/os_cfg_app.o
                0x000099fc                OSCfg_IdleTaskStkLimit
 .rodata.OSCfg_IdleTaskStkSize
                0x00009a00        0x4 ./source/rtos/uCOSIII/src/uCOS-III/Source/os_cfg_app.o
                0x00009a00                OSCfg_IdleTaskStkSize
 .rodata.OSCfg_ISRStkBasePtr
                0x00009a04        0x4 ./source/rtos/uCOSIII/src/uCOS-III/Source/os_cfg_app.o
                0x00009a04                OSCfg_ISRStkBasePtr
 .rodata.OSCfg_ISRStkSize
                0x00009a08        0x4 ./source/rtos/uCOSIII/src/uCOS-III/Source/os_cfg_app.o
                0x00009a08                OSCfg_ISRStkSize
 .rodata.OSCfg_MsgPoolBasePtr
                0x00009a0c        0x4 ./source/rtos/uCOSIII/src/uCOS-III/Source/os_cfg_app.o
                0x00009a0c                OSCfg_MsgPoolBasePtr
 .rodata.OSCfg_StatTaskRate_Hz
                0x00009a10        0x4 ./source/rtos/uCOSIII/src/uCOS-III/Source/os_cfg_app.o
                0x00009a10                OSCfg_StatTaskRate_Hz
 .rodata.OSCfg_StatTaskStkBasePtr
                0x00009a14        0x4 ./source/rtos/uCOSIII/src/uCOS-III/Source/os_cfg_app.o
                0x00009a14                OSCfg_StatTaskStkBasePtr
 .rodata.OSCfg_StatTaskStkLimit
                0x00009a18        0x4 ./source/rtos/uCOSIII/src/uCOS-III/Source/os_cfg_app.o
                0x00009a18                OSCfg_StatTaskStkLimit
 .rodata.OSCfg_StatTaskStkSize
                0x00009a1c        0x4 ./source/rtos/uCOSIII/src/uCOS-III/Source/os_cfg_app.o
                0x00009a1c                OSCfg_StatTaskStkSize
 .rodata.OSCfg_StkSizeMin
                0x00009a20        0x4 ./source/rtos/uCOSIII/src/uCOS-III/Source/os_cfg_app.o
                0x00009a20                OSCfg_StkSizeMin
 .rodata.OSCfg_TickRate_Hz
                0x00009a24        0x4 ./source/rtos/uCOSIII/src/uCOS-III/Source/os_cfg_app.o
                0x00009a24                OSCfg_TickRate_Hz
 .rodata.OSCfg_TickTaskStkBasePtr
                0x00009a28        0x4 ./source/rtos/uCOSIII/src/uCOS-III/Source/os_cfg_app.o
                0x00009a28                OSCfg_TickTaskStkBasePtr
 .rodata.OSCfg_TickTaskStkLimit
                0x00009a2c        0x4 ./source/rtos/uCOSIII/src/uCOS-III/Source/os_cfg_app.o
                0x00009a2c                OSCfg_TickTaskStkLimit
 .rodata.OSCfg_TickTaskStkSize
                0x00009a30        0x4 ./source/rtos/uCOSIII/src/uCOS-III/Source/os_cfg_app.o
                0x00009a30                OSCfg_TickTaskStkSize
 .rodata.OSCfg_TmrTaskRate_Hz
                0x00009a34        0x4 ./source/rtos/uCOSIII/src/uCOS-III/Source/os_cfg_app.o
                0x00009a34                OSCfg_TmrTaskRate_Hz
 .rodata.OSCfg_TmrTaskStkBasePtr
                0x00009a38        0x4 ./source/rtos/uCOSIII/src/uCOS-III/Source/os_cfg_app.o
                0x00009a38                OSCfg_TmrTaskStkBasePtr
 .rodata.OSCfg_TmrTaskStkLimit
                0x00009a3c        0x4 ./source/rtos/uCOSIII/src/uCOS-III/Source/os_cfg_app.o
                0x00009a3c                OSCfg_TmrTaskStkLimit
 .rodata.OSCfg_TmrTaskStkSize
                0x00009a40        0x4 ./source/rtos/uCOSIII/src/uCOS-III/Source/os_cfg_app.o
                0x00009a40                OSCfg_TmrTaskStkSize
 .rodata.OS_IdleTaskInit.str1.4
                0x00009a44      0x2ab ./source/rtos/uCOSIII/src/uCOS-III/Source/os_core.o
                                 0x14 (size before relaxing)
 .rodata.OS_PendDbgNameAdd.str1.4
                0x00009cef       0x16 ./source/rtos/uCOSIII/src/uCOS-III/Source/os_core.o
 *fill*         0x00009cef        0x1 ff
 .rodata.OSDbg_EndiannessTest
                0x00009cf0        0x4 ./source/rtos/uCOSIII/src/uCOS-III/Source/os_dbg.o
                0x00009cf0                OSDbg_EndiannessTest
 .rodata.OSDbg_FlagGrp
                0x00009cf4       0x28 ./source/rtos/uCOSIII/src/uCOS-III/Source/os_dbg.o
                0x00009cf4                OSDbg_FlagGrp
 .rodata.OSDbg_Mem
                0x00009d1c       0x20 ./source/rtos/uCOSIII/src/uCOS-III/Source/os_dbg.o
                0x00009d1c                OSDbg_Mem
 .rodata.OSDbg_Mutex
                0x00009d3c       0x30 ./source/rtos/uCOSIII/src/uCOS-III/Source/os_dbg.o
                0x00009d3c                OSDbg_Mutex
 .rodata.OSDbg_Q
                0x00009d6c       0x30 ./source/rtos/uCOSIII/src/uCOS-III/Source/os_dbg.o
                0x00009d6c                OSDbg_Q
 .rodata.OSDbg_Sem
                0x00009d9c       0x28 ./source/rtos/uCOSIII/src/uCOS-III/Source/os_dbg.o
                0x00009d9c                OSDbg_Sem
 .rodata.OSDbg_RdyListSize
                0x00009dc4        0x4 ./source/rtos/uCOSIII/src/uCOS-III/Source/os_dbg.o
                0x00009dc4                OSDbg_RdyListSize
 .rodata.OSDbg_Tmr
                0x00009dc8       0x30 ./source/rtos/uCOSIII/src/uCOS-III/Source/os_dbg.o
                0x00009dc8                OSDbg_Tmr
 .rodata.OSDbg_DataSize
                0x00009df8        0x4 ./source/rtos/uCOSIII/src/uCOS-III/Source/os_dbg.o
                0x00009df8                OSDbg_DataSize
 .rodata.OS_MutexDbgListAdd.str1.4
                0x00009dfc        0x2 ./source/rtos/uCOSIII/src/uCOS-III/Source/os_mutex.o
 .rodata.OS_SemDbgListAdd.str1.4
                0x00009dfc        0x2 ./source/rtos/uCOSIII/src/uCOS-III/Source/os_sem.o
 .rodata.OS_StatTaskInit.str1.4
                0x00009dfc       0x14 ./source/rtos/uCOSIII/src/uCOS-III/Source/os_stat.o
 .rodata.OS_TaskInitTCB.str1.4
                0x00009dfc        0xa ./source/rtos/uCOSIII/src/uCOS-III/Source/os_task.o
 .rodata.OS_TickTaskInit.str1.4
                0x00009dfc       0x14 ./source/rtos/uCOSIII/src/uCOS-III/Source/os_tick.o
 .rodata.OS_TmrInit.str1.4
                0x00009dfc       0x25 ./source/rtos/uCOSIII/src/uCOS-III/Source/os_tmr.o
 .rodata.port_pointers
                0x00009dfc       0x14 ./source/drivers/gpio.o
 .rodata.gpio_pointers
                0x00009e10       0x14 ./source/drivers/gpio.o
 .rodata.TaskStart.str1.4
                0x00009e24       0xcc ./source/main.o
 .rodata.main.str1.4
                0x00009e24        0xf ./source/main.o
 .rodata.init_users.str1.4
                0x00009e24       0x85 ./source/main.o
 .rodata.login_menu.str1.4
                0x00009e24        0x8 ./source/main.o
 .rodata.admin_menu.str1.4
                0x00009e24       0x25 ./source/main.o
 .rodata.main_menu.str1.4
                0x00009e24       0x15 ./source/main.o
 .rodata.delete_menu.str1.4
                0x00009e24       0x18 ./source/main.o
 .rodata.error_menu.str1.4
                0x00009e24       0x4a ./source/main.o
 .rodata.unlock_menu.str1.4
                0x00009e24        0xb ./source/main.o
 .rodata.init_menu.str1.4
                0x00009e24        0x7 ./source/main.o
 .rodata.OSCfg_MsgPoolSize
                0x00009e24        0x2 ./source/rtos/uCOSIII/src/uCOS-III/Source/os_cfg_app.o
                0x00009e24                OSCfg_MsgPoolSize
 .rodata.OSDbg_FlagGrpSize
                0x00009e26        0x2 ./source/rtos/uCOSIII/src/uCOS-III/Source/os_dbg.o
                0x00009e26                OSDbg_FlagGrpSize
 .rodata.OSDbg_FlagWidth
                0x00009e28        0x2 ./source/rtos/uCOSIII/src/uCOS-III/Source/os_dbg.o
                0x00009e28                OSDbg_FlagWidth
 .rodata.OSDbg_MemSize
                0x00009e2a        0x2 ./source/rtos/uCOSIII/src/uCOS-III/Source/os_dbg.o
                0x00009e2a                OSDbg_MemSize
 .rodata.OSDbg_MsgSize
                0x00009e2c        0x2 ./source/rtos/uCOSIII/src/uCOS-III/Source/os_dbg.o
                0x00009e2c                OSDbg_MsgSize
 .rodata.OSDbg_MsgPoolSize
                0x00009e2e        0x2 ./source/rtos/uCOSIII/src/uCOS-III/Source/os_dbg.o
                0x00009e2e                OSDbg_MsgPoolSize
 .rodata.OSDbg_MsgQSize
                0x00009e30        0x2 ./source/rtos/uCOSIII/src/uCOS-III/Source/os_dbg.o
                0x00009e30                OSDbg_MsgQSize
 .rodata.OSDbg_MutexSize
                0x00009e32        0x2 ./source/rtos/uCOSIII/src/uCOS-III/Source/os_dbg.o
                0x00009e32                OSDbg_MutexSize
 .rodata.OSDbg_PendDataSize
                0x00009e34        0x2 ./source/rtos/uCOSIII/src/uCOS-III/Source/os_dbg.o
                0x00009e34                OSDbg_PendDataSize
 .rodata.OSDbg_PendListSize
                0x00009e36        0x2 ./source/rtos/uCOSIII/src/uCOS-III/Source/os_dbg.o
                0x00009e36                OSDbg_PendListSize
 .rodata.OSDbg_PendObjSize
                0x00009e38        0x2 ./source/rtos/uCOSIII/src/uCOS-III/Source/os_dbg.o
                0x00009e38                OSDbg_PendObjSize
 .rodata.OSDbg_PrioMax
                0x00009e3a        0x2 ./source/rtos/uCOSIII/src/uCOS-III/Source/os_dbg.o
                0x00009e3a                OSDbg_PrioMax
 .rodata.OSDbg_PrioTblSize
                0x00009e3c        0x2 ./source/rtos/uCOSIII/src/uCOS-III/Source/os_dbg.o
                0x00009e3c                OSDbg_PrioTblSize
 .rodata.OSDbg_PtrSize
                0x00009e3e        0x2 ./source/rtos/uCOSIII/src/uCOS-III/Source/os_dbg.o
                0x00009e3e                OSDbg_PtrSize
 .rodata.OSDbg_QSize
                0x00009e40        0x2 ./source/rtos/uCOSIII/src/uCOS-III/Source/os_dbg.o
                0x00009e40                OSDbg_QSize
 .rodata.OSDbg_SemSize
                0x00009e42        0x2 ./source/rtos/uCOSIII/src/uCOS-III/Source/os_dbg.o
                0x00009e42                OSDbg_SemSize
 .rodata.OSDbg_RdyList
                0x00009e44        0x2 ./source/rtos/uCOSIII/src/uCOS-III/Source/os_dbg.o
                0x00009e44                OSDbg_RdyList
 .rodata.OSDbg_TaskRegTblSize
                0x00009e46        0x2 ./source/rtos/uCOSIII/src/uCOS-III/Source/os_dbg.o
                0x00009e46                OSDbg_TaskRegTblSize
 .rodata.OSDbg_TCBSize
                0x00009e48        0x2 ./source/rtos/uCOSIII/src/uCOS-III/Source/os_dbg.o
                0x00009e48                OSDbg_TCBSize
 .rodata.OSDbg_TickListSize
                0x00009e4a        0x2 ./source/rtos/uCOSIII/src/uCOS-III/Source/os_dbg.o
                0x00009e4a                OSDbg_TickListSize
 .rodata.OSDbg_TmrSize
                0x00009e4c        0x2 ./source/rtos/uCOSIII/src/uCOS-III/Source/os_dbg.o
                0x00009e4c                OSDbg_TmrSize
 .rodata.OSDbg_VersionNbr
                0x00009e4e        0x2 ./source/rtos/uCOSIII/src/uCOS-III/Source/os_dbg.o
                0x00009e4e                OSDbg_VersionNbr
 .rodata.OSCfg_StatTaskPrio
                0x00009e50        0x1 ./source/rtos/uCOSIII/src/uCOS-III/Source/os_cfg_app.o
                0x00009e50                OSCfg_StatTaskPrio
 .rodata.OSCfg_TickTaskPrio
                0x00009e51        0x1 ./source/rtos/uCOSIII/src/uCOS-III/Source/os_cfg_app.o
                0x00009e51                OSCfg_TickTaskPrio
 .rodata.OSCfg_TmrTaskPrio
                0x00009e52        0x1 ./source/rtos/uCOSIII/src/uCOS-III/Source/os_cfg_app.o
                0x00009e52                OSCfg_TmrTaskPrio
 .rodata.OSDbg_DbgEn
                0x00009e53        0x1 ./source/rtos/uCOSIII/src/uCOS-III/Source/os_dbg.o
                0x00009e53                OSDbg_DbgEn
 .rodata.OSDbg_ArgChkEn
                0x00009e54        0x1 ./source/rtos/uCOSIII/src/uCOS-III/Source/os_dbg.o
                0x00009e54                OSDbg_ArgChkEn
 .rodata.OSDbg_AppHooksEn
                0x00009e55        0x1 ./source/rtos/uCOSIII/src/uCOS-III/Source/os_dbg.o
                0x00009e55                OSDbg_AppHooksEn
 .rodata.OSDbg_CalledFromISRChkEn
                0x00009e56        0x1 ./source/rtos/uCOSIII/src/uCOS-III/Source/os_dbg.o
                0x00009e56                OSDbg_CalledFromISRChkEn
 .rodata.OSDbg_FlagEn
                0x00009e57        0x1 ./source/rtos/uCOSIII/src/uCOS-III/Source/os_dbg.o
                0x00009e57                OSDbg_FlagEn
 .rodata.OSDbg_FlagDelEn
                0x00009e58        0x1 ./source/rtos/uCOSIII/src/uCOS-III/Source/os_dbg.o
                0x00009e58                OSDbg_FlagDelEn
 .rodata.OSDbg_FlagModeClrEn
                0x00009e59        0x1 ./source/rtos/uCOSIII/src/uCOS-III/Source/os_dbg.o
                0x00009e59                OSDbg_FlagModeClrEn
 .rodata.OSDbg_FlagPendAbortEn
                0x00009e5a        0x1 ./source/rtos/uCOSIII/src/uCOS-III/Source/os_dbg.o
                0x00009e5a                OSDbg_FlagPendAbortEn
 .rodata.OSDbg_ISRPostDeferredEn
                0x00009e5b        0x1 ./source/rtos/uCOSIII/src/uCOS-III/Source/os_dbg.o
                0x00009e5b                OSDbg_ISRPostDeferredEn
 .rodata.OSDbg_MemEn
                0x00009e5c        0x1 ./source/rtos/uCOSIII/src/uCOS-III/Source/os_dbg.o
                0x00009e5c                OSDbg_MemEn
 .rodata.OSDbg_MsgEn
                0x00009e5d        0x1 ./source/rtos/uCOSIII/src/uCOS-III/Source/os_dbg.o
                0x00009e5d                OSDbg_MsgEn
 .rodata.OSDbg_MutexEn
                0x00009e5e        0x1 ./source/rtos/uCOSIII/src/uCOS-III/Source/os_dbg.o
                0x00009e5e                OSDbg_MutexEn
 .rodata.OSDbg_MutexDelEn
                0x00009e5f        0x1 ./source/rtos/uCOSIII/src/uCOS-III/Source/os_dbg.o
                0x00009e5f                OSDbg_MutexDelEn
 .rodata.OSDbg_MutexPendAbortEn
                0x00009e60        0x1 ./source/rtos/uCOSIII/src/uCOS-III/Source/os_dbg.o
                0x00009e60                OSDbg_MutexPendAbortEn
 .rodata.OSDbg_ObjTypeChkEn
                0x00009e61        0x1 ./source/rtos/uCOSIII/src/uCOS-III/Source/os_dbg.o
                0x00009e61                OSDbg_ObjTypeChkEn
 .rodata.OSDbg_PendMultiEn
                0x00009e62        0x1 ./source/rtos/uCOSIII/src/uCOS-III/Source/os_dbg.o
                0x00009e62                OSDbg_PendMultiEn
 .rodata.OSDbg_QEn
                0x00009e63        0x1 ./source/rtos/uCOSIII/src/uCOS-III/Source/os_dbg.o
                0x00009e63                OSDbg_QEn
 .rodata.OSDbg_QDelEn
                0x00009e64        0x1 ./source/rtos/uCOSIII/src/uCOS-III/Source/os_dbg.o
                0x00009e64                OSDbg_QDelEn
 .rodata.OSDbg_QFlushEn
                0x00009e65        0x1 ./source/rtos/uCOSIII/src/uCOS-III/Source/os_dbg.o
                0x00009e65                OSDbg_QFlushEn
 .rodata.OSDbg_QPendAbortEn
                0x00009e66        0x1 ./source/rtos/uCOSIII/src/uCOS-III/Source/os_dbg.o
                0x00009e66                OSDbg_QPendAbortEn
 .rodata.OSDbg_SchedRoundRobinEn
                0x00009e67        0x1 ./source/rtos/uCOSIII/src/uCOS-III/Source/os_dbg.o
                0x00009e67                OSDbg_SchedRoundRobinEn
 .rodata.OSDbg_SemEn
                0x00009e68        0x1 ./source/rtos/uCOSIII/src/uCOS-III/Source/os_dbg.o
                0x00009e68                OSDbg_SemEn
 .rodata.OSDbg_SemDelEn
                0x00009e69        0x1 ./source/rtos/uCOSIII/src/uCOS-III/Source/os_dbg.o
                0x00009e69                OSDbg_SemDelEn
 .rodata.OSDbg_SemPendAbortEn
                0x00009e6a        0x1 ./source/rtos/uCOSIII/src/uCOS-III/Source/os_dbg.o
                0x00009e6a                OSDbg_SemPendAbortEn
 .rodata.OSDbg_SemSetEn
                0x00009e6b        0x1 ./source/rtos/uCOSIII/src/uCOS-III/Source/os_dbg.o
                0x00009e6b                OSDbg_SemSetEn
 .rodata.OSDbg_StkWidth
                0x00009e6c        0x1 ./source/rtos/uCOSIII/src/uCOS-III/Source/os_dbg.o
                0x00009e6c                OSDbg_StkWidth
 .rodata.OSDbg_StatTaskEn
                0x00009e6d        0x1 ./source/rtos/uCOSIII/src/uCOS-III/Source/os_dbg.o
                0x00009e6d                OSDbg_StatTaskEn
 .rodata.OSDbg_StatTaskStkChkEn
                0x00009e6e        0x1 ./source/rtos/uCOSIII/src/uCOS-III/Source/os_dbg.o
                0x00009e6e                OSDbg_StatTaskStkChkEn
 .rodata.OSDbg_TaskChangePrioEn
                0x00009e6f        0x1 ./source/rtos/uCOSIII/src/uCOS-III/Source/os_dbg.o
                0x00009e6f                OSDbg_TaskChangePrioEn
 .rodata.OSDbg_TaskDelEn
                0x00009e70        0x1 ./source/rtos/uCOSIII/src/uCOS-III/Source/os_dbg.o
                0x00009e70                OSDbg_TaskDelEn
 .rodata.OSDbg_TaskQEn
                0x00009e71        0x1 ./source/rtos/uCOSIII/src/uCOS-III/Source/os_dbg.o
                0x00009e71                OSDbg_TaskQEn
 .rodata.OSDbg_TaskQPendAbortEn
                0x00009e72        0x1 ./source/rtos/uCOSIII/src/uCOS-III/Source/os_dbg.o
                0x00009e72                OSDbg_TaskQPendAbortEn
 .rodata.OSDbg_TaskProfileEn
                0x00009e73        0x1 ./source/rtos/uCOSIII/src/uCOS-III/Source/os_dbg.o
                0x00009e73                OSDbg_TaskProfileEn
 .rodata.OSDbg_TaskSemPendAbortEn
                0x00009e74        0x1 ./source/rtos/uCOSIII/src/uCOS-III/Source/os_dbg.o
                0x00009e74                OSDbg_TaskSemPendAbortEn
 .rodata.OSDbg_TaskSuspendEn
                0x00009e75        0x1 ./source/rtos/uCOSIII/src/uCOS-III/Source/os_dbg.o
                0x00009e75                OSDbg_TaskSuspendEn
 .rodata.OSDbg_TimeDlyHMSMEn
                0x00009e76        0x1 ./source/rtos/uCOSIII/src/uCOS-III/Source/os_dbg.o
                0x00009e76                OSDbg_TimeDlyHMSMEn
 .rodata.OSDbg_TimeDlyResumeEn
                0x00009e77        0x1 ./source/rtos/uCOSIII/src/uCOS-III/Source/os_dbg.o
                0x00009e77                OSDbg_TimeDlyResumeEn
 .rodata.OSDbg_TmrEn
                0x00009e78        0x1 ./source/rtos/uCOSIII/src/uCOS-III/Source/os_dbg.o
                0x00009e78                OSDbg_TmrEn
 .rodata.OSDbg_TmrDelEn
                0x00009e79        0x1 ./source/rtos/uCOSIII/src/uCOS-III/Source/os_dbg.o
                0x00009e79                OSDbg_TmrDelEn
                0x00009ef0                        . = ALIGN (0x8)
 *fill*         0x00009e7a        0x6 ff

.glue_7         0x00009e80        0x0
 .glue_7        0x00009e80        0x0 linker stubs

.glue_7t        0x00009e80        0x0
 .glue_7t       0x00009e80        0x0 linker stubs

.vfp11_veneer   0x00009e80        0x0
 .vfp11_veneer  0x00009e80        0x0 linker stubs

.v4_bx          0x00009e80        0x0
 .v4_bx         0x00009e80        0x0 linker stubs

.iplt           0x00009e80        0x0
 .iplt          0x00009e80        0x0 ./source/rtos/uCOSIII/src/uCOS-III/Source/os_cfg_app.o

.rel.dyn        0x00009e80        0x0
 .rel.iplt      0x00009e80        0x0 ./source/rtos/uCOSIII/src/uCOS-III/Source/os_cfg_app.o

.ARM.extab
 *(SORT_BY_ALIGNMENT(.ARM.extab*) SORT_BY_ALIGNMENT(.gnu.linkonce.armextab.*))

.ARM.exidx      0x00009e80        0x0
                0x00009e80                        __exidx_start = .
 *(SORT_BY_ALIGNMENT(.ARM.exidx*) SORT_BY_ALIGNMENT(.gnu.linkonce.armexidx.*))
                0x00009e80                        __exidx_end = .
                0x00009e80                        _etext = .

.m_usb_data
 *(SORT_BY_ALIGNMENT(m_usb_bdt))

.data_RAM2      0x1fff0000        0x0 load address 0x00009e80
 FILL mask 0xff
                [!provide]                        PROVIDE (__start_data_RAM2 = .)
                [!provide]                        PROVIDE (__start_data_SRAM_LOWER = .)
 *(SORT_BY_ALIGNMENT(.ramfunc.$RAM2))
 *(SORT_BY_ALIGNMENT(.ramfunc.$SRAM_LOWER))
 *(SORT_BY_ALIGNMENT(.data.$RAM2))
 *(SORT_BY_ALIGNMENT(.data.$SRAM_LOWER))
 *(SORT_BY_ALIGNMENT(.data.$RAM2.*))
 *(SORT_BY_ALIGNMENT(.data.$SRAM_LOWER.*))
                0x1fff0000                        . = ALIGN (0x8)
                [!provide]                        PROVIDE (__end_data_RAM2 = .)
                [!provide]                        PROVIDE (__end_data_SRAM_LOWER = .)

.data_RAM3      0x14000000        0x0 load address 0x00009e80
 FILL mask 0xff
                [!provide]                        PROVIDE (__start_data_RAM3 = .)
                [!provide]                        PROVIDE (__start_data_FLEX_RAM = .)
 *(SORT_BY_ALIGNMENT(.ramfunc.$RAM3))
 *(SORT_BY_ALIGNMENT(.ramfunc.$FLEX_RAM))
 *(SORT_BY_ALIGNMENT(.data.$RAM3))
 *(SORT_BY_ALIGNMENT(.data.$FLEX_RAM))
 *(SORT_BY_ALIGNMENT(.data.$RAM3.*))
 *(SORT_BY_ALIGNMENT(.data.$FLEX_RAM.*))
                0x14000000                        . = ALIGN (0x8)
                [!provide]                        PROVIDE (__end_data_RAM3 = .)
                [!provide]                        PROVIDE (__end_data_FLEX_RAM = .)

.uninit_RESERVED
                0x20000000        0x0
                0x20000000                        _start_uninit_RESERVED = .
 *(SORT_BY_ALIGNMENT(.bss.$RESERVED*))
                0x20000000                        . = ALIGN (0x8)
                0x20000000                        _end_uninit_RESERVED = .

.data           0x20000000       0x20 load address 0x00009e80
 FILL mask 0xff
                0x20000000                        _data = .
                [!provide]                        PROVIDE (__start_data_RAM = .)
                [!provide]                        PROVIDE (__start_data_SRAM_UPPER = .)
 *(SORT_BY_ALIGNMENT(vtable))
 *(SORT_BY_ALIGNMENT(.ramfunc*))
 *(SORT_BY_ALIGNMENT(CodeQuickAccess))
 *(SORT_BY_ALIGNMENT(DataQuickAccess))
 *(SORT_BY_ALIGNMENT(RamFunction))
 *(SORT_BY_ALIGNMENT(.data*))
 .data.floor_colors
                0x20000000        0x3 ./source/drivers/building.o
 *fill*         0x20000003        0x1 ff
 .data.start_index
                0x20000004        0x3 ./source/drivers/building.o
 *fill*         0x20000007        0x1 ff
 .data.current_state
                0x20000008        0x4 ./source/main.o
 .data.next_state
                0x2000000c        0x4 ./source/main.o
 .data.SystemCoreClock
                0x20000010        0x4 ./SDK/CMSIS/system_MK64F12.o
                0x20000010                SystemCoreClock
 .data.OutA     0x20000014        0x1 ./source/drivers/encoder.o
 .data.OutA_prev
                0x20000015        0x1 ./source/drivers/encoder.o
 .data.OutB     0x20000016        0x1 ./source/drivers/encoder.o
 .data.OutB_prev
                0x20000017        0x1 ./source/drivers/encoder.o
 .data.sw       0x20000018        0x1 ./source/drivers/encoder.o
 .data.sw_prev  0x20000019        0x1 ./source/drivers/encoder.o
 .data.user_count
                0x2000001a        0x1 ./source/main.o
 .data.alert_bri
                0x2000001b        0x1 ./source/main.o
                0x20000020                        . = ALIGN (0x8)
 *fill*         0x2000001c        0x4 ff
                0x20000020                        _edata = .
                [!provide]                        PROVIDE (__end_data_RAM = .)
                [!provide]                        PROVIDE (__end_data_SRAM_UPPER = .)

.igot.plt       0x20000020        0x0 load address 0x00009ea0
 .igot.plt      0x20000020        0x0 ./source/rtos/uCOSIII/src/uCOS-III/Source/os_cfg_app.o

.bss_RAM2       0x1fff0000        0x0
                [!provide]                        PROVIDE (__start_bss_RAM2 = .)
                [!provide]                        PROVIDE (__start_bss_SRAM_LOWER = .)
 *(SORT_BY_ALIGNMENT(.bss.$RAM2))
 *(SORT_BY_ALIGNMENT(.bss.$SRAM_LOWER))
 *(SORT_BY_ALIGNMENT(.bss.$RAM2.*))
 *(SORT_BY_ALIGNMENT(.bss.$SRAM_LOWER.*))
                0x1fff0000                        . = ALIGN ((. != 0x0)?0x8:0x1)
                [!provide]                        PROVIDE (__end_bss_RAM2 = .)
                [!provide]                        PROVIDE (__end_bss_SRAM_LOWER = .)

.bss_RAM3       0x14000000        0x0
                [!provide]                        PROVIDE (__start_bss_RAM3 = .)
                [!provide]                        PROVIDE (__start_bss_FLEX_RAM = .)
 *(SORT_BY_ALIGNMENT(.bss.$RAM3))
 *(SORT_BY_ALIGNMENT(.bss.$FLEX_RAM))
 *(SORT_BY_ALIGNMENT(.bss.$RAM3.*))
 *(SORT_BY_ALIGNMENT(.bss.$FLEX_RAM.*))
                0x14000000                        . = ALIGN ((. != 0x0)?0x8:0x1)
                [!provide]                        PROVIDE (__end_bss_RAM3 = .)
                [!provide]                        PROVIDE (__end_bss_FLEX_RAM = .)

.bss            0x20000020     0x3780
                0x20000020                        _bss = .
                [!provide]                        PROVIDE (__start_bss_RAM = .)
                [!provide]                        PROVIDE (__start_bss_SRAM_UPPER = .)
 *(SORT_BY_ALIGNMENT(.bss*))
 .bss.OSCfg_IdleTaskStk
                0x20000020      0x200 ./source/rtos/uCOSIII/src/uCOS-III/Source/os_cfg_app.o
                0x20000020                OSCfg_IdleTaskStk
 .bss.OSCfg_ISRStk
                0x20000220      0x200 ./source/rtos/uCOSIII/src/uCOS-III/Source/os_cfg_app.o
                0x20000220                OSCfg_ISRStk
 .bss.OSCfg_MsgPool
                0x20000420      0x640 ./source/rtos/uCOSIII/src/uCOS-III/Source/os_cfg_app.o
                0x20000420                OSCfg_MsgPool
 .bss.OSCfg_StatTaskStk
                0x20000a60      0x200 ./source/rtos/uCOSIII/src/uCOS-III/Source/os_cfg_app.o
                0x20000a60                OSCfg_StatTaskStk
 .bss.OSCfg_TickTaskStk
                0x20000c60      0x200 ./source/rtos/uCOSIII/src/uCOS-III/Source/os_cfg_app.o
                0x20000c60                OSCfg_TickTaskStk
 .bss.OSCfg_TmrTaskStk
                0x20000e60      0x200 ./source/rtos/uCOSIII/src/uCOS-III/Source/os_cfg_app.o
                0x20000e60                OSCfg_TmrTaskStk
 .bss.OSPrioTbl
                0x20001060        0x4 ./source/rtos/uCOSIII/src/uCOS-III/Source/os_prio.o
                0x20001060                OSPrioTbl
 .bss.OS_AppTaskCreateHookPtr
                0x20001064        0x4 ./source/rtos/uCOSIII/src/uCOS-III/Source/os_var.o
                0x20001064                OS_AppTaskCreateHookPtr
 .bss.OS_AppTaskDelHookPtr
                0x20001068        0x4 ./source/rtos/uCOSIII/src/uCOS-III/Source/os_var.o
                0x20001068                OS_AppTaskDelHookPtr
 .bss.OS_AppTaskReturnHookPtr
                0x2000106c        0x4 ./source/rtos/uCOSIII/src/uCOS-III/Source/os_var.o
                0x2000106c                OS_AppTaskReturnHookPtr
 .bss.OS_AppIdleTaskHookPtr
                0x20001070        0x4 ./source/rtos/uCOSIII/src/uCOS-III/Source/os_var.o
                0x20001070                OS_AppIdleTaskHookPtr
 .bss.OS_AppStatTaskHookPtr
                0x20001074        0x4 ./source/rtos/uCOSIII/src/uCOS-III/Source/os_var.o
                0x20001074                OS_AppStatTaskHookPtr
 .bss.OS_AppTaskSwHookPtr
                0x20001078        0x4 ./source/rtos/uCOSIII/src/uCOS-III/Source/os_var.o
                0x20001078                OS_AppTaskSwHookPtr
 .bss.OS_AppTimeTickHookPtr
                0x2000107c        0x4 ./source/rtos/uCOSIII/src/uCOS-III/Source/os_var.o
                0x2000107c                OS_AppTimeTickHookPtr
 .bss.OSIdleTaskCtr
                0x20001080        0x4 ./source/rtos/uCOSIII/src/uCOS-III/Source/os_var.o
                0x20001080                OSIdleTaskCtr
 .bss.OSIdleTaskTCB
                0x20001084       0xc4 ./source/rtos/uCOSIII/src/uCOS-III/Source/os_var.o
                0x20001084                OSIdleTaskTCB
 .bss.OSFlagDbgListPtr
                0x20001148        0x4 ./source/rtos/uCOSIII/src/uCOS-III/Source/os_var.o
                0x20001148                OSFlagDbgListPtr
 .bss.OSMemDbgListPtr
                0x2000114c        0x4 ./source/rtos/uCOSIII/src/uCOS-III/Source/os_var.o
                0x2000114c                OSMemDbgListPtr
 .bss.OSMsgPool
                0x20001150        0xc ./source/rtos/uCOSIII/src/uCOS-III/Source/os_var.o
                0x20001150                OSMsgPool
 .bss.OSMutexDbgListPtr
                0x2000115c        0x4 ./source/rtos/uCOSIII/src/uCOS-III/Source/os_var.o
                0x2000115c                OSMutexDbgListPtr
 .bss.OSQDbgListPtr
                0x20001160        0x4 ./source/rtos/uCOSIII/src/uCOS-III/Source/os_var.o
                0x20001160                OSQDbgListPtr
 .bss.OSRdyList
                0x20001164      0x180 ./source/rtos/uCOSIII/src/uCOS-III/Source/os_var.o
                0x20001164                OSRdyList
 .bss.OSSchedRoundRobinDfltTimeQuanta
                0x200012e4        0x4 ./source/rtos/uCOSIII/src/uCOS-III/Source/os_var.o
                0x200012e4                OSSchedRoundRobinDfltTimeQuanta
 .bss.OSSemDbgListPtr
                0x200012e8        0x4 ./source/rtos/uCOSIII/src/uCOS-III/Source/os_var.o
                0x200012e8                OSSemDbgListPtr
 .bss.OSStatTaskCtr
                0x200012ec        0x4 ./source/rtos/uCOSIII/src/uCOS-III/Source/os_var.o
                0x200012ec                OSStatTaskCtr
 .bss.OSStatTaskCtrMax
                0x200012f0        0x4 ./source/rtos/uCOSIII/src/uCOS-III/Source/os_var.o
                0x200012f0                OSStatTaskCtrMax
 .bss.OSStatTaskCtrRun
                0x200012f4        0x4 ./source/rtos/uCOSIII/src/uCOS-III/Source/os_var.o
                0x200012f4                OSStatTaskCtrRun
 .bss.OSStatTaskTCB
                0x200012f8       0xc4 ./source/rtos/uCOSIII/src/uCOS-III/Source/os_var.o
                0x200012f8                OSStatTaskTCB
 .bss.OSStatTaskTimeMax
                0x200013bc        0x4 ./source/rtos/uCOSIII/src/uCOS-III/Source/os_var.o
                0x200013bc                OSStatTaskTimeMax
 .bss.OSTaskCtxSwCtr
                0x200013c0        0x4 ./source/rtos/uCOSIII/src/uCOS-III/Source/os_var.o
                0x200013c0                OSTaskCtxSwCtr
 .bss.OSTaskDbgListPtr
                0x200013c4        0x4 ./source/rtos/uCOSIII/src/uCOS-III/Source/os_var.o
                0x200013c4                OSTaskDbgListPtr
 .bss.OSTickCtr
                0x200013c8        0x4 ./source/rtos/uCOSIII/src/uCOS-III/Source/os_var.o
                0x200013c8                OSTickCtr
 .bss.OSTickTaskTCB
                0x200013cc       0xc4 ./source/rtos/uCOSIII/src/uCOS-III/Source/os_var.o
                0x200013cc                OSTickTaskTCB
 .bss.OSTickTaskTimeMax
                0x20001490        0x4 ./source/rtos/uCOSIII/src/uCOS-III/Source/os_var.o
                0x20001490                OSTickTaskTimeMax
 .bss.OSTickListDly
                0x20001494        0x8 ./source/rtos/uCOSIII/src/uCOS-III/Source/os_var.o
                0x20001494                OSTickListDly
 .bss.OSTickListTimeout
                0x2000149c        0x8 ./source/rtos/uCOSIII/src/uCOS-III/Source/os_var.o
                0x2000149c                OSTickListTimeout
 .bss.OSTmrDbgListPtr
                0x200014a4        0x4 ./source/rtos/uCOSIII/src/uCOS-III/Source/os_var.o
                0x200014a4                OSTmrDbgListPtr
 .bss.OSTmrListPtr
                0x200014a8        0x4 ./source/rtos/uCOSIII/src/uCOS-III/Source/os_var.o
                0x200014a8                OSTmrListPtr
 .bss.OSTmrMutex
                0x200014ac       0x30 ./source/rtos/uCOSIII/src/uCOS-III/Source/os_var.o
                0x200014ac                OSTmrMutex
 .bss.OSTmrTaskTCB
                0x200014dc       0xc4 ./source/rtos/uCOSIII/src/uCOS-III/Source/os_var.o
                0x200014dc                OSTmrTaskTCB
 .bss.OSTmrTaskTimeMax
                0x200015a0        0x4 ./source/rtos/uCOSIII/src/uCOS-III/Source/os_var.o
                0x200015a0                OSTmrTaskTimeMax
 .bss.OSTmrTickCtr
                0x200015a4        0x4 ./source/rtos/uCOSIII/src/uCOS-III/Source/os_var.o
                0x200015a4                OSTmrTickCtr
 .bss.OSTmrUpdateCnt
                0x200015a8        0x4 ./source/rtos/uCOSIII/src/uCOS-III/Source/os_var.o
                0x200015a8                OSTmrUpdateCnt
 .bss.OSTmrUpdateCtr
                0x200015ac        0x4 ./source/rtos/uCOSIII/src/uCOS-III/Source/os_var.o
                0x200015ac                OSTmrUpdateCtr
 .bss.OSTCBCurPtr
                0x200015b0        0x4 ./source/rtos/uCOSIII/src/uCOS-III/Source/os_var.o
                0x200015b0                OSTCBCurPtr
 .bss.OSTCBHighRdyPtr
                0x200015b4        0x4 ./source/rtos/uCOSIII/src/uCOS-III/Source/os_var.o
                0x200015b4                OSTCBHighRdyPtr
 .bss.OS_CPU_ExceptStkBase
                0x200015b8        0x4 ./source/rtos/uCOSIII/src/uCOS-III/Ports/ARM-Cortex-M4/Generic/GNU/os_cpu_c.o
                0x200015b8                OS_CPU_ExceptStkBase
 .bss.CPU_TS_TmrFreq_Hz
                0x200015bc        0x4 ./source/rtos/uCOSIII/src/uC-CPU/cpu_core.o
                0x200015bc                CPU_TS_TmrFreq_Hz
 .bss.semaforoLectora
                0x200015c0        0x4 ./source/drivers/CRead.o
                0x200015c0                semaforoLectora
 .bss.data      0x200015c4       0xc8 ./source/drivers/CRead.o
 .bss.track     0x2000168c       0x28 ./source/drivers/CRead.o
 .bss.ID        0x200016b4        0x8 ./source/drivers/CRead.o
 .bss.data_index
                0x200016bc        0x4 ./source/drivers/CRead.o
 .bss.callback  0x200016c0        0x4 ./source/drivers/PWM.o
 .bss.display_pins
                0x200016c4        0x7 ./source/drivers/display_7s.o
 *fill*         0x200016cb        0x1 
 .bss.display_select
                0x200016cc        0x2 ./source/drivers/display_7s.o
 *fill*         0x200016ce        0x2 
 .bss.message_array
                0x200016d0       0x28 ./source/drivers/display_7s.o
 .bss.pwm_counter
                0x200016f8        0x4 ./source/drivers/display_7s.o
                0x200016f8                pwm_counter
 .bss.pwm       0x200016fc        0x4 ./source/drivers/display_7s.o
                0x200016fc                pwm
 .bss.blink     0x20001700        0x4 ./source/drivers/display_7s.o
                0x20001700                blink
 .bss.spin      0x20001704        0x4 ./source/drivers/display_7s.o
                0x20001704                spin
 .bss.CALLBACKS
                0x20001708      0x280 ./source/drivers/gpio.o
 .bss.bits_dutys
                0x20001988      0xca0 ./source/drivers/matrix.o
                0x20001988                bits_dutys
 .bss.floor_users
                0x20002628        0x4 ./source/main.o
 .bss.active_tenants
                0x2000262c        0xd ./source/main.o
 *fill*         0x20002639        0x3 
 .bss.users     0x2000263c       0x68 ./source/main.o
 .bss.passwords
                0x200026a4       0x41 ./source/main.o
 *fill*         0x200026e5        0x3 
 .bss.queue     0x200026e8        0x6 ./source/main.o
 *fill*         0x200026ee        0x2 
 .bss.login_user
                0x200026f0        0x4 ./source/main.o
 .bss.current_ID
                0x200026f4        0x8 ./source/main.o
 .bss.login_ID  0x200026fc        0x8 ./source/main.o
 .bss.login_pass
                0x20002704        0x5 ./source/main.o
 *fill*         0x20002709        0x3 
 .bss.login_idx
                0x2000270c        0x4 ./source/main.o
 .bss.login_char
                0x20002710        0x4 ./source/main.o
 .bss.main_idx  0x20002714        0x4 ./source/main.o
 .bss.admin_idx
                0x20002718        0x4 ./source/main.o
 .bss.brightness
                0x2000271c        0x4 ./source/main.o
                0x2000271c                brightness
 .bss.msg_half  0x20002720        0x4 ./source/main.o
 .bss.msg_ID    0x20002724        0x8 ./source/main.o
 .bss.building  0x2000272c        0x3 ./source/main.o
 *fill*         0x2000272f        0x1 
 .bss.logged_users
                0x20002730        0x3 ./source/main.o
 *fill*         0x20002733        0x1 
 .bss.tenants   0x20002734        0xd ./source/main.o
 *fill*         0x20002741        0x3 
 .bss.adm_floor
                0x20002744        0x4 ./source/main.o
 .bss.alert_type
                0x20002748        0x3 ./source/main.o
 *fill*         0x2000274b        0x1 
 .bss.del_floor_cnt
                0x2000274c        0x4 ./source/main.o
 .bss.del_user_n
                0x20002750        0x4 ./source/main.o
 .bss.TaskStartTCB
                0x20002754       0xc4 ./source/main.o
 .bss.TaskStartStk
                0x20002818      0x800 ./source/main.o
 .bss.TaskMatrixTCB
                0x20003018       0xc4 ./source/main.o
 .bss.TaskMatrixStk
                0x200030dc      0x400 ./source/main.o
 .bss.semEncoder
                0x200034dc       0x28 ./source/main.o
 .bss.semLectora
                0x20003504       0x28 ./source/main.o
 .bss.pend_data_tbl
                0x2000352c       0x40 ./source/main.o
                0x2000352c                pend_data_tbl
 .bss.timerOuts_Encoder
                0x2000356c       0x30 ./source/main.o
                0x2000356c                timerOuts_Encoder
 .bss.timerSW_Encoder
                0x2000359c       0x30 ./source/main.o
                0x2000359c                timerSW_Encoder
 .bss.timerDisplay
                0x200035cc       0x30 ./source/main.o
                0x200035cc                timerDisplay
 .bss.timerDisplayMSG
                0x200035fc       0x30 ./source/main.o
                0x200035fc                timerDisplayMSG
 .bss.timerDouble